08-08 17:23:28.779 D/WifiService(  745): onReceive, action:android.intent.action.BATTERY_CHANGED
08-08 17:23:28.779 D/WifiController(  745): DeviceActiveState{ when=0 what=155652 arg1=2 target=com.android.internal.util.StateMachine$SmHandler }
08-08 17:23:28.779 D/WifiController(  745): StaEnabledState{ when=0 what=155652 arg1=2 target=com.android.internal.util.StateMachine$SmHandler }
08-08 17:23:28.779 D/WifiController(  745): DefaultState{ when=0 what=155652 arg1=2 target=com.android.internal.util.StateMachine$SmHandler }
08-08 17:23:28.779 D/WifiController(  745): battery changed pluggedType: 2
08-08 17:23:29.510 V/ActivityManager(  745): Broadcast sticky: Intent { act=android.net.wifi.RSSI_CHANGED flg=0x4000010 (has extras) } ordered=false userid=-1 callerApp=ProcessRecord{2a5e56e 745:system/1000}
08-08 17:23:29.628 W/ProcessCpuTracker(  745): Skipping unknown process pid 10469
08-08 17:23:30.037 W/Watchdog(  745): SWT Watchdog after wait current time:360436469
08-08 17:23:30.037 W/Watchdog(  745): **Get SF Time **1
08-08 17:23:30.037 W/Watchdog(  745): SWT Watchdog before synchronized:360436469
08-08 17:23:30.037 W/Watchdog(  745): SWT Watchdog after synchronized:360436469
08-08 17:23:30.037 W/Watchdog(  745): SWT Watchdog before wait timeout:30000
08-08 17:23:30.038 W/Watchdog(  745): SWT Watchdog before wait current time:360436469
08-08 17:23:30.038 W/Watchdog(  745): SWT Watchdog before wait start:360436469
08-08 17:23:30.038 W/Watchdog(  745): SWT Watchdog before wait CHECK_INTERVAL:30000
08-08 17:23:32.539 V/ActivityManager(  745): Broadcast sticky: Intent { act=android.net.wifi.RSSI_CHANGED flg=0x4000010 (has extras) } ordered=false userid=-1 callerApp=ProcessRecord{2a5e56e 745:system/1000}
08-08 17:23:33.070 V/ActivityManager(  745): Broadcast sticky: Intent { act=android.intent.action.SIG_STR flg=0x20000010 (has extras) } ordered=false userid=-1 callerApp=ProcessRecord{2a5e56e 745:system/1000}
08-08 17:23:33.158 I/thermal_repeater(  302): oh, queryMdThermalInfo (0)Bad file number
08-08 17:23:33.173 I/thermal_repeater(  302): [recvMdThermalInfo] ret=27, strLen=127,  3, 44, -127, -1, 32767, 17
08-08 17:23:34.800 W/ActivityManager(  745): getRunningAppProcesses: caller 10175 does not hold REAL_GET_TASKS; limiting output
08-08 17:23:35.558 V/ActivityManager(  745): Broadcast sticky: Intent { act=android.net.wifi.RSSI_CHANGED flg=0x4000010 (has extras) } ordered=false userid=-1 callerApp=ProcessRecord{2a5e56e 745:system/1000}
08-08 17:23:38.178 I/thermal_repeater(  302): oh, queryMdThermalInfo (0)Bad file number
08-08 17:23:38.193 I/thermal_repeater(  302): [recvMdThermalInfo] ret=27, strLen=127,  3, 44, -127, -1, 32767, 17
08-08 17:23:38.582 V/ActivityManager(  745): Broadcast sticky: Intent { act=android.net.wifi.RSSI_CHANGED flg=0x4000010 (has extras) } ordered=false userid=-1 callerApp=ProcessRecord{2a5e56e 745:system/1000}
08-08 17:23:41.597 V/ActivityManager(  745): Broadcast sticky: Intent { act=android.net.wifi.RSSI_CHANGED flg=0x4000010 (has extras) } ordered=false userid=-1 callerApp=ProcessRecord{2a5e56e 745:system/1000}
08-08 17:23:43.198 I/thermal_repeater(  302): oh, queryMdThermalInfo (0)Bad file number
08-08 17:23:43.221 I/thermal_repeater(  302): [recvMdThermalInfo] ret=27, strLen=127,  3, 44, -127, -1, 32767, 17
08-08 17:23:44.635 V/ActivityManager(  745): Broadcast sticky: Intent { act=android.net.wifi.RSSI_CHANGED flg=0x4000010 (has extras) } ordered=false userid=-1 callerApp=ProcessRecord{2a5e56e 745:system/1000}
08-08 17:23:46.422 D/SocketClient(  272): SocketClient sendData done: 601 limit alert globalAlert wlan0
08-08 17:23:46.423 D/NetworkManagementService(  745): onEvent:601 limit alert globalAlert wlan0:5
08-08 17:23:46.424 D/PowerManagerService(  745): MTK-----android
08-08 17:23:46.424 D/PowerManagerService(  745): MTK-----WindowManager
08-08 17:23:46.424 D/PowerManagerService(  745): MTK-----media
08-08 17:23:46.424 D/PowerManagerService(  745): MTK-----AudioMix
08-08 17:23:46.424 D/PowerManagerService(  745): MTK-----android
08-08 17:23:46.424 D/PowerManagerService(  745): MTK-----NetworkStats
08-08 17:23:46.424 D/PowerManagerService(  745): wakelock list dump: mLocks.size=3:
08-08 17:23:46.424 D/PowerManagerService(  745): No.0: SCREEN_BRIGHT_WAKE_LOCK 'WindowManager'activated(flags=536870922, uid=1000, pid=745) total=38113ms)
08-08 17:23:46.424 D/PowerManagerService(  745): No.1: PARTIAL_WAKE_LOCK 'AudioMix'activated(flags=1, uid=1013, pid=280) total=36973ms)
08-08 17:23:46.424 D/PowerManagerService(  745): No.2: PARTIAL_WAKE_LOCK 'NetworkStats'activated(flags=1, uid=1000, pid=745) total=0ms)
08-08 17:23:46.424 D/WifiDisplayAdapter(  745): getWifiDisplayStatusLocked: result=WifiDisplayStatus{featureState=2, scanState=0, activeDisplayState=0, activeDisplay=null, displays=[], sessionInfo=WifiDisplaySessionInfo: C/O:Client,GId:,Pp:,SId:0,IP:}
08-08 17:23:46.424 D/PowerManagerService(  745): isWfdEnabled() mWfdStatus=WifiDisplayStatus{featureState=2, scanState=0, activeDisplayState=0, activeDisplay=null, displays=[], sessionInfo=WifiDisplaySessionInfo: C/O:Client,GId:,Pp:,SId:0,IP:}, return false
08-08 17:23:46.424 D/DisplayPowerController(  745): requestPowerState: policy=BRIGHT, useProximitySensor=false, screenBrightness=106, screenAutoBrightnessAdjustment=0.0, useAutoBrightness=false, blockScreenOn=false, lowPowerMode=false, dozeScreenBrightness=-1, dozeScreenState=UNKNOWN, waitForNegativeProximity=false
08-08 17:23:46.424 D/PowerManagerNotifier(  745): onWakeLockAcquired: flags=1, tag="NetworkStats", packageName=android, ownerUid=1000, ownerPid=745, workSource=null
08-08 17:23:46.425 V/NetworkStats(  745): performPollLocked(flags=0x1)
08-08 17:23:46.427 D/NetdConnector(  745): SND -> {6996 bandwidth gettetherstats}
08-08 17:23:46.427 D/FrameworkListener(  272): dispatchCommand data = (6996 bandwidth gettetherstats)
08-08 17:23:46.427 D/SocketClient(  272): SocketClient sendData done: 200 6996 Tethering stats list completed
08-08 17:23:46.427 D/NetdConnector(  745): RMV <- {200 6996 Tethering stats list completed}
08-08 17:23:46.430 W/NetworkStatsRecorder(  745): unknown interfaces [usbnet0, lo, p2p0], ignoring those stats
08-08 17:23:46.430 W/NetworkStatsRecorder(  745): unknown interfaces [usbnet0, lo, p2p0], ignoring those stats
08-08 17:23:46.430 W/NetworkStatsRecorder(  745): unknown interfaces [lo, p2p0], ignoring those stats
08-08 17:23:46.431 W/NetworkStatsRecorder(  745): unknown interfaces [lo, p2p0], ignoring those stats
08-08 17:23:46.431 D/NetworkStatsRecorder(  745): forcePersistLocked() writing for dev
08-08 17:23:46.442 D/NetworkStatsRecorder(  745): forcePersistLocked() writing for xt
08-08 17:23:46.465 V/NetworkStats(  745): performPollLocked() took 41ms
08-08 17:23:46.468 V/ActivityManager(  745): Broadcast: Intent { act=com.android.server.action.NETWORK_STATS_UPDATED flg=0x40000010 } ordered=false userid=-1 callerApp=ProcessRecord{2a5e56e 745:system/1000}
08-08 17:23:46.468 D/PowerManagerNotifier(  745): onWakeLockReleased: flags=1, tag="NetworkStats", packageName=android, ownerUid=1000, ownerPid=745, workSource=null
08-08 17:23:46.468 D/PowerManagerService(  745): MTK-----android
08-08 17:23:46.468 D/PowerManagerService(  745): MTK-----WindowManager
08-08 17:23:46.468 D/PowerManagerService(  745): MTK-----media
08-08 17:23:46.468 D/PowerManagerService(  745): MTK-----AudioMix
08-08 17:23:46.469 D/PowerManagerService(  745): wakelock list dump: mLocks.size=2:
08-08 17:23:46.469 D/PowerManagerService(  745): No.0: SCREEN_BRIGHT_WAKE_LOCK 'WindowManager'activated(flags=536870922, uid=1000, pid=745) total=38158ms)
08-08 17:23:46.469 D/PowerManagerService(  745): No.1: PARTIAL_WAKE_LOCK 'AudioMix'activated(flags=1, uid=1013, pid=280) total=37018ms)
08-08 17:23:46.469 V/NetworkPolicy(  745): updateNetworkEnabledLocked()
08-08 17:23:46.469 D/WifiDisplayAdapter(  745): getWifiDisplayStatusLocked: result=WifiDisplayStatus{featureState=2, scanState=0, activeDisplayState=0, activeDisplay=null, displays=[], sessionInfo=WifiDisplaySessionInfo: C/O:Client,GId:,Pp:,SId:0,IP:}
08-08 17:23:46.469 D/PowerManagerService(  745): isWfdEnabled() mWfdStatus=WifiDisplayStatus{featureState=2, scanState=0, activeDisplayState=0, activeDisplay=null, displays=[], sessionInfo=WifiDisplaySessionInfo: C/O:Client,GId:,Pp:,SId:0,IP:}, return false
08-08 17:23:46.469 D/DisplayPowerController(  745): requestPowerState: policy=BRIGHT, useProximitySensor=false, screenBrightness=106, screenAutoBrightnessAdjustment=0.0, useAutoBrightness=false, blockScreenOn=false, lowPowerMode=false, dozeScreenBrightness=-1, dozeScreenState=UNKNOWN, waitForNegativeProximity=false
08-08 17:23:46.469 D/NetdConnector(  745): SND -> {6997 bandwidth setglobalalert 2097152}
08-08 17:23:46.470 D/FrameworkListener(  272): dispatchCommand data = (6997 bandwidth setglobalalert 2097152)
08-08 17:23:46.470 D/SocketClient(  272): SocketClient sendData done: 200 6997 Bandwidth command succeeeded
08-08 17:23:46.470 D/NetdConnector(  745): RMV <- {200 6997 Bandwidth command succeeeded}
08-08 17:23:46.471 V/NetworkPolicy(  745):  checking policy:NetworkPolicy[NetworkTemplate: matchRule=WIFI_WILDCARD]: cycleDay=-1, cycleTimezone=UTC, warningBytes=-1, limitBytes=9223372036854775807, lastWarningSnooze=-1, lastLimitSnooze=-1, metered=false, inferred=false
08-08 17:23:46.471 W/ContextImpl( 1126): Calling a method in the system process without a qualified user: android.app.ContextImpl.sendBroadcast:1442 android.content.ContextWrapper.sendBroadcast:376 com.miui.networkassistant.service.tm.TrafficManageService.broadCastDataUsageUpdated:-1 com.miui.networkassistant.service.tm.TrafficManageService$8.onReceive:-1 android.app.LoadedApk$ReceiverDispatcher$Args.run:914 
08-08 17:23:46.472 V/NetworkPolicy(  745):  checking policy:NetworkPolicy[NetworkTemplate: matchRule=MOBILE_ALL]: cycleDay=20, cycleTimezone=Asia/Shanghai, warningBytes=10485760, limitBytes=-1, lastWarningSnooze=-1, lastLimitSnooze=-1, metered=true, inferred=true
08-08 17:23:46.473 V/ActivityManager(  745): Broadcast: Intent { act=com.android.action.NETWORK_POLICY_UPDATE flg=0x10 } ordered=false userid=0 callerApp=ProcessRecord{3ac22483 1126:com.miui.networkassistant.deamon/1000}
08-08 17:23:46.478 D/ActivityThread(  978): BDC-Calling onReceive: intent=Intent { act=com.android.action.NETWORK_POLICY_UPDATE flg=0x10 cmp=com.android.providers.downloads/.receiver.DataUsageRecevier }, receiver=com.android.providers.downloads.receiver.DataUsageRecevier@3fe8a334
08-08 17:23:46.479 V/NetworkPolicy(  745):  checking policy:NetworkPolicy[NetworkTemplate: matchRule=MOBILE_ALL, subscriberId=460011...]: cycleDay=1, cycleTimezone=Asia/Shanghai, warningBytes=10485760, limitBytes=-1, lastWarningSnooze=-1, lastLimitSnooze=-1, metered=true, inferred=true
08-08 17:23:46.483 V/NetworkPolicy(  745): setPolicyDataEnableForSubscriber:subId(1),true
08-08 17:23:46.486 V/NetworkPolicy(  745): updateNotificationsLocked()
08-08 17:23:46.491 D/ActivityThread(  978): BDC-RECEIVER handled : 0 / ReceiverData{intent=Intent { act=com.android.action.NETWORK_POLICY_UPDATE flg=0x10 cmp=com.android.providers.downloads/.receiver.DataUsageRecevier } packageName=com.android.providers.downloads resultCode=-1 resultData=null resultExtras=null}
08-08 17:23:47.691 V/ActivityManager(  745): Broadcast sticky: Intent { act=android.net.wifi.RSSI_CHANGED flg=0x4000010 (has extras) } ordered=false userid=-1 callerApp=ProcessRecord{2a5e56e 745:system/1000}
08-08 17:23:48.223 I/thermal_repeater(  302): oh, queryMdThermalInfo (0)Bad file number
08-08 17:23:48.236 I/thermal_repeater(  302): [recvMdThermalInfo] ret=27, strLen=127,  3, 44, -127, -1, 32767, 17
08-08 17:23:48.388 V/ActivityManager(  745): Broadcast sticky: Intent { act=android.intent.action.SIG_STR flg=0x20000010 (has extras) } ordered=false userid=-1 callerApp=ProcessRecord{2a5e56e 745:system/1000}
08-08 17:23:48.722 V/ActivityManager(  745): Broadcast sticky: Intent { act=android.intent.action.BATTERY_CHANGED flg=0x60000010 (has extras) } ordered=false userid=-1 callerApp=null
08-08 17:23:48.723 D/UsbDeviceManager(  745): onReceive - BATTERY_CHANGED - mPlugType: 2, mSettingUsbCharging: false, mConnected: true, mSettingUsbBicr: false
08-08 17:23:48.724 D/WifiService(  745): onReceive, action:android.intent.action.BATTERY_CHANGED
08-08 17:23:48.724 D/WifiController(  745): DeviceActiveState{ when=0 what=155652 arg1=2 target=com.android.internal.util.StateMachine$SmHandler }
08-08 17:23:48.724 D/WifiController(  745): StaEnabledState{ when=0 what=155652 arg1=2 target=com.android.internal.util.StateMachine$SmHandler }
08-08 17:23:48.724 D/WifiController(  745): DefaultState{ when=0 what=155652 arg1=2 target=com.android.internal.util.StateMachine$SmHandler }
08-08 17:23:48.724 D/WifiController(  745): battery changed pluggedType: 2
08-08 17:23:50.697 V/ActivityManager(  745): Broadcast sticky: Intent { act=android.net.wifi.RSSI_CHANGED flg=0x4000010 (has extras) } ordered=false userid=-1 callerApp=ProcessRecord{2a5e56e 745:system/1000}
08-08 17:23:53.242 I/thermal_repeater(  302): oh, queryMdThermalInfo (0)Bad file number
08-08 17:23:53.284 I/thermal_repeater(  302): [recvMdThermalInfo] ret=27, strLen=127,  3, 44, -127, -1, 32767, 17
08-08 17:23:53.711 V/ActivityManager(  745): Broadcast sticky: Intent { act=android.net.wifi.RSSI_CHANGED flg=0x4000010 (has extras) } ordered=false userid=-1 callerApp=ProcessRecord{2a5e56e 745:system/1000}
08-08 17:23:54.741 I/ANRManager(  745): updateProcessStats
08-08 17:23:55.347 D/AlarmManager(  745): set alarm to RTC 539580663
08-08 17:23:55.347 D/AlarmManager(  745): set alarm to RTC 539566114
08-08 17:23:55.347 V/AlarmManager(  745): isAlarmNeedAlign : screen on, Skip
08-08 17:23:55.347 D/AlarmManager(  745): wakeup alarm = Alarm{3a23d3ea type 0 when 1470648174820 com.tencent.mm}; package = com.tencent.mm
08-08 17:23:55.348 V/ActivityManager(  745): Broadcast: Intent { flg=0x114 cmp=com.tencent.mm/.booter.MMReceivers$AlarmReceiver (has extras) } ordered=true userid=0 callerApp=null
08-08 17:23:55.350 D/PowerManagerService(  745): MTK-----android
08-08 17:23:55.350 D/PowerManagerService(  745): MTK-----WindowManager
08-08 17:23:55.350 D/PowerManagerService(  745): MTK-----media
08-08 17:23:55.350 D/PowerManagerService(  745): MTK-----AudioMix
08-08 17:23:55.350 D/PowerManagerService(  745): MTK-----android
08-08 17:23:55.350 D/PowerManagerService(  745): MTK-----*alarm*
08-08 17:23:55.350 D/PowerManagerService(  745): wakelock list dump: mLocks.size=3:
08-08 17:23:55.350 D/PowerManagerService(  745): No.0: SCREEN_BRIGHT_WAKE_LOCK 'WindowManager'activated(flags=536870922, uid=1000, pid=745) total=47039ms)
08-08 17:23:55.350 D/PowerManagerService(  745): No.1: PARTIAL_WAKE_LOCK 'AudioMix'activated(flags=1, uid=1013, pid=280) total=45899ms)
08-08 17:23:55.350 D/PowerManagerService(  745): No.2: PARTIAL_WAKE_LOCK '*alarm*'activated(flags=1, uid=1000, pid=745) total=0ms)
08-08 17:23:55.351 D/WifiDisplayAdapter(  745): getWifiDisplayStatusLocked: result=WifiDisplayStatus{featureState=2, scanState=0, activeDisplayState=0, activeDisplay=null, displays=[], sessionInfo=WifiDisplaySessionInfo: C/O:Client,GId:,Pp:,SId:0,IP:}
08-08 17:23:55.351 D/PowerManagerService(  745): isWfdEnabled() mWfdStatus=WifiDisplayStatus{featureState=2, scanState=0, activeDisplayState=0, activeDisplay=null, displays=[], sessionInfo=WifiDisplaySessionInfo: C/O:Client,GId:,Pp:,SId:0,IP:}, return false
08-08 17:23:55.352 D/DisplayPowerController(  745): requestPowerState: policy=BRIGHT, useProximitySensor=false, screenBrightness=106, screenAutoBrightnessAdjustment=0.0, useAutoBrightness=false, blockScreenOn=false, lowPowerMode=false, dozeScreenBrightness=-1, dozeScreenState=UNKNOWN, waitForNegativeProximity=false
08-08 17:23:55.352 D/PowerManagerNotifier(  745): onWakeLockAcquired: flags=1, tag="*alarm*", packageName=android, ownerUid=1000, ownerPid=745, workSource=WorkSource{10189}
08-08 17:23:55.353 V/ActivityManager(  745): Broadcast: Intent { act=com.tencent.mm.TrafficStatsReceiver flg=0x114 (has extras) } ordered=true userid=0 callerApp=null
08-08 17:23:55.353 D/AlarmManager(  745): wakeup alarm = Alarm{3cceb6db type 0 when 1470648235347 com.fw.upgrade.sysoper}; package = com.fw.upgrade.sysoper
08-08 17:23:55.368 I/ActivityManager(  745): [Background Service Priority Adjustment] Set callerFg as false for service.getFlags():260
08-08 17:23:55.369 D/AlarmManager(  745): onSendFinished begin
08-08 17:23:55.414 D/ActivityThread(10553): BDC-Calling onReceive: intent=Intent { flg=0x114 cmp=com.tencent.mm/.booter.MMReceivers$AlarmReceiver (has extras) }, receiver=com.tencent.mm.booter.MMReceivers$AlarmReceiver@26fff9a8
08-08 17:23:55.418 D/ActivityThread( 1979): SVC-SERVICE_ARGS handled : 0 / ServiceArgsData{token=android.os.BinderProxy@1849403e startId=1807 args=Intent { act=miui.intent.action.powerkeeper_alarm flg=0x104 cmp=com.miui.powerkeeper/.PowerKeeperBackgroundService (has extras) }}
08-08 17:23:55.430 D/ActivityThread(10553): BDC-RECEIVER handled : 0 / ReceiverData{intent=Intent { flg=0x114 cmp=com.tencent.mm/.booter.MMReceivers$AlarmReceiver (has extras) } packageName=com.tencent.mm resultCode=0 resultData=null resultExtras=null}
08-08 17:23:55.431 D/AlarmManager(  745): onSendFinished begin
08-08 17:23:55.433 D/ActivityThread(10553): SVC-SERVICE_ARGS handled : 0 / ServiceArgsData{token=android.os.BinderProxy@8b657d9 startId=635 args=Intent { flg=0x10000000 cmp=com.tencent.mm/.booter.CoreService (has extras) }}
08-08 17:23:55.546 D/ActivityThread(10553): BDC-Calling finishReceiver: IIntentReceiver=22e8b6b9
08-08 17:23:55.547 D/AlarmManager(  745): onSendFinished begin
08-08 17:23:55.547 D/PowerManagerNotifier(  745): onWakeLockReleased: flags=1, tag="*alarm*", packageName=android, ownerUid=1000, ownerPid=745, workSource=WorkSource{10189}
08-08 17:23:55.547 D/PowerManagerService(  745): MTK-----android
08-08 17:23:55.547 D/PowerManagerService(  745): MTK-----WindowManager
08-08 17:23:55.547 D/PowerManagerService(  745): MTK-----media
08-08 17:23:55.547 D/PowerManagerService(  745): MTK-----AudioMix
08-08 17:23:55.547 D/PowerManagerService(  745): wakelock list dump: mLocks.size=2:
08-08 17:23:55.547 D/PowerManagerService(  745): No.0: SCREEN_BRIGHT_WAKE_LOCK 'WindowManager'activated(flags=536870922, uid=1000, pid=745) total=47236ms)
08-08 17:23:55.547 D/PowerManagerService(  745): No.1: PARTIAL_WAKE_LOCK 'AudioMix'activated(flags=1, uid=1013, pid=280) total=46096ms)
08-08 17:23:55.547 D/WifiDisplayAdapter(  745): getWifiDisplayStatusLocked: result=WifiDisplayStatus{featureState=2, scanState=0, activeDisplayState=0, activeDisplay=null, displays=[], sessionInfo=WifiDisplaySessionInfo: C/O:Client,GId:,Pp:,SId:0,IP:}
08-08 17:23:55.547 D/PowerManagerService(  745): isWfdEnabled() mWfdStatus=WifiDisplayStatus{featureState=2, scanState=0, activeDisplayState=0, activeDisplay=null, displays=[], sessionInfo=WifiDisplaySessionInfo: C/O:Client,GId:,Pp:,SId:0,IP:}, return false
08-08 17:23:55.547 D/DisplayPowerController(  745): requestPowerState: policy=BRIGHT, useProximitySensor=false, screenBrightness=106, screenAutoBrightnessAdjustment=0.0, useAutoBrightness=false, blockScreenOn=false, lowPowerMode=false, dozeScreenBrightness=-1, dozeScreenState=UNKNOWN, waitForNegativeProximity=false
08-08 17:23:56.730 V/ActivityManager(  745): Broadcast sticky: Intent { act=android.net.wifi.RSSI_CHANGED flg=0x4000010 (has extras) } ordered=false userid=-1 callerApp=ProcessRecord{2a5e56e 745:system/1000}
08-08 17:23:58.288 I/thermal_repeater(  302): oh, queryMdThermalInfo (0)Bad file number
08-08 17:23:58.309 I/thermal_repeater(  302): [recvMdThermalInfo] ret=27, strLen=127,  3, 44, -127, -1, 32767, 17
08-08 17:23:58.640 V/ActivityManager(  745): Broadcast sticky: Intent { act=android.intent.action.SIG_STR flg=0x20000010 (has extras) } ordered=false userid=-1 callerApp=ProcessRecord{2a5e56e 745:system/1000}
08-08 17:23:58.647 D/ActivityManager(  745): SVC-mBroadcastQueues: com.android.server.am.BroadcastQueue@2c41a360
08-08 17:23:58.647 D/ActivityManager(  745): SVC-mBroadcastQueues: com.android.server.am.BroadcastQueue@13fa0019
08-08 17:23:58.705 V/ActivityManager(  745): Broadcast sticky: Intent { act=android.intent.action.BATTERY_CHANGED flg=0x60000010 (has extras) } ordered=false userid=-1 callerApp=null
08-08 17:23:58.709 D/UsbDeviceManager(  745): onReceive - BATTERY_CHANGED - mPlugType: 2, mSettingUsbCharging: false, mConnected: true, mSettingUsbBicr: false
08-08 17:23:58.709 D/WifiService(  745): onReceive, action:android.intent.action.BATTERY_CHANGED
08-08 17:23:58.710 D/WifiController(  745): DeviceActiveState{ when=-1ms what=155652 arg1=2 target=com.android.internal.util.StateMachine$SmHandler }
08-08 17:23:58.710 D/WifiController(  745): StaEnabledState{ when=-1ms what=155652 arg1=2 target=com.android.internal.util.StateMachine$SmHandler }
08-08 17:23:58.710 D/WifiController(  745): DefaultState{ when=-1ms what=155652 arg1=2 target=com.android.internal.util.StateMachine$SmHandler }
08-08 17:23:58.710 D/WifiController(  745): battery changed pluggedType: 2
08-08 17:23:58.726 V/ActivityManager(  745): Broadcast: Intent { act=android.intent.action.DROPBOX_ENTRY_ADDED flg=0x10 (has extras) } ordered=false userid=0 callerApp=ProcessRecord{2a5e56e 745:system/1000}
08-08 17:23:58.942 D/FrameworkListener(  272): dispatchCommand data = (getaddrinfo fcanr.tracking.miui.com ^ 1024 0 1 0 0)
08-08 17:23:58.969 D/DisplayManagerService(  745): Display listener for pid 6217 died.
08-08 17:23:58.983 I/ActivityManager(  745): Process com.wali.live:leakcanary (pid 6217) has died
08-08 17:23:58.983 D/WifiService(  745): Client connection lost with reason: 4
08-08 17:23:58.983 D/ActivityManager(  745): SVC-handleAppDiedLocked: app = ProcessRecord{b3ad451 6217:com.wali.live:leakcanary/u0a242}, app.pid = 6217
08-08 17:23:58.984 V/ActivityManager(  745): cleanUpApplicationRecordLocked:restart=false
08-08 17:23:58.984 D/ActivityManager(  745): SVC-mBroadcastQueues: com.android.server.am.BroadcastQueue@2c41a360
08-08 17:23:58.984 D/ActivityManager(  745): SVC-mBroadcastQueues: com.android.server.am.BroadcastQueue@13fa0019
08-08 17:23:59.049 D/SocketClient(  272): SocketClient sendData done: 222
08-08 17:23:59.049 D/SocketClient(  272): SocketClient sendData done: 
08-08 17:23:59.049 D/SocketClient(  272): SocketClient sendData done: 
08-08 17:23:59.049 D/SocketClient(  272): SocketClient sendData done: 
08-08 17:23:59.049 D/SocketClient(  272): SocketClient sendData done: 
08-08 17:23:59.049 D/SocketClient(  272): SocketClient sendData done: 
08-08 17:23:59.049 D/SocketClient(  272): SocketClient sendData done: 
08-08 17:23:59.049 D/SocketClient(  272): SocketClient sendData done: 
08-08 17:23:59.049 D/SocketClient(  272): SocketClient sendData done: 
08-08 17:23:59.049 D/SocketClient(  272): SocketClient sendData done: 
08-08 17:23:59.049 D/SocketClient(  272): SocketClient sendData done: 
08-08 17:23:59.049 D/SocketClient(  272): SocketClient sendData done: 
08-08 17:23:59.092 D/SocketClient(  272): SocketClient sendData done: 
08-08 17:23:59.196 W/ContextImpl(  745): Calling a method in the system process without a qualified user: android.app.ContextImpl.bindService:1871 android.content.ContextWrapper.bindService:538 miui.os.DropBoxManager.cp:361 miui.os.DropBoxManager.a:350 miui.os.DropBoxManager.addText:314 
08-08 17:23:59.740 V/ActivityManager(  745): Broadcast sticky: Intent { act=android.net.wifi.RSSI_CHANGED flg=0x4000010 (has extras) } ordered=false userid=-1 callerApp=ProcessRecord{2a5e56e 745:system/1000}
08-08 17:24:00.000 V/ActivityManager(  745): Broadcast: Intent { act=android.intent.action.TIME_TICK flg=0x50000114 (has extras) } ordered=true userid=-1 callerApp=null
08-08 17:24:00.001 W/AlarmManager(  745): operation package = android CTS_Alarm = false
08-08 17:24:00.001 D/PowerManagerService(  745): MTK-----android
08-08 17:24:00.001 D/PowerManagerService(  745): MTK-----WindowManager
08-08 17:24:00.001 D/PowerManagerService(  745): MTK-----media
08-08 17:24:00.001 D/PowerManagerService(  745): MTK-----AudioMix
08-08 17:24:00.001 D/PowerManagerService(  745): MTK-----android
08-08 17:24:00.001 D/PowerManagerService(  745): MTK-----*alarm*
08-08 17:24:00.001 D/PowerManagerService(  745): wakelock list dump: mLocks.size=3:
08-08 17:24:00.001 D/PowerManagerService(  745): No.0: SCREEN_BRIGHT_WAKE_LOCK 'WindowManager'activated(flags=536870922, uid=1000, pid=745) total=51690ms)
08-08 17:24:00.001 D/PowerManagerService(  745): No.1: PARTIAL_WAKE_LOCK 'AudioMix'activated(flags=1, uid=1013, pid=280) total=50550ms)
08-08 17:24:00.001 D/PowerManagerService(  745): No.2: PARTIAL_WAKE_LOCK '*alarm*'activated(flags=1073741825, uid=1000, pid=745) total=0ms)
08-08 17:24:00.002 D/WifiDisplayAdapter(  745): getWifiDisplayStatusLocked: result=WifiDisplayStatus{featureState=2, scanState=0, activeDisplayState=0, activeDisplay=null, displays=[], sessionInfo=WifiDisplaySessionInfo: C/O:Client,GId:,Pp:,SId:0,IP:}
08-08 17:24:00.002 D/PowerManagerService(  745): isWfdEnabled() mWfdStatus=WifiDisplayStatus{featureState=2, scanState=0, activeDisplayState=0, activeDisplay=null, displays=[], sessionInfo=WifiDisplaySessionInfo: C/O:Client,GId:,Pp:,SId:0,IP:}, return false
08-08 17:24:00.002 D/DisplayPowerController(  745): requestPowerState: policy=BRIGHT, useProximitySensor=false, screenBrightness=106, screenAutoBrightnessAdjustment=0.0, useAutoBrightness=false, blockScreenOn=false, lowPowerMode=false, dozeScreenBrightness=-1, dozeScreenState=UNKNOWN, waitForNegativeProximity=false
08-08 17:24:00.002 D/PowerManagerNotifier(  745): onWakeLockAcquired: flags=1073741825, tag="*alarm*", packageName=android, ownerUid=1000, ownerPid=745, workSource=WorkSource{1000}
08-08 17:24:00.004 D/ActivityThread(  745): BDC-Calling finishReceiver: IIntentReceiver=2dbedaae
08-08 17:24:00.008 D/ActivityThread(  944): BDC-Calling finishReceiver: IIntentReceiver=7596e1a
08-08 17:24:00.020 D/ActivityThread(  944): BDC-Calling finishReceiver: IIntentReceiver=22bbfd4b
08-08 17:24:00.034 D/ActivityThread(  944): BDC-Calling finishReceiver: IIntentReceiver=8cc1841
08-08 17:24:00.036 D/ActivityThread(  944): BDC-Calling finishReceiver: IIntentReceiver=319051e6
08-08 17:24:00.038 W/Watchdog(  745): SWT Watchdog after wait current time:360466470
08-08 17:24:00.038 W/Watchdog(  745): **Get SF Time **1
08-08 17:24:00.039 W/Watchdog(  745): SWT Watchdog before synchronized:360466471
08-08 17:24:00.039 W/Watchdog(  745): SWT Watchdog after synchronized:360466471
08-08 17:24:00.039 W/Watchdog(  745): SWT Watchdog before wait timeout:30000
08-08 17:24:00.039 W/Watchdog(  745): SWT Watchdog before wait current time:360466471
08-08 17:24:00.039 W/Watchdog(  745): SWT Watchdog before wait start:360466471
08-08 17:24:00.039 W/Watchdog(  745): SWT Watchdog before wait CHECK_INTERVAL:30000
08-08 17:24:00.070 D/ActivityThread(  944): BDC-Calling finishReceiver: IIntentReceiver=17e64c24
08-08 17:24:00.072 D/AlarmManager(  745): onSendFinished begin
08-08 17:24:00.072 D/PowerManagerNotifier(  745): onWakeLockReleased: flags=1073741825, tag="*alarm*", packageName=android, ownerUid=1000, ownerPid=745, workSource=WorkSource{1000}
08-08 17:24:00.075 D/PowerManagerService(  745): MTK-----android
08-08 17:24:00.075 D/PowerManagerService(  745): MTK-----WindowManager
08-08 17:24:00.075 D/PowerManagerService(  745): MTK-----media
08-08 17:24:00.075 D/PowerManagerService(  745): MTK-----AudioMix
08-08 17:24:00.075 D/PowerManagerService(  745): wakelock list dump: mLocks.size=2:
08-08 17:24:00.075 D/PowerManagerService(  745): No.0: SCREEN_BRIGHT_WAKE_LOCK 'WindowManager'activated(flags=536870922, uid=1000, pid=745) total=51764ms)
08-08 17:24:00.075 D/PowerManagerService(  745): No.1: PARTIAL_WAKE_LOCK 'AudioMix'activated(flags=1, uid=1013, pid=280) total=50624ms)
08-08 17:24:00.075 D/WifiDisplayAdapter(  745): getWifiDisplayStatusLocked: result=WifiDisplayStatus{featureState=2, scanState=0, activeDisplayState=0, activeDisplay=null, displays=[], sessionInfo=WifiDisplaySessionInfo: C/O:Client,GId:,Pp:,SId:0,IP:}
08-08 17:24:00.075 D/PowerManagerService(  745): isWfdEnabled() mWfdStatus=WifiDisplayStatus{featureState=2, scanState=0, activeDisplayState=0, activeDisplay=null, displays=[], sessionInfo=WifiDisplaySessionInfo: C/O:Client,GId:,Pp:,SId:0,IP:}, return false
08-08 17:24:00.075 D/DisplayPowerController(  745): requestPowerState: policy=BRIGHT, useProximitySensor=false, screenBrightness=106, screenAutoBrightnessAdjustment=0.0, useAutoBrightness=false, blockScreenOn=false, lowPowerMode=false, dozeScreenBrightness=-1, dozeScreenState=UNKNOWN, waitForNegativeProximity=false
08-08 17:24:02.791 V/ActivityManager(  745): Broadcast sticky: Intent { act=android.net.wifi.RSSI_CHANGED flg=0x4000010 (has extras) } ordered=false userid=-1 callerApp=ProcessRecord{2a5e56e 745:system/1000}
08-08 17:24:03.310 I/thermal_repeater(  302): oh, queryMdThermalInfo (0)Bad file number
08-08 17:24:03.325 I/thermal_repeater(  302): [recvMdThermalInfo] ret=27, strLen=127,  3, 44, -127, -1, 32767, 17
08-08 17:24:03.747 V/ActivityManager(  745): Broadcast sticky: Intent { act=android.intent.action.SIG_STR flg=0x20000010 (has extras) } ordered=false userid=-1 callerApp=ProcessRecord{2a5e56e 745:system/1000}
08-08 17:24:04.788 W/ActivityManager(  745): getRunningAppProcesses: caller 10175 does not hold REAL_GET_TASKS; limiting output
08-08 17:24:05.070 I/ANRManager(  745): updateProcessStats
08-08 17:24:05.804 V/ActivityManager(  745): Broadcast sticky: Intent { act=android.net.wifi.RSSI_CHANGED flg=0x4000010 (has extras) } ordered=false userid=-1 callerApp=ProcessRecord{2a5e56e 745:system/1000}
08-08 17:24:07.633 D/SocketClient(  272): SocketClient sendData done: 601 limit alert globalAlert wlan0
08-08 17:24:07.634 D/NetworkManagementService(  745): onEvent:601 limit alert globalAlert wlan0:5
08-08 17:24:07.640 D/PowerManagerService(  745): MTK-----android
08-08 17:24:07.640 D/PowerManagerService(  745): MTK-----WindowManager
08-08 17:24:07.640 D/PowerManagerService(  745): MTK-----media
08-08 17:24:07.641 D/PowerManagerService(  745): MTK-----AudioMix
08-08 17:24:07.641 D/PowerManagerService(  745): MTK-----android
08-08 17:24:07.641 D/PowerManagerService(  745): MTK-----NetworkStats
08-08 17:24:07.641 D/PowerManagerService(  745): wakelock list dump: mLocks.size=3:
08-08 17:24:07.641 D/PowerManagerService(  745): No.0: SCREEN_BRIGHT_WAKE_LOCK 'WindowManager'activated(flags=536870922, uid=1000, pid=745) total=59330ms)
08-08 17:24:07.641 D/PowerManagerService(  745): No.1: PARTIAL_WAKE_LOCK 'AudioMix'activated(flags=1, uid=1013, pid=280) total=58190ms)
08-08 17:24:07.641 D/PowerManagerService(  745): No.2: PARTIAL_WAKE_LOCK 'NetworkStats'activated(flags=1, uid=1000, pid=745) total=1ms)
08-08 17:24:07.642 D/WifiDisplayAdapter(  745): getWifiDisplayStatusLocked: result=WifiDisplayStatus{featureState=2, scanState=0, activeDisplayState=0, activeDisplay=null, displays=[], sessionInfo=WifiDisplaySessionInfo: C/O:Client,GId:,Pp:,SId:0,IP:}
08-08 17:24:07.642 D/PowerManagerService(  745): isWfdEnabled() mWfdStatus=WifiDisplayStatus{featureState=2, scanState=0, activeDisplayState=0, activeDisplay=null, displays=[], sessionInfo=WifiDisplaySessionInfo: C/O:Client,GId:,Pp:,SId:0,IP:}, return false
08-08 17:24:07.642 D/DisplayPowerController(  745): requestPowerState: policy=BRIGHT, useProximitySensor=false, screenBrightness=106, screenAutoBrightnessAdjustment=0.0, useAutoBrightness=false, blockScreenOn=false, lowPowerMode=false, dozeScreenBrightness=-1, dozeScreenState=UNKNOWN, waitForNegativeProximity=false
08-08 17:24:07.642 D/PowerManagerNotifier(  745): onWakeLockAcquired: flags=1, tag="NetworkStats", packageName=android, ownerUid=1000, ownerPid=745, workSource=null
08-08 17:24:07.642 V/NetworkStats(  745): performPollLocked(flags=0x1)
08-08 17:24:07.646 D/NetdConnector(  745): SND -> {6998 bandwidth gettetherstats}
08-08 17:24:07.647 D/FrameworkListener(  272): dispatchCommand data = (6998 bandwidth gettetherstats)
08-08 17:24:07.647 D/SocketClient(  272): SocketClient sendData done: 200 6998 Tethering stats list completed
08-08 17:24:07.648 D/NetdConnector(  745): RMV <- {200 6998 Tethering stats list completed}
08-08 17:24:07.650 W/NetworkStatsRecorder(  745): unknown interfaces [usbnet0, lo, p2p0], ignoring those stats
08-08 17:24:07.650 W/NetworkStatsRecorder(  745): unknown interfaces [usbnet0, lo, p2p0], ignoring those stats
08-08 17:24:07.651 W/NetworkStatsRecorder(  745): unknown interfaces [lo, p2p0], ignoring those stats
08-08 17:24:07.651 W/NetworkStatsRecorder(  745): unknown interfaces [lo, p2p0], ignoring those stats
08-08 17:24:07.651 D/NetworkStatsRecorder(  745): forcePersistLocked() writing for dev
08-08 17:24:07.664 D/NetworkStatsRecorder(  745): forcePersistLocked() writing for xt
08-08 17:24:07.683 V/NetworkStats(  745): performPollLocked() took 41ms
08-08 17:24:07.688 V/ActivityManager(  745): Broadcast: Intent { act=com.android.server.action.NETWORK_STATS_UPDATED flg=0x40000010 } ordered=false userid=-1 callerApp=ProcessRecord{2a5e56e 745:system/1000}
08-08 17:24:07.689 D/PowerManagerNotifier(  745): onWakeLockReleased: flags=1, tag="NetworkStats", packageName=android, ownerUid=1000, ownerPid=745, workSource=null
08-08 17:24:07.689 D/PowerManagerService(  745): MTK-----android
08-08 17:24:07.689 D/PowerManagerService(  745): MTK-----WindowManager
08-08 17:24:07.689 D/PowerManagerService(  745): MTK-----media
08-08 17:24:07.689 D/PowerManagerService(  745): MTK-----AudioMix
08-08 17:24:07.689 D/PowerManagerService(  745): wakelock list dump: mLocks.size=2:
08-08 17:24:07.689 D/PowerManagerService(  745): No.0: SCREEN_BRIGHT_WAKE_LOCK 'WindowManager'activated(flags=536870922, uid=1000, pid=745) total=59378ms)
08-08 17:24:07.689 D/PowerManagerService(  745): No.1: PARTIAL_WAKE_LOCK 'AudioMix'activated(flags=1, uid=1013, pid=280) total=58238ms)
08-08 17:24:07.689 D/WifiDisplayAdapter(  745): getWifiDisplayStatusLocked: result=WifiDisplayStatus{featureState=2, scanState=0, activeDisplayState=0, activeDisplay=null, displays=[], sessionInfo=WifiDisplaySessionInfo: C/O:Client,GId:,Pp:,SId:0,IP:}
08-08 17:24:07.689 D/PowerManagerService(  745): isWfdEnabled() mWfdStatus=WifiDisplayStatus{featureState=2, scanState=0, activeDisplayState=0, activeDisplay=null, displays=[], sessionInfo=WifiDisplaySessionInfo: C/O:Client,GId:,Pp:,SId:0,IP:}, return false
08-08 17:24:07.689 D/DisplayPowerController(  745): requestPowerState: policy=BRIGHT, useProximitySensor=false, screenBrightness=106, screenAutoBrightnessAdjustment=0.0, useAutoBrightness=false, blockScreenOn=false, lowPowerMode=false, dozeScreenBrightness=-1, dozeScreenState=UNKNOWN, waitForNegativeProximity=false
08-08 17:24:07.689 D/NetdConnector(  745): SND -> {6999 bandwidth setglobalalert 2097152}
08-08 17:24:07.690 D/FrameworkListener(  272): dispatchCommand data = (6999 bandwidth setglobalalert 2097152)
08-08 17:24:07.690 D/SocketClient(  272): SocketClient sendData done: 200 6999 Bandwidth command succeeeded
08-08 17:24:07.691 D/NetdConnector(  745): RMV <- {200 6999 Bandwidth command succeeeded}
08-08 17:24:07.692 V/NetworkPolicy(  745): updateNetworkEnabledLocked()
08-08 17:24:07.692 W/ContextImpl( 1126): Calling a method in the system process without a qualified user: android.app.ContextImpl.sendBroadcast:1442 android.content.ContextWrapper.sendBroadcast:376 com.miui.networkassistant.service.tm.TrafficManageService.broadCastDataUsageUpdated:-1 com.miui.networkassistant.service.tm.TrafficManageService$8.onReceive:-1 android.app.LoadedApk$ReceiverDispatcher$Args.run:914 
08-08 17:24:07.693 V/ActivityManager(  745): Broadcast: Intent { act=com.android.action.NETWORK_POLICY_UPDATE flg=0x10 } ordered=false userid=0 callerApp=ProcessRecord{3ac22483 1126:com.miui.networkassistant.deamon/1000}
08-08 17:24:07.716 V/NetworkPolicy(  745):  checking policy:NetworkPolicy[NetworkTemplate: matchRule=WIFI_WILDCARD]: cycleDay=-1, cycleTimezone=UTC, warningBytes=-1, limitBytes=9223372036854775807, lastWarningSnooze=-1, lastLimitSnooze=-1, metered=false, inferred=false
08-08 17:24:07.717 V/NetworkPolicy(  745):  checking policy:NetworkPolicy[NetworkTemplate: matchRule=MOBILE_ALL]: cycleDay=20, cycleTimezone=Asia/Shanghai, warningBytes=10485760, limitBytes=-1, lastWarningSnooze=-1, lastLimitSnooze=-1, metered=true, inferred=true
08-08 17:24:07.721 V/NetworkPolicy(  745):  checking policy:NetworkPolicy[NetworkTemplate: matchRule=MOBILE_ALL, subscriberId=460011...]: cycleDay=1, cycleTimezone=Asia/Shanghai, warningBytes=10485760, limitBytes=-1, lastWarningSnooze=-1, lastLimitSnooze=-1, metered=true, inferred=true
08-08 17:24:07.735 V/NetworkPolicy(  745): setPolicyDataEnableForSubscriber:subId(1),true
08-08 17:24:07.735 D/ActivityThread(  978): BDC-Calling onReceive: intent=Intent { act=com.android.action.NETWORK_POLICY_UPDATE flg=0x10 cmp=com.android.providers.downloads/.receiver.DataUsageRecevier }, receiver=com.android.providers.downloads.receiver.DataUsageRecevier@5ff855d
08-08 17:24:07.740 V/NetworkPolicy(  745): updateNotificationsLocked()
08-08 17:24:07.747 D/ActivityThread(  978): BDC-RECEIVER handled : 0 / ReceiverData{intent=Intent { act=com.android.action.NETWORK_POLICY_UPDATE flg=0x10 cmp=com.android.providers.downloads/.receiver.DataUsageRecevier } packageName=com.android.providers.downloads resultCode=-1 resultData=null resultExtras=null}
08-08 17:24:08.144 D/FrameworkListener(  272): dispatchCommand data = (getaddrinfo data.game.xiaomi.com ^ 1024 0 1 0 0)
08-08 17:24:08.163 D/SocketClient(  272): SocketClient sendData done: 222
08-08 17:24:08.163 D/SocketClient(  272): SocketClient sendData done: 
08-08 17:24:08.163 D/SocketClient(  272): SocketClient sendData done: 
08-08 17:24:08.163 D/SocketClient(  272): SocketClient sendData done: 
08-08 17:24:08.163 D/SocketClient(  272): SocketClient sendData done: 
08-08 17:24:08.163 D/SocketClient(  272): SocketClient sendData done: 
08-08 17:24:08.163 D/SocketClient(  272): SocketClient sendData done: 
08-08 17:24:08.163 D/SocketClient(  272): SocketClient sendData done: 
08-08 17:24:08.163 D/SocketClient(  272): SocketClient sendData done: 
08-08 17:24:08.163 D/SocketClient(  272): SocketClient sendData done: 
08-08 17:24:08.163 D/SocketClient(  272): SocketClient sendData done: 
08-08 17:24:08.163 D/SocketClient(  272): SocketClient sendData done: 
08-08 17:24:08.178 D/SocketClient(  272): SocketClient sendData done: 
08-08 17:24:08.329 I/thermal_repeater(  302): oh, queryMdThermalInfo (0)Bad file number
08-08 17:24:08.351 I/thermal_repeater(  302): [recvMdThermalInfo] ret=27, strLen=127,  3, 44, -127, -1, 32767, 17
08-08 17:24:08.696 V/ActivityManager(  745): Broadcast sticky: Intent { act=android.intent.action.BATTERY_CHANGED flg=0x60000010 (has extras) } ordered=false userid=-1 callerApp=null
08-08 17:24:08.697 D/UsbDeviceManager(  745): onReceive - BATTERY_CHANGED - mPlugType: 2, mSettingUsbCharging: false, mConnected: true, mSettingUsbBicr: false
08-08 17:24:08.697 D/WifiService(  745): onReceive, action:android.intent.action.BATTERY_CHANGED
08-08 17:24:08.697 D/WifiController(  745): DeviceActiveState{ when=0 what=155652 arg1=2 target=com.android.internal.util.StateMachine$SmHandler }
08-08 17:24:08.697 D/WifiController(  745): StaEnabledState{ when=0 what=155652 arg1=2 target=com.android.internal.util.StateMachine$SmHandler }
08-08 17:24:08.697 D/WifiController(  745): DefaultState{ when=0 what=155652 arg1=2 target=com.android.internal.util.StateMachine$SmHandler }
08-08 17:24:08.697 D/WifiController(  745): battery changed pluggedType: 2
08-08 17:24:08.722 I/ANRManager(  745): updateProcessStats
08-08 17:24:08.756 I/ANRManager(  745): CPU update time < 2.5sec
08-08 17:24:08.813 V/ActivityManager(  745): Broadcast sticky: Intent { act=android.net.wifi.RSSI_CHANGED flg=0x4000010 (has extras) } ordered=false userid=-1 callerApp=ProcessRecord{2a5e56e 745:system/1000}
08-08 17:24:08.868 V/ActivityManager(  745): Broadcast sticky: Intent { act=android.intent.action.SIG_STR flg=0x20000010 (has extras) } ordered=false userid=-1 callerApp=ProcessRecord{2a5e56e 745:system/1000}
08-08 17:24:11.831 V/ActivityManager(  745): Broadcast sticky: Intent { act=android.net.wifi.RSSI_CHANGED flg=0x4000010 (has extras) } ordered=false userid=-1 callerApp=ProcessRecord{2a5e56e 745:system/1000}
08-08 17:24:13.357 I/thermal_repeater(  302): oh, queryMdThermalInfo (0)Bad file number
08-08 17:24:13.381 I/thermal_repeater(  302): [recvMdThermalInfo] ret=27, strLen=127,  3, 44, -127, -1, 32767, 17
08-08 17:24:13.995 V/ActivityManager(  745): Broadcast sticky: Intent { act=android.intent.action.SIG_STR flg=0x20000010 (has extras) } ordered=false userid=-1 callerApp=ProcessRecord{2a5e56e 745:system/1000}
08-08 17:24:14.549 D/AlarmManager(  745): set alarm to RTC 539581126
08-08 17:24:14.549 D/AlarmManager(  745): wakeup alarm = Alarm{1527d4af type 0 when 1470648254548 com.xiaomi.channel}; package = com.xiaomi.channel
08-08 17:24:14.549 V/ActivityManager(  745): Broadcast: Intent { act=com.milink.sdk.heartbeat flg=0x114 pkg=com.xiaomi.channel (has extras) } ordered=true userid=0 callerApp=null
08-08 17:24:14.550 D/PowerManagerService(  745): MTK-----android
08-08 17:24:14.550 D/PowerManagerService(  745): MTK-----WindowManager
08-08 17:24:14.550 D/PowerManagerService(  745): MTK-----media
08-08 17:24:14.550 D/PowerManagerService(  745): MTK-----AudioMix
08-08 17:24:14.550 D/PowerManagerService(  745): MTK-----android
08-08 17:24:14.550 D/PowerManagerService(  745): MTK-----*alarm*
08-08 17:24:14.550 D/PowerManagerService(  745): wakelock list dump: mLocks.size=3:
08-08 17:24:14.550 D/PowerManagerService(  745): No.0: SCREEN_BRIGHT_WAKE_LOCK 'WindowManager'activated(flags=536870922, uid=1000, pid=745) total=66239ms)
08-08 17:24:14.550 D/PowerManagerService(  745): No.1: PARTIAL_WAKE_LOCK 'AudioMix'activated(flags=1, uid=1013, pid=280) total=65099ms)
08-08 17:24:14.550 D/PowerManagerService(  745): No.2: PARTIAL_WAKE_LOCK '*alarm*'activated(flags=1, uid=1000, pid=745) total=0ms)
08-08 17:24:14.550 D/WifiDisplayAdapter(  745): getWifiDisplayStatusLocked: result=WifiDisplayStatus{featureState=2, scanState=0, activeDisplayState=0, activeDisplay=null, displays=[], sessionInfo=WifiDisplaySessionInfo: C/O:Client,GId:,Pp:,SId:0,IP:}
08-08 17:24:14.551 D/PowerManagerService(  745): isWfdEnabled() mWfdStatus=WifiDisplayStatus{featureState=2, scanState=0, activeDisplayState=0, activeDisplay=null, displays=[], sessionInfo=WifiDisplaySessionInfo: C/O:Client,GId:,Pp:,SId:0,IP:}, return false
08-08 17:24:14.551 D/DisplayPowerController(  745): requestPowerState: policy=BRIGHT, useProximitySensor=false, screenBrightness=106, screenAutoBrightnessAdjustment=0.0, useAutoBrightness=false, blockScreenOn=false, lowPowerMode=false, dozeScreenBrightness=-1, dozeScreenState=UNKNOWN, waitForNegativeProximity=false
08-08 17:24:14.551 D/PowerManagerNotifier(  745): onWakeLockAcquired: flags=1, tag="*alarm*", packageName=android, ownerUid=1000, ownerPid=745, workSource=WorkSource{10143}
08-08 17:24:14.591 D/ActivityThread(17383): BDC-Calling onReceive: intent=Intent { act=com.milink.sdk.heartbeat flg=0x114 pkg=com.xiaomi.channel cmp=com.xiaomi.channel/com.mi.milink.sdk.receiver.AlarmReceiver (has extras) }, receiver=com.mi.milink.sdk.receiver.AlarmReceiver@1eca366e
08-08 17:24:14.597 W/AlarmManager(  745): operation package = com.xiaomi.channel CTS_Alarm = false
08-08 17:24:14.597 V/AlarmManager(  745): isAlarmNeedAlign : screen on, Skip
08-08 17:24:14.602 D/ActivityThread(17383): BDC-RECEIVER handled : 0 / ReceiverData{intent=Intent { act=com.milink.sdk.heartbeat flg=0x114 pkg=com.xiaomi.channel cmp=com.xiaomi.channel/com.mi.milink.sdk.receiver.AlarmReceiver (has extras) } packageName=com.xiaomi.channel resultCode=0 resultData=null resultExtras=null}
08-08 17:24:14.608 D/PowerManagerService(  745): MTK-----android
08-08 17:24:14.609 D/AlarmManager(  745): onSendFinished begin
08-08 17:24:14.611 D/PowerManagerService(  745): MTK-----WindowManager
08-08 17:24:14.611 D/PowerManagerService(  745): MTK-----media
08-08 17:24:14.611 D/PowerManagerService(  745): MTK-----AudioMix
08-08 17:24:14.611 D/PowerManagerService(  745): MTK-----android
08-08 17:24:14.611 D/PowerManagerService(  745): MTK-----*alarm*
08-08 17:24:14.611 D/PowerManagerService(  745): MTK-----com.xiaomi.channel
08-08 17:24:14.611 D/PowerManagerService(  745): MTK-----milink
08-08 17:24:14.611 D/PowerManagerService(  745): wakelock list dump: mLocks.size=4:
08-08 17:24:14.612 D/PowerManagerService(  745): No.0: SCREEN_BRIGHT_WAKE_LOCK 'WindowManager'activated(flags=536870922, uid=1000, pid=745) total=66300ms)
08-08 17:24:14.612 D/PowerManagerService(  745): No.1: PARTIAL_WAKE_LOCK 'AudioMix'activated(flags=1, uid=1013, pid=280) total=65161ms)
08-08 17:24:14.612 D/PowerManagerService(  745): No.2: PARTIAL_WAKE_LOCK '*alarm*'activated(flags=1, uid=1000, pid=745) total=62ms)
08-08 17:24:14.612 D/PowerManagerService(  745): No.3: PARTIAL_WAKE_LOCK 'milink'activated(flags=1, uid=10143, pid=17383) total=4ms)
08-08 17:24:14.612 D/WifiDisplayAdapter(  745): getWifiDisplayStatusLocked: result=WifiDisplayStatus{featureState=2, scanState=0, activeDisplayState=0, activeDisplay=null, displays=[], sessionInfo=WifiDisplaySessionInfo: C/O:Client,GId:,Pp:,SId:0,IP:}
08-08 17:24:14.612 D/PowerManagerService(  745): isWfdEnabled() mWfdStatus=WifiDisplayStatus{featureState=2, scanState=0, activeDisplayState=0, activeDisplay=null, displays=[], sessionInfo=WifiDisplaySessionInfo: C/O:Client,GId:,Pp:,SId:0,IP:}, return false
08-08 17:24:14.612 D/DisplayPowerController(  745): requestPowerState: policy=BRIGHT, useProximitySensor=false, screenBrightness=106, screenAutoBrightnessAdjustment=0.0, useAutoBrightness=false, blockScreenOn=false, lowPowerMode=false, dozeScreenBrightness=-1, dozeScreenState=UNKNOWN, waitForNegativeProximity=false
08-08 17:24:14.612 W/ActivityManager(  745): getRunningAppProcesses: caller 10143 does not hold REAL_GET_TASKS; limiting output
08-08 17:24:14.612 D/PowerManagerNotifier(  745): onWakeLockAcquired: flags=1, tag="milink", packageName=com.xiaomi.channel, ownerUid=10143, ownerPid=17383, workSource=null
08-08 17:24:14.613 D/ActivityThread(17383): SVC-SERVICE_ARGS handled : 0 / ServiceArgsData{token=android.os.BinderProxy@20f7dda4 startId=201 args=Intent { cmp=com.xiaomi.channel/com.mi.milink.sdk.service.MiLinkService (has extras) }}
08-08 17:24:14.613 D/PowerManagerNotifier(  745): onWakeLockReleased: flags=1, tag="*alarm*", packageName=android, ownerUid=1000, ownerPid=745, workSource=WorkSource{10143}
08-08 17:24:14.614 D/PowerManagerService(  745): MTK-----android
08-08 17:24:14.614 D/PowerManagerService(  745): MTK-----WindowManager
08-08 17:24:14.614 D/PowerManagerService(  745): MTK-----media
08-08 17:24:14.614 D/PowerManagerService(  745): MTK-----AudioMix
08-08 17:24:14.614 D/PowerManagerService(  745): MTK-----com.xiaomi.channel
08-08 17:24:14.614 D/PowerManagerService(  745): MTK-----milink
08-08 17:24:14.614 D/PowerManagerService(  745): wakelock list dump: mLocks.size=3:
08-08 17:24:14.614 D/PowerManagerService(  745): No.0: SCREEN_BRIGHT_WAKE_LOCK 'WindowManager'activated(flags=536870922, uid=1000, pid=745) total=66303ms)
08-08 17:24:14.614 D/PowerManagerService(  745): No.1: PARTIAL_WAKE_LOCK 'AudioMix'activated(flags=1, uid=1013, pid=280) total=65163ms)
08-08 17:24:14.614 D/PowerManagerService(  745): No.2: PARTIAL_WAKE_LOCK 'milink'activated(flags=1, uid=10143, pid=17383) total=7ms)
08-08 17:24:14.615 D/WifiDisplayAdapter(  745): getWifiDisplayStatusLocked: result=WifiDisplayStatus{featureState=2, scanState=0, activeDisplayState=0, activeDisplay=null, displays=[], sessionInfo=WifiDisplaySessionInfo: C/O:Client,GId:,Pp:,SId:0,IP:}
08-08 17:24:14.615 D/PowerManagerService(  745): isWfdEnabled() mWfdStatus=WifiDisplayStatus{featureState=2, scanState=0, activeDisplayState=0, activeDisplay=null, displays=[], sessionInfo=WifiDisplaySessionInfo: C/O:Client,GId:,Pp:,SId:0,IP:}, return false
08-08 17:24:14.615 D/DisplayPowerController(  745): requestPowerState: policy=BRIGHT, useProximitySensor=false, screenBrightness=106, screenAutoBrightnessAdjustment=0.0, useAutoBrightness=false, blockScreenOn=false, lowPowerMode=false, dozeScreenBrightness=-1, dozeScreenState=UNKNOWN, waitForNegativeProximity=false
08-08 17:24:14.629 D/PowerManagerNotifier(  745): onWakeLockReleased: flags=1, tag="milink", packageName=com.xiaomi.channel, ownerUid=10143, ownerPid=17383, workSource=null
08-08 17:24:14.630 D/PowerManagerService(  745): MTK-----android
08-08 17:24:14.630 D/PowerManagerService(  745): MTK-----WindowManager
08-08 17:24:14.630 D/PowerManagerService(  745): MTK-----media
08-08 17:24:14.631 D/PowerManagerService(  745): MTK-----AudioMix
08-08 17:24:14.631 D/PowerManagerService(  745): wakelock list dump: mLocks.size=2:
08-08 17:24:14.631 D/PowerManagerService(  745): No.0: SCREEN_BRIGHT_WAKE_LOCK 'WindowManager'activated(flags=536870922, uid=1000, pid=745) total=66320ms)
08-08 17:24:14.631 D/PowerManagerService(  745): No.1: PARTIAL_WAKE_LOCK 'AudioMix'activated(flags=1, uid=1013, pid=280) total=65180ms)
08-08 17:24:14.632 D/WifiDisplayAdapter(  745): getWifiDisplayStatusLocked: result=WifiDisplayStatus{featureState=2, scanState=0, activeDisplayState=0, activeDisplay=null, displays=[], sessionInfo=WifiDisplaySessionInfo: C/O:Client,GId:,Pp:,SId:0,IP:}
08-08 17:24:14.632 D/PowerManagerService(  745): isWfdEnabled() mWfdStatus=WifiDisplayStatus{featureState=2, scanState=0, activeDisplayState=0, activeDisplay=null, displays=[], sessionInfo=WifiDisplaySessionInfo: C/O:Client,GId:,Pp:,SId:0,IP:}, return false
