08-08 17:25:39.736 W/DnsManager(MiLinkSDK)(WALI_LIVE)(12120): DnsManager=> domain = r2.zb.mi.com ipList = [221.179.172.228, 111.26.136.238]
08-08 17:25:39.736 D/libc-netbsd(12120): [getaddrinfo]: hostname=r2.xl.zb.mi.com; servname=(null); cache_mode=(null), netid=0; mark=0
08-08 17:25:39.736 D/libc-netbsd(12120): [getaddrinfo]: ai_addrlen=0; ai_canonname=(null); ai_flags=4; ai_family=0
08-08 17:25:39.736 D/libc-netbsd(12120): [getaddrinfo]: hostname=r2.xl.zb.mi.com; servname=(null); cache_mode=(null), netid=0; mark=0
08-08 17:25:39.736 D/libc-netbsd(12120): [getaddrinfo]: ai_addrlen=0; ai_canonname=(null); ai_flags=1024; ai_family=0
08-08 17:25:39.740 D/FrameworkListener(  272): dispatchCommand data = (getaddrinfo r2.xl.zb.mi.com ^ 1024 0 1 0 0)
08-08 17:25:39.743 D/libc-netbsd(  272): [getaddrinfo]: hostname=r2.xl.zb.mi.com; servname=(null); cache_mode=local, netid=119; mark=917623
08-08 17:25:39.743 D/libc-netbsd(  272): [getaddrinfo]: ai_addrlen=0; ai_canonname=(null); ai_flags=1024; ai_family=0
08-08 17:25:39.745 D/libc-netbsd(  272): default dns: query_ipv6=0, query_ipv4=1
08-08 17:25:39.746 D/libc-netbsd(  272): res_queryN name = r2.xl.zb.mi.com, class = 1, type = 1
08-08 17:25:39.747 D/libc-netbsd(  272): netid=119, dns0:192.168.1.1
08-08 17:25:39.748 D/libc-netbsd(  272): netid=119, dns1:8.8.8.8
08-08 17:25:39.754 D/libc-netbsd(  272): res_queryN name = r2.xl.zb.mi.com succeed
08-08 17:25:39.755 D/SocketClient(  272): SocketClient sendData done: 222
08-08 17:25:39.756 D/SocketClient(  272): SocketClient sendData done: 
08-08 17:25:39.757 D/SocketClient(  272): SocketClient sendData done: 
08-08 17:25:39.757 D/SocketClient(  272): SocketClient sendData done: 
08-08 17:25:39.759 D/SocketClient(  272): SocketClient sendData done: 
08-08 17:25:39.760 D/SocketClient(  272): SocketClient sendData done: 
08-08 17:25:39.761 D/libc-netbsd(12120): getaddrinfo: r2.xl.zb.mi.com get result from proxy >>
08-08 17:25:39.761 I/System.out(12120): propertyValue:true
08-08 17:25:39.765 V/SettingsInterface( 1651):  from settings cache , name = multi_sim_common , value = 1
08-08 17:25:39.767 D/SocketClient(  272): SocketClient sendData done: 
08-08 17:25:39.773 V/SettingsInterface( 1651):  from settings cache , name = multi_sim_common , value = 1
08-08 17:25:39.779 I/System.out(12120): *** url=http://119.29.29.29/d
08-08 17:25:39.780 I/Dozen   (12120):  url : http://119.29.29.29/d, str params : id=131&ttl=1&dn=b9c9602855e03b8c579691ee570a481f
08-08 17:25:39.781 D/libc-netbsd(12120): [getaddrinfo]: hostname=119.29.29.29; servname=(null); cache_mode=(null), netid=0; mark=0
08-08 17:25:39.781 D/libc-netbsd(12120): [getaddrinfo]: ai_addrlen=0; ai_canonname=(null); ai_flags=4; ai_family=0
08-08 17:25:39.783 D/libc-netbsd(12120): [getaddrinfo]: hostname=119.29.29.29; servname=(null); cache_mode=(null), netid=0; mark=0
08-08 17:25:39.783 D/libc-netbsd(12120): [getaddrinfo]: ai_addrlen=0; ai_canonname=(null); ai_flags=4; ai_family=0
08-08 17:25:39.785 I/XiaomiFirewall( 1126): firewall pkgName:com.wali.live, result:0x0
08-08 17:25:39.785 I/System.out(12120): [CDS]rx timeout:15000
08-08 17:25:39.786 I/System.out(12120): [socket][9] connection /119.29.29.29:80;LocalPort=37130(10000)
08-08 17:25:39.786 I/System.out(12120): [CDS]connect[/119.29.29.29:80] tm:10
08-08 17:25:39.787 D/SocketClient(  272): SocketClient sendData done: 
08-08 17:25:39.788 D/Posix   (12120): [Posix_connect Debug]Process com.wali.live :80 
08-08 17:25:39.804 I/System.out(12120): [socket][/192.168.1.179:37130] connected
08-08 17:25:39.805 I/System.out(12120): [OkHttp] sendRequest>>
08-08 17:25:39.806 I/System.out(12120): [OkHttp] sendRequest<<
08-08 17:25:39.823 I/com.wali.live.utils.NetworkUtils(12120): http POST Response Code: 200
08-08 17:25:39.825 I/System.out(12120): Close in OkHttp:0
08-08 17:25:39.826 I/System.out(12120): [CDS]close[37130]
08-08 17:25:39.831 W/WALI_LIVE(MiLinkSDK)(WALI_LIVE)(12120): DnsManager=>com.wali.live.utils.DnsPodUtils http://119.29.29.29/d?dn=b9c9602855e03b8c579691ee570a481f&id=131&ttl=1 result=b3a0303f62d8773744a1d3d6de0f6a50e6228895acee6266
08-08 17:25:39.831 W/WALI_LIVE(MiLinkSDK)(WALI_LIVE)(12120): 
08-08 17:25:39.834 W/WALI_LIVE(MiLinkSDK)(WALI_LIVE)(12120): DnsManager=>com.wali.live.utils.DnsPodUtils decryptedString=183.203.29.53,42
08-08 17:25:39.836 W/HttpDns(MiLinkSDK)(WALI_LIVE)(12120): DnsManager=>domain=r2.xl.zb.mi.com,ipsList=183.203.29.53
08-08 17:25:39.893 D/SocketClient(  272): SocketClient sendData done: 
08-08 17:25:39.917 D/SocketClient(  272): SocketClient sendData done: 
08-08 17:25:39.938 E/WifiTrafficPoller(  745): TRAFFIC_STATS_POLL true Token 519 num clients 22
08-08 17:25:39.939 E/WifiTrafficPoller(  745):  packet count Tx=3504972 Rx=5059410
08-08 17:25:40.201 W/ADB_SERVICES(  323): create_local_service_socket() name=shell:cat /proc/12120/stat
08-08 17:25:40.201 W/ADB_SERVICES(  323): service_to_fd() name=shell:cat /proc/12120/stat
08-08 17:25:40.202 W/ADB_SERVICES(  323): read_meminfo() mem_free=284080
08-08 17:25:40.203 W/ADB_SERVICES(  323): create_subproc ret_fd=31 pid=12417
08-08 17:25:40.203 W/ADB_SERVICES(  323): LS(406733): bound to 'shell:cat /proc/12120/stat' via 31
08-08 17:25:40.206 W/ADB_SERVICES(12417): adb: unable to update oom_score_adj
08-08 17:25:40.217 D/ADB_SERVICES(  323):  closing because is_eof=1 r=-1 s->fde.force_eof=0
08-08 17:25:40.217 W/ADB_SERVICES(  323): entered. LS(406733) fd=31
08-08 17:25:40.239 W/ADB_SERVICES(  323): create_local_service_socket() name=shell:cat /proc/stat
08-08 17:25:40.239 W/ADB_SERVICES(  323): service_to_fd() name=shell:cat /proc/stat
08-08 17:25:40.240 W/ADB_SERVICES(  323): read_meminfo() mem_free=284072
08-08 17:25:40.241 W/ADB_SERVICES(  323): create_subproc ret_fd=31 pid=12418
08-08 17:25:40.241 W/ADB_SERVICES(  323): LS(406734): bound to 'shell:cat /proc/stat' via 31
08-08 17:25:40.243 W/ADB_SERVICES(12418): adb: unable to update oom_score_adj
08-08 17:25:40.259 D/ADB_SERVICES(  323):  closing because is_eof=1 r=-1 s->fde.force_eof=0
08-08 17:25:40.259 W/ADB_SERVICES(  323): entered. LS(406734) fd=31
08-08 17:25:40.624 I/art     (12120): Explicit concurrent mark sweep GC freed 46911(3MB) AllocSpace objects, 24(596KB) LOS objects, 31% free, 34MB/50MB, paused 2.379ms total 117.242ms
08-08 17:25:40.742 W/WALI_LIVE(MiLinkSDK)(WALI_LIVE)(12120): DnsManager=>NetWorkHorse resultList[111.11.7.234=14.094, 183.203.29.53=17.68]
08-08 17:25:40.742 W/WALI_LIVE(MiLinkSDK)(WALI_LIVE)(12120): DnsManager=>NetWorkHorseList[111.11.7.234, 183.203.29.53]
08-08 17:25:40.742 W/DnsManager(MiLinkSDK)(WALI_LIVE)(12120): DnsManager=> domain = r2.xl.zb.mi.com ipList = [111.11.7.234, 183.203.29.53]
08-08 17:25:40.742 D/libc-netbsd(12120): [getaddrinfo]: hostname=r2.ks.zb.mi.com; servname=(null); cache_mode=(null), netid=0; mark=0
08-08 17:25:40.742 D/libc-netbsd(12120): [getaddrinfo]: ai_addrlen=0; ai_canonname=(null); ai_flags=4; ai_family=0
08-08 17:25:40.743 D/libc-netbsd(12120): [getaddrinfo]: hostname=r2.ks.zb.mi.com; servname=(null); cache_mode=(null), netid=0; mark=0
08-08 17:25:40.743 D/libc-netbsd(12120): [getaddrinfo]: ai_addrlen=0; ai_canonname=(null); ai_flags=1024; ai_family=0
08-08 17:25:40.744 D/FrameworkListener(  272): dispatchCommand data = (getaddrinfo r2.ks.zb.mi.com ^ 1024 0 1 0 0)
08-08 17:25:40.757 D/libc-netbsd(  272): [getaddrinfo]: hostname=r2.ks.zb.mi.com; servname=(null); cache_mode=local, netid=119; mark=917623
08-08 17:25:40.758 D/libc-netbsd(  272): [getaddrinfo]: ai_addrlen=0; ai_canonname=(null); ai_flags=1024; ai_family=0
08-08 17:25:40.759 D/libc-netbsd(  272): default dns: query_ipv6=0, query_ipv4=1
08-08 17:25:40.760 D/libc-netbsd(  272): res_queryN name = r2.ks.zb.mi.com, class = 1, type = 1
08-08 17:25:40.760 D/libc-netbsd(  272): netid=119, dns0:192.168.1.1
08-08 17:25:40.761 D/libc-netbsd(  272): netid=119, dns1:8.8.8.8
08-08 17:25:40.762 W/ActivityManager(  745): getRunningAppProcesses: caller 10242 does not hold REAL_GET_TASKS; limiting output
08-08 17:25:40.763 W/Toast   (12120): From com.wali.live, go ahead.
08-08 17:25:40.765 I/NotificationService(  745): enqueueToast pkg=com.wali.live callback=android.app.ITransientNotification$Stub$Proxy@4691e7b duration=1
08-08 17:25:40.766 D/NotificationService(  745): Show pkg=com.wali.live callback=android.app.ITransientNotification$Stub$Proxy@4691e7b
08-08 17:25:40.768 I/art     (12120): hprof: heap dump "/storage/emulated/0/Download/leakcanary-com.wali.live/suspected_leak_heapdump.hprof" starting...
08-08 17:25:40.777 W/ADB_SERVICES(  323): create_local_service_socket() name=shell:cat /proc/12120/stat
08-08 17:25:40.777 W/ADB_SERVICES(  323): service_to_fd() name=shell:cat /proc/12120/stat
08-08 17:25:40.778 W/ADB_SERVICES(  323): read_meminfo() mem_free=284228
08-08 17:25:40.778 W/ADB_SERVICES(  323): create_subproc ret_fd=31 pid=12420
08-08 17:25:40.778 W/ADB_SERVICES(  323): LS(406735): bound to 'shell:cat /proc/12120/stat' via 31
08-08 17:25:40.782 W/ADB_SERVICES(12420): adb: unable to update oom_score_adj
08-08 17:25:40.790 D/libc-netbsd(  272): res_queryN name = r2.ks.zb.mi.com succeed
08-08 17:25:40.790 D/SocketClient(  272): SocketClient sendData done: 222
08-08 17:25:40.790 D/SocketClient(  272): SocketClient sendData done: 
08-08 17:25:40.790 D/SocketClient(  272): SocketClient sendData done: 
08-08 17:25:40.790 D/SocketClient(  272): SocketClient sendData done: 
08-08 17:25:40.790 D/SocketClient(  272): SocketClient sendData done: 
08-08 17:25:40.790 D/SocketClient(  272): SocketClient sendData done: 
08-08 17:25:40.790 D/SocketClient(  272): SocketClient sendData done: 
08-08 17:25:40.790 D/libc-netbsd(12120): getaddrinfo: r2.ks.zb.mi.com get result from proxy >>
08-08 17:25:40.797 D/ADB_SERVICES(  323):  closing because is_eof=1 r=-1 s->fde.force_eof=0
08-08 17:25:40.797 W/ADB_SERVICES(  323): entered. LS(406735) fd=31
08-08 17:25:40.815 W/ADB_SERVICES(  323): create_local_service_socket() name=shell:cat /proc/stat
08-08 17:25:40.815 W/ADB_SERVICES(  323): service_to_fd() name=shell:cat /proc/stat
08-08 17:25:40.815 W/ADB_SERVICES(  323): read_meminfo() mem_free=283460
08-08 17:25:40.816 W/ADB_SERVICES(  323): create_subproc ret_fd=31 pid=12421
08-08 17:25:40.816 W/ADB_SERVICES(  323): LS(406736): bound to 'shell:cat /proc/stat' via 31
08-08 17:25:40.817 W/ADB_SERVICES(12421): adb: unable to update oom_score_adj
08-08 17:25:40.823 D/ADB_SERVICES(  323):  closing because is_eof=1 r=-1 s->fde.force_eof=0
08-08 17:25:40.823 W/ADB_SERVICES(  323): entered. LS(406736) fd=31
08-08 17:25:40.940 E/WifiTrafficPoller(  745): TRAFFIC_STATS_POLL true Token 519 num clients 22
08-08 17:25:40.940 E/WifiTrafficPoller(  745):  packet count Tx=3504981 Rx=5059422
08-08 17:25:41.024 D/StatusBar.NetworkController(  944): onSignalStrengthsChanged received on slotId :0signalStrength=SignalStrength: 30 51 -120 -160 -7 0 -1 99 -89 -4 2147483647 2147483647 gsm|lte 1 1 1 level=5 cdmdlevel=0 evdolevel=0
08-08 17:25:41.026 D/PhoneInterfaceManager( 1651): [PhoneIntfMgr] hasIccCardUsingSlotId, sub: 1, result: true
08-08 17:25:41.027 V/ActivityManager(  745): Broadcast sticky: Intent { act=android.intent.action.SIG_STR flg=0x20000010 (has extras) } ordered=false userid=-1 callerApp=ProcessRecord{2a5e56e 745:system/1000}
08-08 17:25:41.029 D/PhoneInterfaceManager( 1651): [PhoneIntfMgr] hasIccCardUsingSlotId, sub: 1, result: true
08-08 17:25:41.031 D/PhoneInterfaceManager( 1651): [PhoneIntfMgr] hasIccCardUsingSlotId, sub: 1, result: true
08-08 17:25:41.032 D/PhoneInterfaceManager( 1651): [PhoneIntfMgr] hasIccCardUsingSlotId, sub: -2, result: false
08-08 17:25:41.033 D/PhoneInterfaceManager( 1651): [PhoneIntfMgr] hasIccCardUsingSlotId, sub: 1, result: true
08-08 17:25:41.034 D/PhoneInterfaceManager( 1651): [PhoneIntfMgr] hasIccCardUsingSlotId, sub: 1, result: true
08-08 17:25:41.352 W/ADB_SERVICES(  323): create_local_service_socket() name=shell:cat /proc/12120/stat
08-08 17:25:41.352 W/ADB_SERVICES(  323): service_to_fd() name=shell:cat /proc/12120/stat
08-08 17:25:41.352 W/ADB_SERVICES(  323): read_meminfo() mem_free=271340
08-08 17:25:41.353 W/ADB_SERVICES(  323): create_subproc ret_fd=31 pid=12422
08-08 17:25:41.353 W/ADB_SERVICES(  323): LS(406737): bound to 'shell:cat /proc/12120/stat' via 31
08-08 17:25:41.353 W/ADB_SERVICES(12422): adb: unable to update oom_score_adj
08-08 17:25:41.357 D/ADB_SERVICES(  323):  closing because is_eof=1 r=-1 s->fde.force_eof=0
08-08 17:25:41.357 W/ADB_SERVICES(  323): entered. LS(406737) fd=31
08-08 17:25:41.390 W/ADB_SERVICES(  323): create_local_service_socket() name=shell:cat /proc/stat
08-08 17:25:41.390 W/ADB_SERVICES(  323): service_to_fd() name=shell:cat /proc/stat
08-08 17:25:41.390 W/ADB_SERVICES(  323): read_meminfo() mem_free=271356
08-08 17:25:41.391 W/ADB_SERVICES(  323): create_subproc ret_fd=31 pid=12423
08-08 17:25:41.391 W/ADB_SERVICES(  323): LS(406738): bound to 'shell:cat /proc/stat' via 31
08-08 17:25:41.392 W/ADB_SERVICES(12423): adb: unable to update oom_score_adj
08-08 17:25:41.397 D/ADB_SERVICES(  323):  closing because is_eof=1 r=-1 s->fde.force_eof=0
08-08 17:25:41.397 W/ADB_SERVICES(  323): entered. LS(406738) fd=31
08-08 17:25:41.928 W/ADB_SERVICES(  323): create_local_service_socket() name=shell:cat /proc/12120/stat
08-08 17:25:41.928 W/ADB_SERVICES(  323): service_to_fd() name=shell:cat /proc/12120/stat
08-08 17:25:41.928 W/ADB_SERVICES(  323): read_meminfo() mem_free=261464
08-08 17:25:41.928 W/ADB_SERVICES(  323): create_subproc ret_fd=31 pid=12424
08-08 17:25:41.929 W/ADB_SERVICES(  323): LS(406739): bound to 'shell:cat /proc/12120/stat' via 31
08-08 17:25:41.929 W/ADB_SERVICES(12424): adb: unable to update oom_score_adj
08-08 17:25:41.933 D/ADB_SERVICES(  323):  closing because is_eof=1 r=1 s->fde.force_eof=0
08-08 17:25:41.933 W/ADB_SERVICES(  323): entered. LS(406739) fd=31
08-08 17:25:41.942 E/WifiTrafficPoller(  745): TRAFFIC_STATS_POLL true Token 519 num clients 22
08-08 17:25:41.943 E/WifiTrafficPoller(  745):  packet count Tx=3504981 Rx=5059422
08-08 17:25:41.943 E/WifiTrafficPoller(  745): notifying of data activity 0
08-08 17:25:41.948 D/PhoneInterfaceManager( 1651): [PhoneIntfMgr] hasIccCardUsingSlotId, sub: 1, result: true
08-08 17:25:41.950 D/PhoneInterfaceManager( 1651): [PhoneIntfMgr] hasIccCardUsingSlotId, sub: 1, result: true
08-08 17:25:41.952 D/PhoneInterfaceManager( 1651): [PhoneIntfMgr] hasIccCardUsingSlotId, sub: -2, result: false
08-08 17:25:41.953 D/PhoneInterfaceManager( 1651): [PhoneIntfMgr] hasIccCardUsingSlotId, sub: 1, result: true
08-08 17:25:41.953 D/PhoneInterfaceManager( 1651): [PhoneIntfMgr] hasIccCardUsingSlotId, sub: 1, result: true
08-08 17:25:41.954 D/PhoneInterfaceManager( 1651): [PhoneIntfMgr] hasIccCardUsingSlotId, sub: 1, result: true
08-08 17:25:41.955 D/PhoneInterfaceManager( 1651): [PhoneIntfMgr] hasIccCardUsingSlotId, sub: -2, result: false
08-08 17:25:41.957 D/PhoneInterfaceManager( 1651): [PhoneIntfMgr] hasIccCardUsingSlotId, sub: 1, result: true
08-08 17:25:41.960 D/PhoneInterfaceManager( 1651): [PhoneIntfMgr] hasIccCardUsingSlotId, sub: 1, result: true
08-08 17:25:41.963 D/PhoneInterfaceManager( 1651): [PhoneIntfMgr] hasIccCardUsingSlotId, sub: 1, result: true
08-08 17:25:41.964 D/PhoneInterfaceManager( 1651): [PhoneIntfMgr] hasIccCardUsingSlotId, sub: -2, result: false
08-08 17:25:41.965 W/ADB_SERVICES(  323): create_local_service_socket() name=shell:cat /proc/stat
08-08 17:25:41.965 W/ADB_SERVICES(  323): service_to_fd() name=shell:cat /proc/stat
08-08 17:25:41.965 D/PhoneInterfaceManager( 1651): [PhoneIntfMgr] hasIccCardUsingSlotId, sub: 1, result: true
08-08 17:25:41.965 W/ADB_SERVICES(  323): read_meminfo() mem_free=261076
08-08 17:25:41.966 W/ADB_SERVICES(  323): create_subproc ret_fd=31 pid=12426
08-08 17:25:41.966 W/ADB_SERVICES(  323): LS(406740): bound to 'shell:cat /proc/stat' via 31
08-08 17:25:41.966 D/PhoneInterfaceManager( 1651): [PhoneIntfMgr] hasIccCardUsingSlotId, sub: -2, result: false
08-08 17:25:41.966 W/ADB_SERVICES(12426): adb: unable to update oom_score_adj
08-08 17:25:41.971 D/ADB_SERVICES(  323):  closing because is_eof=1 r=1 s->fde.force_eof=0
08-08 17:25:41.971 W/ADB_SERVICES(  323): entered. LS(406740) fd=31
08-08 17:25:41.972 D/PhoneInterfaceManager( 1651): [PhoneIntfMgr] hasIccCardUsingSlotId, sub: 1, result: true
08-08 17:25:41.976 D/PhoneInterfaceManager( 1651): [PhoneIntfMgr] hasIccCardUsingSlotId, sub: 1, result: true
08-08 17:25:42.403 E/WifiStateMachine(  745):  ConnectedState (when=-4ms what=131155 arg1=177!CMD_RSSI_POLL 177 0 "miliao_ family_5G" 8c:be:be:28:3a:32 rssi=-34 f=5745 sc=60 link=433 tx=79.2, 0.0, 0.0  rx=88.0 bcn=0 [on:0 tx:0 rx:0 period:2980] from screen [on:0 period:1769527171] gl hn rssi=-29 ag=0 hr ticks 0,0,8 ls-=0 [56,56,60,60,65] brc=0 lrc=0mmls=
08-08 17:25:42.403 E/WifiStateMachine(  745): Failed=0 Retry=1 MultipleRetry=1 ACKFailure=7 FCSError=5421 tx_ok=3 rx_ok=0
08-08 17:25:42.404 E/WifiStateMachine(  745):  L2ConnectedState (when=-5ms what=131155 arg1=177!CMD_RSSI_POLL 177 0 "miliao_ family_5G" 8c:be:be:28:3a:32 rssi=-34 f=5745 sc=60 link=433 tx=79.2, 0.0, 0.0  rx=88.0 bcn=0 [on:0 tx:0 rx:0 period:1] from screen [on:0 period:1769527172] gl hn rssi=-29 ag=0 hr ticks 0,0,8 ls-=0 [56,56,60,60,65] brc=0 lrc=0mmls=
08-08 17:25:42.404 E/WifiStateMachine(  745): Failed=0 Retry=1 MultipleRetry=1 ACKFailure=7 FCSError=5421 tx_ok=3 rx_ok=0
08-08 17:25:42.404 E/WifiStateMachine(  745):  get link layer stats 0
08-08 17:25:42.404 D/WifiHW  (  745): enter -->wifi_send_command cmd=IFNAME=wlan0 SIGNAL_POLL
08-08 17:25:42.404 D/wpa_supplicant( 1142): wlan0: Control interface command 'SIGNAL_POLL'
08-08 17:25:42.405 D/wpa_supplicant( 1142): signal poll start
08-08 17:25:42.406 D/wpa_supplicant( 1142): signal poll end
08-08 17:25:42.407 D/WifiHW  (  745): leave --> reply=RSSI=-34
08-08 17:25:42.407 D/WifiHW  (  745): LINKSPEED=433
08-08 17:25:42.407 D/WifiHW  (  745): NOISE=9999
08-08 17:25:42.407 D/WifiHW  (  745): FREQUENCY=5745
08-08 17:25:42.407 D/WifiHW  (  745): 
08-08 17:25:42.407 D/wifiJNI (  745): doStringCommand, buf IFNAME=wlan0 SIGNAL_POLL
08-08 17:25:42.407 I/WifiStateMachine(  745): fetchRssiLinkSpeedAndFrequencyNative, newRssi:-34, newLinkSpeed:433, SSID:"miliao_ family_5G"
08-08 17:25:42.407 D/WifiHW  (  745): enter -->wifi_send_command cmd=IFNAME=wlan0 DRIVER GET_STA_LINK_DETECT
08-08 17:25:42.407 D/wpa_supplicant( 1142): wlan0: Control interface command 'DRIVER GET_STA_LINK_DETECT'
08-08 17:25:42.407 D/wpa_supplicant( 1142): iface wlan0 recv cmd GET_STA_LINK_DETECT
08-08 17:25:42.407 D/wpa_supplicant( 1142): get_sta_link_detect
08-08 17:25:42.407 D/wpa_supplicant( 1142): nl80211: Test Mode buflen = 16, ifindex=11
08-08 17:25:42.408 D/WifiHW  (  745): leave --> reply=
08-08 17:25:42.408 D/WifiHW  (  745): Failed=0 Retry=2 MultipleRetry=2 ACKFailure=7 FCSError=3485 tx_ok=5 rx_ok=0
08-08 17:25:42.408 D/WifiHW  (  745): 
08-08 17:25:42.408 D/wifiJNI (  745): doStringCommand, buf IFNAME=wlan0 DRIVER GET_STA_LINK_DETECT
08-08 17:25:42.409 E/WifiStateMachine(  745): wifiLinkStatics=
08-08 17:25:42.409 E/WifiStateMachine(  745): Failed=0 Retry=2 MultipleRetry=2 ACKFailure=7 FCSError=3485 tx_ok=5 rx_ok=0
08-08 17:25:42.409 D/WifiStateMachine(  745): mLastSignalLevel:4, newSignalLevel:4
08-08 17:25:42.409 E/WifiConfigStore(  745): updateConfiguration freq=5745 BSSID=8c:be:be:28:3a:32 RSSI=-33 "miliao_ family_5G"WPA_PSK
08-08 17:25:42.410 V/ActivityManager(  745): Broadcast sticky: Intent { act=android.net.wifi.RSSI_CHANGED flg=0x4000010 (has extras) } ordered=false userid=-1 callerApp=ProcessRecord{2a5e56e 745:system/1000}
08-08 17:25:42.412 D/WifiWatchdogStateMachine(  745): RSSI current: 4 new: -34, 4
08-08 17:25:42.412 D/StatusBar.NetworkController(  944): slot=-10;action=android.net.wifi.RSSI_CHANGED
08-08 17:25:42.415 D/StatusBar.NetworkController(  944): updateNetworkName chosenNetType=13;mNetworkName[0]= 4G
08-08 17:25:42.417 D/PhoneInterfaceManager( 1651): [PhoneIntfMgr] hasIccCardUsingSlotId, sub: 1, result: true
08-08 17:25:42.420 D/PhoneInterfaceManager( 1651): [PhoneIntfMgr] hasIccCardUsingSlotId, sub: 1, result: true
08-08 17:25:42.421 D/PhoneInterfaceManager( 1651): [PhoneIntfMgr] hasIccCardUsingSlotId, sub: -2, result: false
08-08 17:25:42.422 D/PhoneInterfaceManager( 1651): [PhoneIntfMgr] hasIccCardUsingSlotId, sub: 1, result: true
08-08 17:25:42.423 D/PhoneInterfaceManager( 1651): [PhoneIntfMgr] hasIccCardUsingSlotId, sub: 1, result: true
08-08 17:25:42.424 D/PhoneInterfaceManager( 1651): [PhoneIntfMgr] hasIccCardUsingSlotId, sub: 1, result: true
08-08 17:25:42.425 D/PhoneInterfaceManager( 1651): [PhoneIntfMgr] hasIccCardUsingSlotId, sub: -2, result: false
08-08 17:25:42.503 W/ADB_SERVICES(  323): create_local_service_socket() name=shell:cat /proc/12120/stat
08-08 17:25:42.503 W/ADB_SERVICES(  323): service_to_fd() name=shell:cat /proc/12120/stat
08-08 17:25:42.503 W/ADB_SERVICES(  323): read_meminfo() mem_free=237392
08-08 17:25:42.504 W/ADB_SERVICES(  323): create_subproc ret_fd=31 pid=12427
08-08 17:25:42.504 W/ADB_SERVICES(  323): LS(406741): bound to 'shell:cat /proc/12120/stat' via 31
08-08 17:25:42.504 W/ADB_SERVICES(12427): adb: unable to update oom_score_adj
08-08 17:25:42.510 D/ADB_SERVICES(  323):  closing because is_eof=1 r=1 s->fde.force_eof=0
08-08 17:25:42.510 W/ADB_SERVICES(  323): entered. LS(406741) fd=31
08-08 17:25:42.541 W/ADB_SERVICES(  323): create_local_service_socket() name=shell:cat /proc/stat
08-08 17:25:42.541 W/ADB_SERVICES(  323): service_to_fd() name=shell:cat /proc/stat
08-08 17:25:42.541 W/ADB_SERVICES(  323): read_meminfo() mem_free=236756
08-08 17:25:42.542 W/ADB_SERVICES(  323): create_subproc ret_fd=31 pid=12428
08-08 17:25:42.542 W/ADB_SERVICES(  323): LS(406742): bound to 'shell:cat /proc/stat' via 31
08-08 17:25:42.543 W/ADB_SERVICES(12428): adb: unable to update oom_score_adj
08-08 17:25:42.548 D/ADB_SERVICES(  323):  closing because is_eof=1 r=-1 s->fde.force_eof=0
08-08 17:25:42.548 W/ADB_SERVICES(  323): entered. LS(406742) fd=31
08-08 17:25:42.944 E/WifiTrafficPoller(  745): TRAFFIC_STATS_POLL true Token 519 num clients 22
08-08 17:25:42.944 E/WifiTrafficPoller(  745):  packet count Tx=3504982 Rx=5059422
08-08 17:25:42.944 E/WifiTrafficPoller(  745): notifying of data activity 2
08-08 17:25:42.948 D/PhoneInterfaceManager( 1651): [PhoneIntfMgr] hasIccCardUsingSlotId, sub: 1, result: true
08-08 17:25:42.951 D/PhoneInterfaceManager( 1651): [PhoneIntfMgr] hasIccCardUsingSlotId, sub: 1, result: true
08-08 17:25:42.962 D/PhoneInterfaceManager( 1651): [PhoneIntfMgr] hasIccCardUsingSlotId, sub: -2, result: false
08-08 17:25:42.965 D/PhoneInterfaceManager( 1651): [PhoneIntfMgr] hasIccCardUsingSlotId, sub: 1, result: true
08-08 17:25:42.968 D/PhoneInterfaceManager( 1651): [PhoneIntfMgr] hasIccCardUsingSlotId, sub: 1, result: true
08-08 17:25:42.971 D/PhoneInterfaceManager( 1651): [PhoneIntfMgr] hasIccCardUsingSlotId, sub: 1, result: true
08-08 17:25:42.973 D/PhoneInterfaceManager( 1651): [PhoneIntfMgr] hasIccCardUsingSlotId, sub: -2, result: false
08-08 17:25:42.978 D/PhoneInterfaceManager( 1651): [PhoneIntfMgr] hasIccCardUsingSlotId, sub: 1, result: true
08-08 17:25:42.985 D/PhoneInterfaceManager( 1651): [PhoneIntfMgr] hasIccCardUsingSlotId, sub: 1, result: true
08-08 17:25:42.994 D/PhoneInterfaceManager( 1651): [PhoneIntfMgr] hasIccCardUsingSlotId, sub: 1, result: true
08-08 17:25:42.996 D/PhoneInterfaceManager( 1651): [PhoneIntfMgr] hasIccCardUsingSlotId, sub: -2, result: false
08-08 17:25:43.000 D/PhoneInterfaceManager( 1651): [PhoneIntfMgr] hasIccCardUsingSlotId, sub: 1, result: true
08-08 17:25:43.002 D/PhoneInterfaceManager( 1651): [PhoneIntfMgr] hasIccCardUsingSlotId, sub: -2, result: false
08-08 17:25:43.006 D/PhoneInterfaceManager( 1651): [PhoneIntfMgr] hasIccCardUsingSlotId, sub: 1, result: true
08-08 17:25:43.013 D/PhoneInterfaceManager( 1651): [PhoneIntfMgr] hasIccCardUsingSlotId, sub: 1, result: true
08-08 17:25:43.080 W/ADB_SERVICES(  323): create_local_service_socket() name=shell:cat /proc/12120/stat
08-08 17:25:43.080 W/ADB_SERVICES(  323): service_to_fd() name=shell:cat /proc/12120/stat
08-08 17:25:43.081 W/ADB_SERVICES(  323): read_meminfo() mem_free=127032
08-08 17:25:43.081 W/ADB_SERVICES(  323): create_subproc ret_fd=31 pid=12429
08-08 17:25:43.081 W/ADB_SERVICES(  323): LS(406743): bound to 'shell:cat /proc/12120/stat' via 31
08-08 17:25:43.082 W/ADB_SERVICES(12429): adb: unable to update oom_score_adj
08-08 17:25:43.092 D/ADB_SERVICES(  323):  closing because is_eof=1 r=-1 s->fde.force_eof=0
08-08 17:25:43.092 W/ADB_SERVICES(  323): entered. LS(406743) fd=31
08-08 17:25:43.102 I/art     (12120): hprof: heap dump completed (51MB) in 2.333s
08-08 17:25:43.118 W/ADB_SERVICES(  323): create_local_service_socket() name=shell:cat /proc/stat
08-08 17:25:43.118 W/ADB_SERVICES(  323): service_to_fd() name=shell:cat /proc/stat
08-08 17:25:43.119 W/ADB_SERVICES(  323): read_meminfo() mem_free=161300
08-08 17:25:43.119 W/ADB_SERVICES(  323): create_subproc ret_fd=31 pid=12430
08-08 17:25:43.119 W/ADB_SERVICES(  323): LS(406744): bound to 'shell:cat /proc/stat' via 31
08-08 17:25:43.120 W/ADB_SERVICES(12430): adb: unable to update oom_score_adj
08-08 17:25:43.123 I/System.out(12120): propertyValue:true
08-08 17:25:43.125 V/SettingsInterface( 1651):  from settings cache , name = multi_sim_common , value = 1
08-08 17:25:43.128 V/SettingsInterface( 1651):  from settings cache , name = multi_sim_common , value = 1
08-08 17:25:43.131 I/System.out(12120): *** url=http://119.29.29.29/d
08-08 17:25:43.131 I/Dozen   (12120):  url : http://119.29.29.29/d, str params : id=131&ttl=1&dn=55ab404db4bcfa3d579691ee570a481f
08-08 17:25:43.132 D/libc-netbsd(12120): [getaddrinfo]: hostname=119.29.29.29; servname=(null); cache_mode=(null), netid=0; mark=0
08-08 17:25:43.132 D/libc-netbsd(12120): [getaddrinfo]: ai_addrlen=0; ai_canonname=(null); ai_flags=4; ai_family=0
08-08 17:25:43.132 D/libc-netbsd(12120): [getaddrinfo]: hostname=119.29.29.29; servname=(null); cache_mode=(null), netid=0; mark=0
08-08 17:25:43.132 D/libc-netbsd(12120): [getaddrinfo]: ai_addrlen=0; ai_canonname=(null); ai_flags=4; ai_family=0
08-08 17:25:43.132 D/ADB_SERVICES(  323):  closing because is_eof=1 r=1 s->fde.force_eof=0
08-08 17:25:43.132 W/ADB_SERVICES(  323): entered. LS(406744) fd=31
08-08 17:25:43.134 I/XiaomiFirewall( 1126): firewall pkgName:com.wali.live, result:0x0
08-08 17:25:43.134 I/System.out(12120): [CDS]rx timeout:15000
08-08 17:25:43.135 I/System.out(12120): [socket][10] connection /119.29.29.29:80;LocalPort=34429(10000)
08-08 17:25:43.135 I/System.out(12120): [CDS]connect[/119.29.29.29:80] tm:10
08-08 17:25:43.135 D/SocketClient(  272): SocketClient sendData done: 
08-08 17:25:43.137 D/Posix   (12120): [Posix_connect Debug]Process com.wali.live :80 
08-08 17:25:43.139 I/BufferQueue(  258): [unnamed-258-4585](this:0x557b0ea6e0,id:4585,api:0,p:-1,c:-1) BufferQueue core=(258:/system/bin/surfaceflinger)
08-08 17:25:43.139 I/BufferQueueConsumer(  258): [unnamed-258-4585](this:0x557b0ea6e0,id:4585,api:0,p:-1,c:258) connect(C): consumer=(258:/system/bin/surfaceflinger) controlledByApp=false
08-08 17:25:43.139 I/BufferQueueConsumer(  258): [unnamed-258-4585](this:0x557b0ea6e0,id:4585,api:0,p:-1,c:258) setConsumerName: unnamed-258-4585
08-08 17:25:43.139 I/BufferQueueConsumer(  258): [Toast](this:0x557b0ea6e0,id:4585,api:0,p:-1,c:258) setConsumerName: Toast
08-08 17:25:43.139 I/BufferQueueConsumer(  258): [Toast](this:0x557b0ea6e0,id:4585,api:0,p:-1,c:258) setDefaultBufferSize: width=1 height=1
08-08 17:25:43.151 I/BufferQueueConsumer(  258): [Toast](this:0x557b0ea6e0,id:4585,api:0,p:-1,c:258) setDefaultBufferSize: width=960 height=376
08-08 17:25:43.151 I/SurfaceFlinger(  258): [Built-in Screen (type:0)] fps:0.228483,dur:4376.69,max:4376.69,min:4376.69
08-08 17:25:43.154 D/PowerManagerService(  745): MTK-----android
08-08 17:25:43.154 D/PowerManagerService(  745): MTK-----WindowManager
08-08 17:25:43.154 D/PowerManagerService(  745): wakelock list dump: mLocks.size=1:
08-08 17:25:43.154 D/PowerManagerService(  745): No.0: SCREEN_BRIGHT_WAKE_LOCK 'WindowManager'activated(flags=536870922, uid=1000, pid=745) total=1ms)
08-08 17:25:43.154 D/WifiDisplayAdapter(  745): getWifiDisplayStatusLocked: result=WifiDisplayStatus{featureState=2, scanState=0, activeDisplayState=0, activeDisplay=null, displays=[], sessionInfo=WifiDisplaySessionInfo: C/O:Client,GId:,Pp:,SId:0,IP:}
08-08 17:25:43.155 D/PowerManagerService(  745): isWfdEnabled() mWfdStatus=WifiDisplayStatus{featureState=2, scanState=0, activeDisplayState=0, activeDisplay=null, displays=[], sessionInfo=WifiDisplaySessionInfo: C/O:Client,GId:,Pp:,SId:0,IP:}, return false
08-08 17:25:43.155 D/DisplayPowerController(  745): requestPowerState: policy=BRIGHT, useProximitySensor=false, screenBrightness=106, screenAutoBrightnessAdjustment=0.0, useAutoBrightness=false, blockScreenOn=false, lowPowerMode=false, dozeScreenBrightness=-1, dozeScreenState=UNKNOWN, waitForNegativeProximity=false
08-08 17:25:43.155 D/PowerManagerNotifier(  745): onWakeLockAcquired: flags=536870922, tag="WindowManager", packageName=android, ownerUid=1000, ownerPid=745, workSource=WorkSource{10242}
08-08 17:25:43.160 I/BufferQueueProducer(  258): [Toast](this:0x557b0ea6e0,id:4585,api:1,p:12120,c:258) connect(P): api=1 producer=(12120:com.wali.live) producerControlledByApp=true
08-08 17:25:43.162 I/BufferQueueProducer(  258): [Toast](this:0x557b0ea6e0,id:4585,api:1,p:12120,c:258) new GraphicBuffer needed
08-08 17:25:43.162 D/IMGSRV  (  258): gralloc_device_alloc:1102: hnd=0x557b035500 ID=3218351 fd=35 ref=1 960(960)x376-0x1 usage=0xb00 size=1443840(1443840) cache=0
08-08 17:25:43.163 D/GraphicBuffer(  258): alloc, handle(0x557b035500) (w:960 h:376 s:960 f:0x1 u:0x000b00) err(0)
08-08 17:25:43.166 D/IMGSRV  (12120): gralloc_register_buffer:1390: hnd=0xab873fa0 ID=3218351 fd=130 ref=1
08-08 17:25:43.166 D/GraphicBuffer(12120): register, handle(0xab873fa0) (w:960 h:376 s:960 f:0x1 u:0x000b00)
08-08 17:25:43.168 D/BufferQueueProducer(  258): [Toast](this:0x557b0ea6e0,id:4585,api:1,p:12120,c:258) allocateBuffers: allocating from 1 buffers up to 3 buffers
08-08 17:25:43.169 I/System.out(12120): [socket][/192.168.1.179:34429] connected
08-08 17:25:43.169 D/IMGSRV  (  258): gralloc_device_alloc:1102: hnd=0x557b036070 ID=3218352 fd=93 ref=1 960(960)x376-0x1 usage=0xb00 size=1443840(1443840) cache=0
08-08 17:25:43.169 D/GraphicBuffer(  258): alloc, handle(0x557b036070) (w:960 h:376 s:960 f:0x1 u:0x000b00) err(0)
08-08 17:25:43.169 I/System.out(12120): [OkHttp] sendRequest>>
08-08 17:25:43.170 D/IMGSRV  (  258): gralloc_device_alloc:1102: hnd=0x557b15d4f0 ID=3218353 fd=106 ref=1 960(960)x376-0x1 usage=0xb00 size=1443840(1443840) cache=0
08-08 17:25:43.170 D/GraphicBuffer(  258): alloc, handle(0x557b15d4f0) (w:960 h:376 s:960 f:0x1 u:0x000b00) err(0)
08-08 17:25:43.170 D/BufferQueueProducer(  258): [Toast](this:0x557b0ea6e0,id:4585,api:1,p:12120,c:258) allocateBuffers: allocating from 3 buffers up to 3 buffers
08-08 17:25:43.170 I/System.out(12120): [OkHttp] sendRequest<<
08-08 17:25:43.188 D/PerfServiceManager(  745): [PerfService] notifyFrameUpdate - bDuringTouchBoost:true 
08-08 17:25:43.189 D/PerfServiceManager(  745): [PerfService] MESSAGE_BOOST_ENABLE_TIMEOUT_MS [SCN_SW_FRAME_UPDATE] bDuringTouchBoost:true 
08-08 17:25:43.189 I/libPerfService(  745): 7: set freq: 1000000
08-08 17:25:43.189 I/libPerfService(  745): 7: set: 2
08-08 17:25:43.208 I/com.wali.live.utils.NetworkUtils(12120): http POST Response Code: 200
08-08 17:25:43.209 I/System.out(12120): Close in OkHttp:0
08-08 17:25:43.209 I/System.out(12120): [CDS]close[34429]
08-08 17:25:43.213 I/octvm   ( 1674): task pid 12431 have been add to group sys_app_fg.
08-08 17:25:43.213 I/octvm   ( 1674): [sys_app_fg]cgroup_add_tasks max single write time: 0ms
08-08 17:25:43.213 I/octvm   ( 1674): [sys_app_fg]cgroup_add_tasks total time consume: 0ms
08-08 17:25:43.214 I/ActivityManager(  745): Start proc com.wali.live:leakcanary for service com.wali.live/com.squareup.leakcanary.internal.HeapAnalyzerService: pid=12431 uid=10242 gids={50242, 9997, 3003, 3002, 1028, 1015} abi=armeabi-v7a
08-08 17:25:43.218 W/WALI_LIVE(MiLinkSDK)(WALI_LIVE)(12120): DnsManager=>com.wali.live.utils.DnsPodUtils http://119.29.29.29/d?dn=55ab404db4bcfa3d579691ee570a481f&id=131&ttl=1 result=79af7e72505b8f6eec9ee33ce3074362e6228895acee6266
08-08 17:25:43.218 W/WALI_LIVE(MiLinkSDK)(WALI_LIVE)(12120): 
08-08 17:25:43.219 W/WALI_LIVE(MiLinkSDK)(WALI_LIVE)(12120): DnsManager=>com.wali.live.utils.DnsPodUtils decryptedString=120.92.8.200,411
08-08 17:25:43.220 W/HttpDns(MiLinkSDK)(WALI_LIVE)(12120): DnsManager=>domain=r2.ks.zb.mi.com,ipsList=120.92.8.200
08-08 17:25:43.220 W/DnsManager(MiLinkSDK)(WALI_LIVE)(12120): DnsManager=> domain = r2.ks.zb.mi.com ipList = [120.92.8.200]
08-08 17:25:43.225 I/NotificationService(  745): cancelToast pkg=com.wali.live callback=android.app.ITransientNotification$Stub$Proxy@19c808d6
08-08 17:25:43.227 I/libjingle(12120): [010:091] [2016-08-08 09:25:43 GMT.227766][2f58] getting getEngineVersionInt
08-08 17:25:43.228 I/libjingle(12120): [010:092] [2016-08-08 09:25:43 GMT.228068][2f58] jint Java_com_xiaomi_conferencemanager_ConferenceEngine_getEngineVersionInt(JNIEnv*, jobject) trdid=4144668364 time:2016-08-08 09:25:43 GMT:228093  enter.
08-08 17:25:43.228 I/libjingle(12120): 
08-08 17:25:43.228 I/libjingle(12120): [010:092] [2016-08-08 09:25:43 GMT.228168][2f58] AppGui getEngineVersionInt 4001000
08-08 17:25:43.228 I/libjingle(12120): [010:092] [2016-08-08 09:25:43 GMT.228208][2f58] jint Java_com_xiaomi_conferencemanager_ConferenceEngine_getEngineVersionInt(JNIEnv*, jobject)  leave. expire time = 56 usec
08-08 17:25:43.228 I/libjingle(12120): 
08-08 17:25:43.228 W/LiveMainActivity@445107921(MiLinkSDK)(WALI_LIVE)(12120): main=>engineVersion=4001000
08-08 17:25:43.229 D/OpenGLRenderer(12120): Flushing caches (mode 0)
08-08 17:25:43.229 D/OpenGLRenderer(12120): Flushing caches (mode 0)
08-08 17:25:43.231 D/GraphicBuffer(12120): unregister, handle(0xab873fa0) (w:960 h:376 s:960 f:0x1 u:0x000b00)
08-08 17:25:43.231 D/IMGSRV  (12120): gralloc_unregister_buffer:1503: ID=3218351 ref=0
08-08 17:25:43.232 I/BufferQueueProducer(  258): [Toast](this:0x557b0ea6e0,id:4585,api:1,p:-1,c:258) disconnect(P): api 1
08-08 17:25:43.232 D/GraphicBuffer(  258): free, handle(0x557b036070) (w:960 h:376 s:960 f:0x1 u:0x000b00)
08-08 17:25:43.232 D/IMGSRV  (  258): gralloc_device_free:1251: ID=3218352 ref=0
08-08 17:25:43.232 D/GraphicBuffer(  258): free, handle(0x557b15d4f0) (w:960 h:376 s:960 f:0x1 u:0x000b00)
08-08 17:25:43.236 I/memtrack_graphic(  745): graphic_memtrack_get_memory match 4:      ion_mm_heap 12120  8355840   3 ffffffc011e6e700 ffffffc02763d500.
08-08 17:25:43.236 I/memtrack_graphic(  745):  : 12120 12120 8355840 3 2785280
08-08 17:25:43.236 I/memtrack_graphic(  745): graphic_memtrack_get_memory match 4:      ion_mm_heap 12120  8355840   2 ffffffc056d4aa00 ffffffc05a992500.
08-08 17:25:43.236 I/memtrack_graphic(  745):  : 12120 12120 8355840 2 6963200
08-08 17:25:43.236 I/memtrack_graphic(  745): graphic_memtrack_get_memory match 4:      ion_mm_heap 12120  8355840   2 ffffffc052b52440 ffffffc05bb1b200.
08-08 17:25:43.236 I/memtrack_graphic(  745):  : 12120 12120 8355840 2 11141120
08-08 17:25:43.237 D/IMGSRV  (  258): gralloc_device_free:1251: ID=3218353 ref=0
08-08 17:25:43.237 I/BufferQueueConsumer(  258): [Toast](this:0x557b0ea6e0,id:4585,api:1,p:-1,c:258) getReleasedBuffers: returning mask 0xffffffffffffffff
08-08 17:25:43.246 I/art     (12431): Late-enabling -Xcheck:jni
08-08 17:25:43.269 D/ADB_SERVICES(  323): Adding socket 31 pid 12431 to jdwp process list
08-08 17:25:43.277 W/ADB_SERVICES(  323): create_local_service_socket() name=jdwp:12431
08-08 17:25:43.277 W/ADB_SERVICES(  323): service_to_fd() name=jdwp:12431
08-08 17:25:43.277 W/ADB_SERVICES(  323): looking for pid 12431 in JDWP process list return fds0(32) fds1(33)
08-08 17:25:43.277 W/ADB_SERVICES(  323): LS(406745): bound to 'jdwp:12431' via 32
08-08 17:25:43.277 W/ADB_SERVICES(  323): trying to write to JDWP socket=31 pid=12431 count=1 out_fds=33
08-08 17:25:43.280 I/BufferQueueProducer(  258): [FrameBufferSurface_0](this:0x557afdfed0,id:0,api:1,p:258,c:258) queueBuffer: fps=1.06 dur=8474.11 max=8344.77 min=14.24
08-08 17:25:43.292 E/MiLinkClient(MiLinkSDK)(WALI_LIVE)(12120): generic-pool-3=>task resultErrCode=-3,resultErrMsg:milink-service not ready! Thread.currentThread().name:generic-pool-3
08-08 17:25:43.293 D/com.wali.live.manager.LiveSyncManager(MiLinkSDK)(WALI_LIVE)(12120): generic-pool-3=>syncMyOwnerInfo failed,packetdata is null
08-08 17:25:43.300 D/AALService(  294): enableAALEvent: 0 -> 1
08-08 17:25:43.316 I/art     (12120): Explicit concurrent mark sweep GC freed 6456(394KB) AllocSpace objects, 4(60KB) LOS objects, 31% free, 34MB/50MB, paused 1.551ms total 101.238ms
08-08 17:25:43.322 D/TidaProvider(12431): TidaProvider()
08-08 17:25:43.337 V/SettingsInterface(12431): invalidate [system]: current 496 != cached 0
08-08 17:25:43.338 D/ActivityManager(  745): getContentProviderImpl: from caller=android.app.ApplicationThreadProxy@3213dc62 (pid=12431, userId=0) to get content provider settings cpr=ContentProviderRecord{b70a7d6 u0 com.android.providers.settings/.SettingsProvider}
08-08 17:25:43.338 D/ActivityManager(  745): getContentProviderImpl: updateLruProcessLocked cpr.proc=ProcessRecord{2a5e56e 745:system/1000}
08-08 17:25:43.339 D/ActivityThread(12431): hoder:android.app.IActivityManager$ContentProviderHolder@19aba6f2,provider,holder.Provider:android.content.ContentProviderProxy@c200143
08-08 17:25:43.339 V/SettingsProvider(  745): call(system:anr_debugging_mechanism) for 0
08-08 17:25:43.339 D/SettingsProvider(  745): lookupValue table system cache contains Key anr_debugging_mechanism , value = Bundle[{value=1}]
08-08 17:25:43.373 I/MultiDex(12431): VM with version 2.1.0 has multidex support
08-08 17:25:43.373 I/MultiDex(12431): install
08-08 17:25:43.373 I/MultiDex(12431): VM has multidex support, MultiDex support library is disabled.
08-08 17:25:43.373 I/MultiDex(12431): install
08-08 17:25:43.373 I/MultiDex(12431): VM has multidex support, MultiDex support library is disabled.
08-08 17:25:43.385 E/MiLinkClient(MiLinkSDK)(WALI_LIVE)(12120): generic-pool-5=>task resultErrCode=-3,resultErrMsg:milink-service not ready! Thread.currentThread().name:generic-pool-5
08-08 17:25:43.386 D/BannerManager(MiLinkSDK)(WALI_LIVE)(12120): generic-pool-5=>fetchBannerFromServer isChinese = true
08-08 17:25:43.407 W/ActivityManager(  745): getRunningAppProcesses: caller 10242 does not hold REAL_GET_TASKS; limiting output
08-08 17:25:43.420 D/LeakCanary(12120): Could not dump heap, previous analysis still is in progress.
08-08 17:25:43.442 W/Mns.Global.Runtime(12431): DEBUG is ON
08-08 17:25:43.472 E/MnsTracer(MiLinkSDK)(WALI_LIVE)(12431): main=>File Trace Level Changed = 63
08-08 17:25:43.472 E/MnsTracer(MiLinkSDK)(WALI_LIVE)(12431): main=>Logcat Trace Level Changed = 63
08-08 17:25:43.473 E/MiLinkServiceBinder(MiLinkSDK)(WALI_LIVE)(12431): main=>Client Protection Saved : 10007;200006;2.0.6;DEBUG;WALI_LIVE;com.wali.live;zh_CN;;
08-08 17:25:43.492 E/MnsTracer(MiLinkSDK)(WALI_LIVE)(12431): main=>Client File Trace Level Changed = 63
08-08 17:25:43.493 E/MnsTracer(MiLinkSDK)(WALI_LIVE)(12431): main=>Client Logcat Trace Level Changed = 63
08-08 17:25:43.493 W/WALI_LIVE(MiLinkSDK)(WALI_LIVE)(12431): main=>LiveApplication onCreate
08-08 17:25:43.493 W/WALI_LIVE(MiLinkSDK)(WALI_LIVE)(12431): main=>ApplicationLoad starts
08-08 17:25:43.496 W/ActivityManager(  745): getRunningAppProcesses: caller 10242 does not hold REAL_GET_TASKS; limiting output
08-08 17:25:43.500 W/ActivityManager(  745): getRunningAppProcesses: caller 10242 does not hold REAL_GET_TASKS; limiting output
08-08 17:25:43.502 W/H5Cache(MiLinkSDK)(WALI_LIVE)(12431): main=>current process is webkit ? false
08-08 17:25:43.553 W/H5Cache(MiLinkSDK)(WALI_LIVE)(12431): main=>valid File:read file name=asset_com.mi.live.h5.pkg-10000002.zip
08-08 17:25:43.553 W/H5Cache(MiLinkSDK)(WALI_LIVE)(12431): main=>valid File:add file name=asset_com.mi.live.h5.pkg-10000002.zip
08-08 17:25:43.569 D/AALService(  294): enableAALEvent: 1 -> 0
08-08 17:25:43.576 W/H5Cache(MiLinkSDK)(WALI_LIVE)(12431): main=>com.mi.live.h5.pkg-10000002.zip;md5=d70f25fdc72556e29a1ac0ae3452fa21
08-08 17:25:43.577 W/H5Cache(MiLinkSDK)(WALI_LIVE)(12431): main=>valid File:read file name=asset_com.mi.live.h5.pkg-10000002.zip
08-08 17:25:43.577 W/H5Cache(MiLinkSDK)(WALI_LIVE)(12431): main=>valid File:add file name=asset_com.mi.live.h5.pkg-10000002.zip
08-08 17:25:43.578 E/H5Cache(MiLinkSDK)(WALI_LIVE)(12431): main=>add one asset pkg;version=10000002
08-08 17:25:43.587 D/LightsService(  745): setLight_native: light=2, colorARGB=0xffffffff, flashMode=0, onMS=0, offMS=0, brightnessMode=0
08-08 17:25:43.587 D/lights  (  745): write_int open fd=254
08-08 17:25:43.587 D/lights  (  745): fd_leak:write_int open fd before close path=/sys/class/leds/button-backlight/brightness,fd=254
08-08 17:25:43.588 D/PowerManagerNotifier(  745): onUserActivity: event=0, uid=1000
08-08 17:25:43.588 D/WifiDisplayAdapter(  745): getWifiDisplayStatusLocked: result=WifiDisplayStatus{featureState=2, scanState=0, activeDisplayState=0, activeDisplay=null, displays=[], sessionInfo=WifiDisplaySessionInfo: C/O:Client,GId:,Pp:,SId:0,IP:}
08-08 17:25:43.588 D/PowerManagerService(  745): isWfdEnabled() mWfdStatus=WifiDisplayStatus{featureState=2, scanState=0, activeDisplayState=0, activeDisplay=null, displays=[], sessionInfo=WifiDisplaySessionInfo: C/O:Client,GId:,Pp:,SId:0,IP:}, return false
08-08 17:25:43.588 D/DisplayPowerController(  745): requestPowerState: policy=BRIGHT, useProximitySensor=false, screenBrightness=106, screenAutoBrightnessAdjustment=0.0, useAutoBrightness=false, blockScreenOn=false, lowPowerMode=false, dozeScreenBrightness=-1, dozeScreenState=UNKNOWN, waitForNegativeProximity=false
08-08 17:25:43.588 D/PowerManagerNotifier(  745): onWakeLockReleased: flags=536870922, tag="WindowManager", packageName=android, ownerUid=1000, ownerPid=745, workSource=WorkSource{10242}
08-08 17:25:43.588 D/PowerManagerNotifier(  745): onUserActivity: event=0, uid=1000
08-08 17:25:43.589 D/WifiDisplayAdapter(  745): getWifiDisplayStatusLocked: result=WifiDisplayStatus{featureState=2, scanState=0, activeDisplayState=0, activeDisplay=null, displays=[], sessionInfo=WifiDisplaySessionInfo: C/O:Client,GId:,Pp:,SId:0,IP:}
08-08 17:25:43.589 D/PowerManagerService(  745): isWfdEnabled() mWfdStatus=WifiDisplayStatus{featureState=2, scanState=0, activeDisplayState=0, activeDisplay=null, displays=[], sessionInfo=WifiDisplaySessionInfo: C/O:Client,GId:,Pp:,SId:0,IP:}, return false
08-08 17:25:43.589 D/DisplayPowerController(  745): requestPowerState: policy=BRIGHT, useProximitySensor=false, screenBrightness=106, screenAutoBrightnessAdjustment=0.0, useAutoBrightness=false, blockScreenOn=false, lowPowerMode=false, dozeScreenBrightness=-1, dozeScreenState=UNKNOWN, waitForNegativeProximity=false
08-08 17:25:43.595 I/BufferQueueConsumer(  258): [Toast](this:0x557b0ea6e0,id:4585,api:1,p:-1,c:-1) disconnect(C)
08-08 17:25:43.595 I/BufferQueue(  258): [Toast](this:0x557b0ea6e0,id:4585,api:1,p:-1,c:-1) ~BufferQueueCore
08-08 17:25:43.595 D/GraphicBuffer(  258): free, handle(0x557b035500) (w:960 h:376 s:960 f:0x1 u:0x000b00)
08-08 17:25:43.595 D/IMGSRV  (  258): gralloc_device_free:1251: ID=3218351 ref=0
08-08 17:25:43.605 E/MiLinkClient(MiLinkSDK)(WALI_LIVE)(12120): generic-pool-6=>task resultErrCode=-3,resultErrMsg:milink-service not ready! Thread.currentThread().name:generic-pool-6
08-08 17:25:43.605 D/com.wali.live.manager.LiveSyncManager(MiLinkSDK)(WALI_LIVE)(12120): generic-pool-6=>syncMyOwnerInfo failed,packetdata is null
08-08 17:25:43.606 V/WALI_LIVE(MiLinkSDK)(WALI_LIVE)(12120): main=>MyInfoFragment 
08-08 17:25:43.619 D/MPlugin (12431): createInstance(): Begin = 360570051
08-08 17:25:43.619 D/MPlugin (12431): create Instance (two parameters) with : com.mediatek.common.telephony.IOnlyOwnerSimSupport
08-08 17:25:43.619 D/MPlugin (12431): Clazz exists on mapping table : false
08-08 17:25:43.619 E/MPlugin (12431): Unsupported class: com.mediatek.common.telephony.IOnlyOwnerSimSupport
08-08 17:25:43.619 D/MPlugin (12431): createInstance(): End = 360570051
08-08 17:25:43.623 E/MiLinkClient(MiLinkSDK)(WALI_LIVE)(12120): generic-pool-8=>task resultErrCode=-3,resultErrMsg:milink-service not ready! Thread.currentThread().name:generic-pool-8
08-08 17:25:43.624 D/BannerManager(MiLinkSDK)(WALI_LIVE)(12120): generic-pool-8=>fetchBannerFromServer isChinese = true
08-08 17:25:43.633 E/MiLinkClient(MiLinkSDK)(WALI_LIVE)(12120): RxCachedThreadScheduler-2=>task resultErrCode=-3,resultErrMsg:milink-service not ready! Thread.currentThread().name:RxCachedThreadScheduler-2
08-08 17:25:43.633 D/FuzzySearchRepository(MiLinkSDK)(WALI_LIVE)(12120): RxCachedThreadScheduler-2=>fuzzySearch failed,packetdata is null
08-08 17:25:43.634 V/SettingsInterface( 1651):  from settings cache , name = multi_sim_common , value = 1
08-08 17:25:43.636 D/WifiManager(12431): Enter init, sThreadRefCount:0
08-08 17:25:43.636 D/WifiService(  745): getWifiServiceMessenger, pid:12431, uid:10242
08-08 17:25:43.637 D/WifiManager(12431): Create WifiManager handlerthread
08-08 17:25:43.640 D/WifiService(  745): New client listening to asynchronous messages
08-08 17:25:43.642 E/WifiTrafficPoller(  745): ADD_CLIENT: 23
08-08 17:25:43.655 W/ADB_SERVICES(  323): create_local_service_socket() name=shell:cat /proc/12120/stat
08-08 17:25:43.655 W/ADB_SERVICES(  323): service_to_fd() name=shell:cat /proc/12120/stat
08-08 17:25:43.655 W/ADB_SERVICES(  323): read_meminfo() mem_free=168056
08-08 17:25:43.656 W/ADB_SERVICES(  323): create_subproc ret_fd=33 pid=12467
08-08 17:25:43.656 W/ADB_SERVICES(  323): LS(406746): bound to 'shell:cat /proc/12120/stat' via 33
08-08 17:25:43.657 W/ADB_SERVICES(12467): adb: unable to update oom_score_adj
08-08 17:25:43.662 D/ADB_SERVICES(  323):  closing because is_eof=1 r=-1 s->fde.force_eof=0
08-08 17:25:43.663 W/ADB_SERVICES(  323): entered. LS(406746) fd=33
08-08 17:25:43.689 D/PerfServiceManager(  745): [PerfService] MESSAGE_TIMER_SCN_SW_FRAME_UPDATE 
08-08 17:25:43.689 I/libPerfService(  745): 7: set: 1
08-08 17:25:43.690 I/libPerfService(  745): 7: set freq: 0
08-08 17:25:43.693 W/ADB_SERVICES(  323): create_local_service_socket() name=shell:cat /proc/stat
08-08 17:25:43.693 W/ADB_SERVICES(  323): service_to_fd() name=shell:cat /proc/stat
08-08 17:25:43.693 W/ADB_SERVICES(  323): read_meminfo() mem_free=167172
08-08 17:25:43.694 W/ADB_SERVICES(  323): create_subproc ret_fd=33 pid=12469
08-08 17:25:43.694 W/ADB_SERVICES(  323): LS(406747): bound to 'shell:cat /proc/stat' via 33
08-08 17:25:43.696 E/MiLinkClient(MiLinkSDK)(WALI_LIVE)(12120): RxCachedThreadScheduler-6=>task resultErrCode=-3,resultErrMsg:milink-service not ready! Thread.currentThread().name:RxCachedThreadScheduler-6
08-08 17:25:43.697 W/ADB_SERVICES(12469): adb: unable to update oom_score_adj
08-08 17:25:43.703 D/ADB_SERVICES(  323):  closing because is_eof=1 r=1 s->fde.force_eof=0
08-08 17:25:43.703 W/ADB_SERVICES(  323): entered. LS(406747) fd=33
08-08 17:25:43.705 V/SettingsInterface( 1651):  from settings cache , name = multi_sim_common , value = 1
08-08 17:25:43.708 I/System.out(12431): *** uri=https://data.game.xiaomi.com/1px.gif?imei=wUtopgaUnDoFNAID&channelId=meng_100_1_android&ac=bid522&carrier=UNICOM&ext=%7B%22from%22%3A%22mipocketpayweb%22%2C%22packageName%22%3A%22com.wali.live%22%7D&jarver=1&ua=Xiaomi%7CRedmi+Note+3%7C5.0.2_develop_6.3.30%7CLRX22G+test-keys%7C21%7Chennessy&ver=SDK_UCASHIER_1.0.2
08-08 17:25:43.708 I/System.out(12431): httpget:https://data.game.xiaomi.com/1px.gif?imei=wUtopgaUnDoFNAID&channelId