08-08 17:24:36.330 D/WifiDisplayAdapter(  745): getWifiDisplayStatusLocked: result=WifiDisplayStatus{featureState=2, scanState=0, activeDisplayState=0, activeDisplay=null, displays=[], sessionInfo=WifiDisplaySessionInfo: C/O:Client,GId:,Pp:,SId:0,IP:}
08-08 17:24:36.331 D/AlarmManager(  745): onSendFinished begin
08-08 17:24:36.332 D/PowerManagerService(  745): isWfdEnabled() mWfdStatus=WifiDisplayStatus{featureState=2, scanState=0, activeDisplayState=0, activeDisplay=null, displays=[], sessionInfo=WifiDisplaySessionInfo: C/O:Client,GId:,Pp:,SId:0,IP:}, return false
08-08 17:24:36.333 D/DisplayPowerController(  745): requestPowerState: policy=BRIGHT, useProximitySensor=false, screenBrightness=106, screenAutoBrightnessAdjustment=0.0, useAutoBrightness=false, blockScreenOn=false, lowPowerMode=false, dozeScreenBrightness=-1, dozeScreenState=UNKNOWN, waitForNegativeProximity=false
08-08 17:24:36.333 D/PowerManagerNotifier(  745): onWakeLockAcquired: flags=1, tag="*alarm*", packageName=android, ownerUid=1000, ownerPid=745, workSource=WorkSource{10110}
08-08 17:24:36.335 D/PowerManagerNotifier(  745): onWakeLockReleased: flags=1, tag="*alarm*", packageName=android, ownerUid=1000, ownerPid=745, workSource=WorkSource{10110}
08-08 17:24:36.336 D/PowerManagerService(  745): MTK-----android
08-08 17:24:36.336 D/PowerManagerService(  745): MTK-----WindowManager
08-08 17:24:36.336 D/PowerManagerService(  745): MTK-----media
08-08 17:24:36.336 D/PowerManagerService(  745): MTK-----AudioMix
08-08 17:24:36.336 D/PowerManagerService(  745): wakelock list dump: mLocks.size=2:
08-08 17:24:36.336 D/PowerManagerService(  745): No.0: SCREEN_BRIGHT_WAKE_LOCK 'WindowManager'activated(flags=536870922, uid=1000, pid=745) total=88025ms)
08-08 17:24:36.336 D/PowerManagerService(  745): No.1: PARTIAL_WAKE_LOCK 'AudioMix'activated(flags=1, uid=1013, pid=280) total=86885ms)
08-08 17:24:36.336 D/WifiDisplayAdapter(  745): getWifiDisplayStatusLocked: result=WifiDisplayStatus{featureState=2, scanState=0, activeDisplayState=0, activeDisplay=null, displays=[], sessionInfo=WifiDisplaySessionInfo: C/O:Client,GId:,Pp:,SId:0,IP:}
08-08 17:24:36.336 D/PowerManagerService(  745): isWfdEnabled() mWfdStatus=WifiDisplayStatus{featureState=2, scanState=0, activeDisplayState=0, activeDisplay=null, displays=[], sessionInfo=WifiDisplaySessionInfo: C/O:Client,GId:,Pp:,SId:0,IP:}, return false
08-08 17:24:36.336 D/DisplayPowerController(  745): requestPowerState: policy=BRIGHT, useProximitySensor=false, screenBrightness=106, screenAutoBrightnessAdjustment=0.0, useAutoBrightness=false, blockScreenOn=false, lowPowerMode=false, dozeScreenBrightness=-1, dozeScreenState=UNKNOWN, waitForNegativeProximity=false
08-08 17:24:36.389 D/PowerManagerService(  745): MTK-----android
08-08 17:24:36.389 D/PowerManagerService(  745): MTK-----WindowManager
08-08 17:24:36.389 D/PowerManagerService(  745): MTK-----media
08-08 17:24:36.389 D/PowerManagerService(  745): MTK-----AudioMix
08-08 17:24:36.389 D/PowerManagerService(  745): MTK-----com.xiaomi.shop
08-08 17:24:36.389 D/PowerManagerService(  745): MTK-----pushservice-timer
08-08 17:24:36.389 D/PowerManagerService(  745): wakelock list dump: mLocks.size=3:
08-08 17:24:36.389 D/PowerManagerService(  745): No.0: SCREEN_BRIGHT_WAKE_LOCK 'WindowManager'activated(flags=536870922, uid=1000, pid=745) total=88078ms)
08-08 17:24:36.389 D/PowerManagerService(  745): No.1: PARTIAL_WAKE_LOCK 'AudioMix'activated(flags=1, uid=1013, pid=280) total=86938ms)
08-08 17:24:36.389 D/PowerManagerService(  745): No.2: PARTIAL_WAKE_LOCK 'pushservice-timer'activated(flags=1, uid=10110, pid=13290) total=0ms)
08-08 17:24:36.389 D/WifiDisplayAdapter(  745): getWifiDisplayStatusLocked: result=WifiDisplayStatus{featureState=2, scanState=0, activeDisplayState=0, activeDisplay=null, displays=[], sessionInfo=WifiDisplaySessionInfo: C/O:Client,GId:,Pp:,SId:0,IP:}
08-08 17:24:36.389 D/PowerManagerService(  745): isWfdEnabled() mWfdStatus=WifiDisplayStatus{featureState=2, scanState=0, activeDisplayState=0, activeDisplay=null, displays=[], sessionInfo=WifiDisplaySessionInfo: C/O:Client,GId:,Pp:,SId:0,IP:}, return false
08-08 17:24:36.390 D/DisplayPowerController(  745): requestPowerState: policy=BRIGHT, useProximitySensor=false, screenBrightness=106, screenAutoBrightnessAdjustment=0.0, useAutoBrightness=false, blockScreenOn=false, lowPowerMode=false, dozeScreenBrightness=-1, dozeScreenState=UNKNOWN, waitForNegativeProximity=false
08-08 17:24:36.390 D/PowerManagerNotifier(  745): onWakeLockAcquired: flags=1, tag="pushservice-timer", packageName=com.xiaomi.shop, ownerUid=10110, ownerPid=13290, workSource=null
08-08 17:24:36.394 D/ActivityThread(13290): SVC-SERVICE_ARGS handled : 0 / ServiceArgsData{token=android.os.BinderProxy@14f3b463 startId=1021 args=Intent { act=com.xiaomi.mishop.push.action.HANDLE_TIMER flg=0x104 cmp=com.xiaomi.shop/com.xiaomi.mishop.push.PushService (has extras) }}
08-08 17:24:36.406 W/AlarmManager(  745): operation package = com.xiaomi.shop CTS_Alarm = false
08-08 17:24:36.406 V/AlarmManager(  745): isAlarmNeedAlign : screen on, Skip
08-08 17:24:36.413 D/PowerManagerNotifier(  745): onWakeLockReleased: flags=1, tag="pushservice-timer", packageName=com.xiaomi.shop, ownerUid=10110, ownerPid=13290, workSource=null
08-08 17:24:36.413 D/PowerManagerService(  745): MTK-----android
08-08 17:24:36.413 D/PowerManagerService(  745): MTK-----WindowManager
08-08 17:24:36.413 D/PowerManagerService(  745): MTK-----media
08-08 17:24:36.413 D/PowerManagerService(  745): MTK-----AudioMix
08-08 17:24:36.413 D/PowerManagerService(  745): wakelock list dump: mLocks.size=2:
08-08 17:24:36.413 D/PowerManagerService(  745): No.0: SCREEN_BRIGHT_WAKE_LOCK 'WindowManager'activated(flags=536870922, uid=1000, pid=745) total=88102ms)
08-08 17:24:36.413 D/PowerManagerService(  745): No.1: PARTIAL_WAKE_LOCK 'AudioMix'activated(flags=1, uid=1013, pid=280) total=86962ms)
08-08 17:24:36.413 D/WifiDisplayAdapter(  745): getWifiDisplayStatusLocked: result=WifiDisplayStatus{featureState=2, scanState=0, activeDisplayState=0, activeDisplay=null, displays=[], sessionInfo=WifiDisplaySessionInfo: C/O:Client,GId:,Pp:,SId:0,IP:}
08-08 17:24:36.413 D/PowerManagerService(  745): isWfdEnabled() mWfdStatus=WifiDisplayStatus{featureState=2, scanState=0, activeDisplayState=0, activeDisplay=null, displays=[], sessionInfo=WifiDisplaySessionInfo: C/O:Client,GId:,Pp:,SId:0,IP:}, return false
08-08 17:24:36.413 D/DisplayPowerController(  745): requestPowerState: policy=BRIGHT, useProximitySensor=false, screenBrightness=106, screenAutoBrightnessAdjustment=0.0, useAutoBrightness=false, blockScreenOn=false, lowPowerMode=false, dozeScreenBrightness=-1, dozeScreenState=UNKNOWN, waitForNegativeProximity=false
08-08 17:24:37.741 I/ANRManager(  745): updateProcessStats
08-08 17:24:38.500 I/thermal_repeater(  302): oh, queryMdThermalInfo (0)Bad file number
08-08 17:24:38.514 I/thermal_repeater(  302): [recvMdThermalInfo] ret=27, strLen=127,  3, 44, -127, -1, 32767, 17
08-08 17:24:38.714 V/ActivityManager(  745): Broadcast sticky: Intent { act=android.intent.action.BATTERY_CHANGED flg=0x60000010 (has extras) } ordered=false userid=-1 callerApp=null
08-08 17:24:38.726 D/UsbDeviceManager(  745): onReceive - BATTERY_CHANGED - mPlugType: 2, mSettingUsbCharging: false, mConnected: true, mSettingUsbBicr: false
08-08 17:24:38.726 D/WifiService(  745): onReceive, action:android.intent.action.BATTERY_CHANGED
08-08 17:24:38.731 D/WifiController(  745): DeviceActiveState{ when=-5ms what=155652 arg1=2 target=com.android.internal.util.StateMachine$SmHandler }
08-08 17:24:38.733 D/WifiController(  745): StaEnabledState{ when=-7ms what=155652 arg1=2 target=com.android.internal.util.StateMachine$SmHandler }
08-08 17:24:38.734 D/WifiController(  745): DefaultState{ when=-8ms what=155652 arg1=2 target=com.android.internal.util.StateMachine$SmHandler }
08-08 17:24:38.734 D/WifiController(  745): battery changed pluggedType: 2
08-08 17:24:39.018 V/ActivityManager(  745): Broadcast sticky: Intent { act=android.net.wifi.RSSI_CHANGED flg=0x4000010 (has extras) } ordered=false userid=-1 callerApp=ProcessRecord{2a5e56e 745:system/1000}
08-08 17:24:39.592 V/ActivityManager(  745): Broadcast sticky: Intent { act=android.intent.action.SIG_STR flg=0x20000010 (has extras) } ordered=false userid=-1 callerApp=ProcessRecord{2a5e56e 745:system/1000}
08-08 17:24:42.025 V/ActivityManager(  745): Broadcast sticky: Intent { act=android.net.wifi.RSSI_CHANGED flg=0x4000010 (has extras) } ordered=false userid=-1 callerApp=ProcessRecord{2a5e56e 745:system/1000}
08-08 17:24:43.518 I/thermal_repeater(  302): oh, queryMdThermalInfo (0)Bad file number
08-08 17:24:43.542 I/thermal_repeater(  302): [recvMdThermalInfo] ret=27, strLen=127,  3, 44, -127, -1, 32767, 17
08-08 17:24:44.594 I/ANRManager(  745): updateProcessStats
08-08 17:24:44.726 V/ActivityManager(  745): Broadcast sticky: Intent { act=android.intent.action.SIG_STR flg=0x20000010 (has extras) } ordered=false userid=-1 callerApp=ProcessRecord{2a5e56e 745:system/1000}
08-08 17:24:45.012 I/ANRManager(  745): CPU update time < 2.5sec
08-08 17:24:45.048 V/ActivityManager(  745): Broadcast sticky: Intent { act=android.net.wifi.RSSI_CHANGED flg=0x4000010 (has extras) } ordered=false userid=-1 callerApp=ProcessRecord{2a5e56e 745:system/1000}
08-08 17:24:46.436 I/ANRManager(  745): CPU update time < 2.5sec
08-08 17:24:48.061 V/ActivityManager(  745): Broadcast sticky: Intent { act=android.net.wifi.RSSI_CHANGED flg=0x4000010 (has extras) } ordered=false userid=-1 callerApp=ProcessRecord{2a5e56e 745:system/1000}
08-08 17:24:48.548 I/thermal_repeater(  302): oh, queryMdThermalInfo (0)Bad file number
08-08 17:24:48.574 I/thermal_repeater(  302): [recvMdThermalInfo] ret=27, strLen=127,  3, 44, -127, -1, 32767, 17
08-08 17:24:48.713 V/ActivityManager(  745): Broadcast sticky: Intent { act=android.intent.action.BATTERY_CHANGED flg=0x60000010 (has extras) } ordered=false userid=-1 callerApp=null
08-08 17:24:48.727 D/UsbDeviceManager(  745): onReceive - BATTERY_CHANGED - mPlugType: 2, mSettingUsbCharging: false, mConnected: true, mSettingUsbBicr: false
08-08 17:24:48.728 D/WifiService(  745): onReceive, action:android.intent.action.BATTERY_CHANGED
08-08 17:24:48.728 D/WifiController(  745): DeviceActiveState{ when=0 what=155652 arg1=2 target=com.android.internal.util.StateMachine$SmHandler }
08-08 17:24:48.731 D/WifiController(  745): StaEnabledState{ when=-3ms what=155652 arg1=2 target=com.android.internal.util.StateMachine$SmHandler }
08-08 17:24:48.731 D/WifiController(  745): DefaultState{ when=-3ms what=155652 arg1=2 target=com.android.internal.util.StateMachine$SmHandler }
08-08 17:24:48.731 D/WifiController(  745): battery changed pluggedType: 2
08-08 17:24:49.685 I/ANRManager(  745): updateProcessStats
08-08 17:24:49.862 V/ActivityManager(  745): Broadcast sticky: Intent { act=android.intent.action.SIG_STR flg=0x20000010 (has extras) } ordered=false userid=-1 callerApp=ProcessRecord{2a5e56e 745:system/1000}
08-08 17:24:51.074 V/ActivityManager(  745): Broadcast sticky: Intent { act=android.net.wifi.RSSI_CHANGED flg=0x4000010 (has extras) } ordered=false userid=-1 callerApp=ProcessRecord{2a5e56e 745:system/1000}
08-08 17:24:51.542 D/SocketClient(  272): SocketClient sendData done: 601 limit alert globalAlert wlan0
08-08 17:24:51.542 D/NetworkManagementService(  745): onEvent:601 limit alert globalAlert wlan0:5
08-08 17:24:51.543 D/PowerManagerService(  745): MTK-----android
08-08 17:24:51.543 D/PowerManagerService(  745): MTK-----WindowManager
08-08 17:24:51.543 D/PowerManagerService(  745): MTK-----media
08-08 17:24:51.543 D/PowerManagerService(  745): MTK-----AudioMix
08-08 17:24:51.543 D/PowerManagerService(  745): MTK-----android
08-08 17:24:51.543 D/PowerManagerService(  745): MTK-----NetworkStats
08-08 17:24:51.543 D/PowerManagerService(  745): wakelock list dump: mLocks.size=3:
08-08 17:24:51.543 D/PowerManagerService(  745): No.0: SCREEN_BRIGHT_WAKE_LOCK 'WindowManager'activated(flags=536870922, uid=1000, pid=745) total=103232ms)
08-08 17:24:51.543 D/PowerManagerService(  745): No.1: PARTIAL_WAKE_LOCK 'AudioMix'activated(flags=1, uid=1013, pid=280) total=102092ms)
08-08 17:24:51.543 D/PowerManagerService(  745): No.2: PARTIAL_WAKE_LOCK 'NetworkStats'activated(flags=1, uid=1000, pid=745) total=0ms)
08-08 17:24:51.543 D/WifiDisplayAdapter(  745): getWifiDisplayStatusLocked: result=WifiDisplayStatus{featureState=2, scanState=0, activeDisplayState=0, activeDisplay=null, displays=[], sessionInfo=WifiDisplaySessionInfo: C/O:Client,GId:,Pp:,SId:0,IP:}
08-08 17:24:51.543 D/PowerManagerService(  745): isWfdEnabled() mWfdStatus=WifiDisplayStatus{featureState=2, scanState=0, activeDisplayState=0, activeDisplay=null, displays=[], sessionInfo=WifiDisplaySessionInfo: C/O:Client,GId:,Pp:,SId:0,IP:}, return false
08-08 17:24:51.543 D/DisplayPowerController(  745): requestPowerState: policy=BRIGHT, useProximitySensor=false, screenBrightness=106, screenAutoBrightnessAdjustment=0.0, useAutoBrightness=false, blockScreenOn=false, lowPowerMode=false, dozeScreenBrightness=-1, dozeScreenState=UNKNOWN, waitForNegativeProximity=false
08-08 17:24:51.543 D/PowerManagerNotifier(  745): onWakeLockAcquired: flags=1, tag="NetworkStats", packageName=android, ownerUid=1000, ownerPid=745, workSource=null
08-08 17:24:51.544 V/NetworkStats(  745): performPollLocked(flags=0x1)
08-08 17:24:51.546 D/NetdConnector(  745): SND -> {7002 bandwidth gettetherstats}
08-08 17:24:51.546 D/FrameworkListener(  272): dispatchCommand data = (7002 bandwidth gettetherstats)
08-08 17:24:51.546 D/SocketClient(  272): SocketClient sendData done: 200 7002 Tethering stats list completed
08-08 17:24:51.546 D/NetdConnector(  745): RMV <- {200 7002 Tethering stats list completed}
08-08 17:24:51.548 W/NetworkStatsRecorder(  745): unknown interfaces [usbnet0, lo, p2p0], ignoring those stats
08-08 17:24:51.548 W/NetworkStatsRecorder(  745): unknown interfaces [usbnet0, lo, p2p0], ignoring those stats
08-08 17:24:51.549 W/NetworkStatsRecorder(  745): unknown interfaces [lo, p2p0], ignoring those stats
08-08 17:24:51.549 W/NetworkStatsRecorder(  745): unknown interfaces [lo, p2p0], ignoring those stats
08-08 17:24:51.549 D/NetworkStatsRecorder(  745): forcePersistLocked() writing for dev
08-08 17:24:51.556 D/NetworkStatsRecorder(  745): forcePersistLocked() writing for xt
08-08 17:24:51.581 V/NetworkStats(  745): performPollLocked() took 38ms
08-08 17:24:51.584 V/ActivityManager(  745): Broadcast: Intent { act=com.android.server.action.NETWORK_STATS_UPDATED flg=0x40000010 } ordered=false userid=-1 callerApp=ProcessRecord{2a5e56e 745:system/1000}
08-08 17:24:51.584 D/PowerManagerNotifier(  745): onWakeLockReleased: flags=1, tag="NetworkStats", packageName=android, ownerUid=1000, ownerPid=745, workSource=null
08-08 17:24:51.584 D/PowerManagerService(  745): MTK-----android
08-08 17:24:51.584 V/NetworkPolicy(  745): updateNetworkEnabledLocked()
08-08 17:24:51.584 D/PowerManagerService(  745): MTK-----WindowManager
08-08 17:24:51.584 D/PowerManagerService(  745): MTK-----media
08-08 17:24:51.584 D/PowerManagerService(  745): MTK-----AudioMix
08-08 17:24:51.584 D/PowerManagerService(  745): wakelock list dump: mLocks.size=2:
08-08 17:24:51.584 D/PowerManagerService(  745): No.0: SCREEN_BRIGHT_WAKE_LOCK 'WindowManager'activated(flags=536870922, uid=1000, pid=745) total=103273ms)
08-08 17:24:51.584 D/PowerManagerService(  745): No.1: PARTIAL_WAKE_LOCK 'AudioMix'activated(flags=1, uid=1013, pid=280) total=102133ms)
08-08 17:24:51.584 D/WifiDisplayAdapter(  745): getWifiDisplayStatusLocked: result=WifiDisplayStatus{featureState=2, scanState=0, activeDisplayState=0, activeDisplay=null, displays=[], sessionInfo=WifiDisplaySessionInfo: C/O:Client,GId:,Pp:,SId:0,IP:}
08-08 17:24:51.584 D/PowerManagerService(  745): isWfdEnabled() mWfdStatus=WifiDisplayStatus{featureState=2, scanState=0, activeDisplayState=0, activeDisplay=null, displays=[], sessionInfo=WifiDisplaySessionInfo: C/O:Client,GId:,Pp:,SId:0,IP:}, return false
08-08 17:24:51.584 D/DisplayPowerController(  745): requestPowerState: policy=BRIGHT, useProximitySensor=false, screenBrightness=106, screenAutoBrightnessAdjustment=0.0, useAutoBrightness=false, blockScreenOn=false, lowPowerMode=false, dozeScreenBrightness=-1, dozeScreenState=UNKNOWN, waitForNegativeProximity=false
08-08 17:24:51.584 D/NetdConnector(  745): SND -> {7003 bandwidth setglobalalert 2097152}
08-08 17:24:51.585 D/FrameworkListener(  272): dispatchCommand data = (7003 bandwidth setglobalalert 2097152)
08-08 17:24:51.585 W/ContextImpl( 1126): Calling a method in the system process without a qualified user: android.app.ContextImpl.sendBroadcast:1442 android.content.ContextWrapper.sendBroadcast:376 com.miui.networkassistant.service.tm.TrafficManageService.broadCastDataUsageUpdated:-1 com.miui.networkassistant.service.tm.TrafficManageService$8.onReceive:-1 android.app.LoadedApk$ReceiverDispatcher$Args.run:914 
08-08 17:24:51.585 V/NetworkPolicy(  745):  checking policy:NetworkPolicy[NetworkTemplate: matchRule=WIFI_WILDCARD]: cycleDay=-1, cycleTimezone=UTC, warningBytes=-1, limitBytes=9223372036854775807, lastWarningSnooze=-1, lastLimitSnooze=-1, metered=false, inferred=false
08-08 17:24:51.585 D/SocketClient(  272): SocketClient sendData done: 200 7003 Bandwidth command succeeeded
08-08 17:24:51.585 V/NetworkPolicy(  745):  checking policy:NetworkPolicy[NetworkTemplate: matchRule=MOBILE_ALL]: cycleDay=20, cycleTimezone=Asia/Shanghai, warningBytes=10485760, limitBytes=-1, lastWarningSnooze=-1, lastLimitSnooze=-1, metered=true, inferred=true
08-08 17:24:51.585 V/ActivityManager(  745): Broadcast: Intent { act=com.android.action.NETWORK_POLICY_UPDATE flg=0x10 } ordered=false userid=0 callerApp=ProcessRecord{3ac22483 1126:com.miui.networkassistant.deamon/1000}
08-08 17:24:51.585 D/NetdConnector(  745): RMV <- {200 7003 Bandwidth command succeeeded}
08-08 17:24:51.587 V/NetworkPolicy(  745):  checking policy:NetworkPolicy[NetworkTemplate: matchRule=MOBILE_ALL, subscriberId=460011...]: cycleDay=1, cycleTimezone=Asia/Shanghai, warningBytes=10485760, limitBytes=-1, lastWarningSnooze=-1, lastLimitSnooze=-1, metered=true, inferred=true
08-08 17:24:51.588 D/ActivityThread(  978): BDC-Calling onReceive: intent=Intent { act=com.android.action.NETWORK_POLICY_UPDATE flg=0x10 cmp=com.android.providers.downloads/.receiver.DataUsageRecevier }, receiver=com.android.providers.downloads.receiver.DataUsageRecevier@1ebdbba3
08-08 17:24:51.589 V/NetworkPolicy(  745): setPolicyDataEnableForSubscriber:subId(1),true
08-08 17:24:51.590 V/NetworkPolicy(  745): updateNotificationsLocked()
08-08 17:24:51.595 D/ActivityThread(  978): BDC-RECEIVER handled : 0 / ReceiverData{intent=Intent { act=com.android.action.NETWORK_POLICY_UPDATE flg=0x10 cmp=com.android.providers.downloads/.receiver.DataUsageRecevier } packageName=com.android.providers.downloads resultCode=-1 resultData=null resultExtras=null}
08-08 17:24:53.578 I/thermal_repeater(  302): oh, queryMdThermalInfo (0)Bad file number
08-08 17:24:53.596 I/thermal_repeater(  302): [recvMdThermalInfo] ret=27, strLen=127,  3, 43, -127, -1, 32767, -1
08-08 17:24:54.090 V/ActivityManager(  745): Broadcast sticky: Intent { act=android.net.wifi.RSSI_CHANGED flg=0x4000010 (has extras) } ordered=false userid=-1 callerApp=ProcessRecord{2a5e56e 745:system/1000}
08-08 17:24:54.947 V/ActivityManager(  745): Broadcast sticky: Intent { act=android.intent.action.SIG_STR flg=0x20000010 (has extras) } ordered=false userid=-1 callerApp=ProcessRecord{2a5e56e 745:system/1000}
08-08 17:24:57.113 V/ActivityManager(  745): Broadcast sticky: Intent { act=android.net.wifi.RSSI_CHANGED flg=0x4000010 (has extras) } ordered=false userid=-1 callerApp=ProcessRecord{2a5e56e 745:system/1000}
08-08 17:24:58.602 I/thermal_repeater(  302): oh, queryMdThermalInfo (0)Bad file number
08-08 17:24:58.617 I/thermal_repeater(  302): [recvMdThermalInfo] ret=27, strLen=127,  3, 43, -127, -1, 32767, 17
08-08 17:24:58.717 V/ActivityManager(  745): Broadcast sticky: Intent { act=android.intent.action.BATTERY_CHANGED flg=0x60000010 (has extras) } ordered=false userid=-1 callerApp=null
08-08 17:24:58.731 D/UsbDeviceManager(  745): onReceive - BATTERY_CHANGED - mPlugType: 2, mSettingUsbCharging: false, mConnected: true, mSettingUsbBicr: false
08-08 17:24:58.731 D/WifiService(  745): onReceive, action:android.intent.action.BATTERY_CHANGED
08-08 17:24:58.741 D/WifiController(  745): DeviceActiveState{ when=0 what=155652 arg1=2 target=com.android.internal.util.StateMachine$SmHandler }
08-08 17:24:58.741 D/WifiController(  745): StaEnabledState{ when=-10ms what=155652 arg1=2 target=com.android.internal.util.StateMachine$SmHandler }
08-08 17:24:58.741 D/WifiController(  745): DefaultState{ when=-10ms what=155652 arg1=2 target=com.android.internal.util.StateMachine$SmHandler }
08-08 17:24:58.741 D/WifiController(  745): battery changed pluggedType: 2
08-08 17:24:59.645 W/ProcessCpuTracker(  745): Skipping unknown process pid 11708
08-08 17:24:59.648 I/ANRManager(  745): updateProcessStats
08-08 17:25:00.001 V/ActivityManager(  745): Broadcast: Intent { act=android.intent.action.TIME_TICK flg=0x50000114 (has extras) } ordered=true userid=-1 callerApp=null
08-08 17:25:00.001 D/PowerManagerService(  745): MTK-----android
08-08 17:25:00.001 D/PowerManagerService(  745): MTK-----WindowManager
08-08 17:25:00.001 D/PowerManagerService(  745): MTK-----media
08-08 17:25:00.001 D/PowerManagerService(  745): MTK-----AudioMix
08-08 17:25:00.001 D/PowerManagerService(  745): MTK-----android
08-08 17:25:00.001 D/PowerManagerService(  745): MTK-----*alarm*
08-08 17:25:00.001 D/PowerManagerService(  745): wakelock list dump: mLocks.size=3:
08-08 17:25:00.001 D/PowerManagerService(  745): No.0: SCREEN_BRIGHT_WAKE_LOCK 'WindowManager'activated(flags=536870922, uid=1000, pid=745) total=111690ms)
08-08 17:25:00.001 D/PowerManagerService(  745): No.1: PARTIAL_WAKE_LOCK 'AudioMix'activated(flags=1, uid=1013, pid=280) total=110550ms)
08-08 17:25:00.001 D/PowerManagerService(  745): No.2: PARTIAL_WAKE_LOCK '*alarm*'activated(flags=1073741825, uid=1000, pid=745) total=0ms)
08-08 17:25:00.001 D/WifiDisplayAdapter(  745): getWifiDisplayStatusLocked: result=WifiDisplayStatus{featureState=2, scanState=0, activeDisplayState=0, activeDisplay=null, displays=[], sessionInfo=WifiDisplaySessionInfo: C/O:Client,GId:,Pp:,SId:0,IP:}
08-08 17:25:00.001 D/PowerManagerService(  745): isWfdEnabled() mWfdStatus=WifiDisplayStatus{featureState=2, scanState=0, activeDisplayState=0, activeDisplay=null, displays=[], sessionInfo=WifiDisplaySessionInfo: C/O:Client,GId:,Pp:,SId:0,IP:}, return false
08-08 17:25:00.001 D/DisplayPowerController(  745): requestPowerState: policy=BRIGHT, useProximitySensor=false, screenBrightness=106, screenAutoBrightnessAdjustment=0.0, useAutoBrightness=false, blockScreenOn=false, lowPowerMode=false, dozeScreenBrightness=-1, dozeScreenState=UNKNOWN, waitForNegativeProximity=false
08-08 17:25:00.002 D/PowerManagerNotifier(  745): onWakeLockAcquired: flags=1073741825, tag="*alarm*", packageName=android, ownerUid=1000, ownerPid=745, workSource=WorkSource{1000}
08-08 17:25:00.002 W/AlarmManager(  745): operation package = android CTS_Alarm = false
08-08 17:25:00.002 D/AlarmManager(  745): set alarm to RTC 539686115
08-08 17:25:00.003 D/ActivityThread(  745): BDC-Calling finishReceiver: IIntentReceiver=2dbedaae
08-08 17:25:00.005 D/ActivityThread(  944): BDC-Calling finishReceiver: IIntentReceiver=7596e1a
08-08 17:25:00.026 D/ActivityThread(  944): BDC-Calling finishReceiver: IIntentReceiver=22bbfd4b
08-08 17:25:00.040 W/Watchdog(  745): SWT Watchdog after wait current time:360526472
08-08 17:25:00.040 W/Watchdog(  745): **Get SF Time **1
08-08 17:25:00.040 W/Watchdog(  745): SWT Watchdog before synchronized:360526472
08-08 17:25:00.040 W/Watchdog(  745): SWT Watchdog after synchronized:360526472
08-08 17:25:00.040 W/Watchdog(  745): SWT Watchdog before wait timeout:30000
08-08 17:25:00.040 W/Watchdog(  745): SWT Watchdog before wait current time:360526472
08-08 17:25:00.040 W/Watchdog(  745): SWT Watchdog before wait start:360526472
08-08 17:25:00.040 W/Watchdog(  745): SWT Watchdog before wait CHECK_INTERVAL:30000
08-08 17:25:00.046 D/ActivityThread(  944): BDC-Calling finishReceiver: IIntentReceiver=8cc1841
08-08 17:25:00.048 D/ActivityThread(  944): BDC-Calling finishReceiver: IIntentReceiver=319051e6
08-08 17:25:00.080 D/ActivityThread(  944): BDC-Calling finishReceiver: IIntentReceiver=17e64c24
08-08 17:25:00.080 D/AlarmManager(  745): onSendFinished begin
08-08 17:25:00.080 D/PowerManagerNotifier(  745): onWakeLockReleased: flags=1073741825, tag="*alarm*", packageName=android, ownerUid=1000, ownerPid=745, workSource=WorkSource{1000}
08-08 17:25:00.081 D/PowerManagerService(  745): MTK-----android
08-08 17:25:00.081 D/PowerManagerService(  745): MTK-----WindowManager
08-08 17:25:00.081 D/PowerManagerService(  745): MTK-----media
08-08 17:25:00.081 D/PowerManagerService(  745): MTK-----AudioMix
08-08 17:25:00.081 D/PowerManagerService(  745): wakelock list dump: mLocks.size=2:
08-08 17:25:00.081 D/PowerManagerService(  745): No.0: SCREEN_BRIGHT_WAKE_LOCK 'WindowManager'activated(flags=536870922, uid=1000, pid=745) total=111770ms)
08-08 17:25:00.081 D/PowerManagerService(  745): No.1: PARTIAL_WAKE_LOCK 'AudioMix'activated(flags=1, uid=1013, pid=280) total=110630ms)
08-08 17:25:00.081 D/WifiDisplayAdapter(  745): getWifiDisplayStatusLocked: result=WifiDisplayStatus{featureState=2, scanState=0, activeDisplayState=0, activeDisplay=null, displays=[], sessionInfo=WifiDisplaySessionInfo: C/O:Client,GId:,Pp:,SId:0,IP:}
08-08 17:25:00.081 D/PowerManagerService(  745): isWfdEnabled() mWfdStatus=WifiDisplayStatus{featureState=2, scanState=0, activeDisplayState=0, activeDisplay=null, displays=[], sessionInfo=WifiDisplaySessionInfo: C/O:Client,GId:,Pp:,SId:0,IP:}, return false
08-08 17:25:00.081 D/DisplayPowerController(  745): requestPowerState: policy=BRIGHT, useProximitySensor=false, screenBrightness=106, screenAutoBrightnessAdjustment=0.0, useAutoBrightness=false, blockScreenOn=false, lowPowerMode=false, dozeScreenBrightness=-1, dozeScreenState=UNKNOWN, waitForNegativeProximity=false
08-08 17:25:00.150 V/ActivityManager(  745): Broadcast sticky: Intent { act=android.net.wifi.RSSI_CHANGED flg=0x4000010 (has extras) } ordered=false userid=-1 callerApp=ProcessRecord{2a5e56e 745:system/1000}
08-08 17:25:03.177 V/ActivityManager(  745): Broadcast sticky: Intent { act=android.net.wifi.RSSI_CHANGED flg=0x4000010 (has extras) } ordered=false userid=-1 callerApp=ProcessRecord{2a5e56e 745:system/1000}
08-08 17:25:03.626 I/thermal_repeater(  302): oh, queryMdThermalInfo (0)Bad file number
08-08 17:25:03.654 I/thermal_repeater(  302): [recvMdThermalInfo] ret=27, strLen=127,  3, 43, -127, -1, 32767, 17
08-08 17:25:04.801 W/ActivityManager(  745): getRunningAppProcesses: caller 10175 does not hold REAL_GET_TASKS; limiting output
08-08 17:25:05.031 I/ANRManager(  745): updateProcessStats
08-08 17:25:05.205 V/ActivityManager(  745): Broadcast sticky: Intent { act=android.intent.action.SIG_STR flg=0x20000010 (has extras) } ordered=false userid=-1 callerApp=ProcessRecord{2a5e56e 745:system/1000}
08-08 17:25:06.190 V/ActivityManager(  745): Broadcast sticky: Intent { act=android.net.wifi.RSSI_CHANGED flg=0x4000010 (has extras) } ordered=false userid=-1 callerApp=ProcessRecord{2a5e56e 745:system/1000}
08-08 17:25:08.663 I/thermal_repeater(  302): oh, queryMdThermalInfo (0)Bad file number
08-08 17:25:08.677 I/thermal_repeater(  302): [recvMdThermalInfo] ret=27, strLen=127,  3, 43, -127, -1, 32767, 17
08-08 17:25:08.721 V/ActivityManager(  745): Broadcast sticky: Intent { act=android.intent.action.BATTERY_CHANGED flg=0x60000010 (has extras) } ordered=false userid=-1 callerApp=null
08-08 17:25:08.729 D/UsbDeviceManager(  745): onReceive - BATTERY_CHANGED - mPlugType: 2, mSettingUsbCharging: false, mConnected: true, mSettingUsbBicr: false
08-08 17:25:08.737 D/WifiService(  745): onReceive, action:android.intent.action.BATTERY_CHANGED
08-08 17:25:08.749 D/WifiController(  745): DeviceActiveState{ when=-12ms what=155652 arg1=2 target=com.android.internal.util.StateMachine$SmHandler }
08-08 17:25:08.749 D/WifiController(  745): StaEnabledState{ when=-12ms what=155652 arg1=2 target=com.android.internal.util.StateMachine$SmHandler }
08-08 17:25:08.749 D/WifiController(  745): DefaultState{ when=-12ms what=155652 arg1=2 target=com.android.internal.util.StateMachine$SmHandler }
08-08 17:25:08.749 D/WifiController(  745): battery changed pluggedType: 2
08-08 17:25:09.206 V/ActivityManager(  745): Broadcast sticky: Intent { act=android.net.wifi.RSSI_CHANGED flg=0x4000010 (has extras) } ordered=false userid=-1 callerApp=ProcessRecord{2a5e56e 745:system/1000}
08-08 17:25:10.362 V/ActivityManager(  745): Broadcast sticky: Intent { act=android.intent.action.SIG_STR flg=0x20000010 (has extras) } ordered=false userid=-1 callerApp=ProcessRecord{2a5e56e 745:system/1000}
08-08 17:25:12.215 V/ActivityManager(  745): Broadcast sticky: Intent { act=android.net.wifi.RSSI_CHANGED flg=0x4000010 (has extras) } ordered=false userid=-1 callerApp=ProcessRecord{2a5e56e 745:system/1000}
08-08 17:25:13.683 I/thermal_repeater(  302): oh, queryMdThermalInfo (0)Bad file number
08-08 17:25:13.704 I/thermal_repeater(  302): [recvMdThermalInfo] ret=27, strLen=127,  3, 43, -127, -1, 32767, 17
08-08 17:25:15.282 V/ActivityManager(  745): Broadcast sticky: Intent { act=android.net.wifi.RSSI_CHANGED flg=0x4000010 (has extras) } ordered=false userid=-1 callerApp=ProcessRecord{2a5e56e 745:system/1000}
08-08 17:25:15.427 V/ActivityManager(  745): Broadcast sticky: Intent { act=android.intent.action.SIG_STR flg=0x20000010 (has extras) } ordered=false userid=-1 callerApp=ProcessRecord{2a5e56e 745:system/1000}
08-08 17:25:17.201 D/SocketClient(  272): SocketClient sendData done: 601 limit alert globalAlert wlan0
08-08 17:25:17.202 D/NetworkManagementService(  745): onEvent:601 limit alert globalAlert wlan0:5
08-08 17:25:17.202 D/PowerManagerService(  745): MTK-----android
08-08 17:25:17.202 D/PowerManagerService(  745): MTK-----WindowManager
08-08 17:25:17.202 D/PowerManagerService(  745): MTK-----media
08-08 17:25:17.202 D/PowerManagerService(  745): MTK-----AudioMix
08-08 17:25:17.202 D/PowerManagerService(  745): MTK-----android
08-08 17:25:17.202 D/PowerManagerService(  745): MTK-----NetworkStats
08-08 17:25:17.202 D/PowerManagerService(  745): wakelock list dump: mLocks.size=3:
08-08 17:25:17.202 D/PowerManagerService(  745): No.0: SCREEN_BRIGHT_WAKE_LOCK 'WindowManager'activated(flags=536870922, uid=1000, pid=745) total=128891ms)
08-08 17:25:17.202 D/PowerManagerService(  745): No.1: PARTIAL_WAKE_LOCK 'AudioMix'activated(flags=1, uid=1013, pid=280) total=127751ms)
08-08 17:25:17.202 D/PowerManagerService(  745): No.2: PARTIAL_WAKE_LOCK 'NetworkStats'activated(flags=1, uid=1000, pid=745) total=0ms)
08-08 17:25:17.202 D/WifiDisplayAdapter(  745): getWifiDisplayStatusLocked: result=WifiDisplayStatus{featureState=2, scanState=0, activeDisplayState=0, activeDisplay=null, displays=[], sessionInfo=WifiDisplaySessionInfo: C/O:Client,GId:,Pp:,SId:0,IP:}
08-08 17:25:17.202 D/PowerManagerService(  745): isWfdEnabled() mWfdStatus=WifiDisplayStatus{featureState=2, scanState=0, activeDisplayState=0, activeDisplay=null, displays=[], sessionInfo=WifiDisplaySessionInfo: C/O:Client,GId:,Pp:,SId:0,IP:}, return false
08-08 17:25:17.203 D/DisplayPowerController(  745): requestPowerState: policy=BRIGHT, useProximitySensor=false, screenBrightness=106, screenAutoBrightnessAdjustment=0.0, useAutoBrightness=false, blockScreenOn=false, lowPowerMode=false, dozeScreenBrightness=-1, dozeScreenState=UNKNOWN, waitForNegativeProximity=false
08-08 17:25:17.203 D/PowerManagerNotifier(  745): onWakeLockAcquired: flags=1, tag="NetworkStats", packageName=android, ownerUid=1000, ownerPid=745, workSource=null
08-08 17:25:17.203 V/NetworkStats(  745): performPollLocked(flags=0x1)
08-08 17:25:17.206 D/NetdConnector(  745): SND -> {7004 bandwidth gettetherstats}
08-08 17:25:17.208 D/FrameworkListener(  272): dispatchCommand data = (7004 bandwidth gettetherstats)
08-08 17:25:17.208 D/SocketClient(  272): SocketClient sendData done: 200 7004 Tethering stats list completed
08-08 17:25:17.210 D/NetdConnector(  745): RMV <- {200 7004 Tethering stats list completed}
08-08 17:25:17.218 W/NetworkStatsRecorder(  745): unknown interfaces [usbnet0, lo, p2p0], ignoring those stats
08-08 17:25:17.219 W/NetworkStatsRecorder(  745): unknown interfaces [usbnet0, lo, p2p0], ignoring those stats
08-08 17:25:17.220 W/NetworkStatsRecorder(  745): unknown interfaces [lo, p2p0], ignoring those stats
08-08 17:25:17.220 W/NetworkStatsRecorder(  745): unknown interfaces [lo, p2p0], ignoring those stats
08-08 17:25:17.220 D/NetworkStatsRecorder(  745): forcePersistLocked() writing for dev
08-08 17:25:17.227 D/NetworkStatsRecorder(  745): forcePersistLocked() writing for xt
08-08 17:25:17.241 V/NetworkStats(  745): performPollLocked() took 39ms
08-08 17:25:17.244 V/ActivityManager(  745): Broadcast: Intent { act=com.android.server.action.NETWORK_STATS_UPDATED flg=0x40000010 } ordered=false userid=-1 callerApp=ProcessRecord{2a5e56e 745:system/1000}
08-08 17:25:17.245 D/PowerManagerNotifier(  745): onWakeLockReleased: flags=1, tag="NetworkStats", packageName=android, ownerUid=1000, ownerPid=745, workSource=null
08-08 17:25:17.245 D/PowerManagerService(  745): MTK-----android
08-08 17:25:17.245 D/PowerManagerService(  745): MTK-----WindowManager
08-08 17:25:17.245 D/PowerManagerService(  745): MTK-----media
08-08 17:25:17.245 D/PowerManagerService(  745): MTK-----AudioMix
08-08 17:25:17.245 D/PowerManagerService(  745): wakelock list dump: mLocks.size=2:
08-08 17:25:17.245 D/PowerManagerService(  745): No.0: SCREEN_BRIGHT_WAKE_LOCK 'WindowManager'activated(flags=536870922, uid=1000, pid=745) total=128934ms)
08-08 17:25:17.245 D/PowerManagerService(  745): No.1: PARTIAL_WAKE_LOCK 'AudioMix'activated(flags=1, uid=1013, pid=280) total=127794ms)
08-08 17:25:17.245 D/WifiDisplayAdapter(  745): getWifiDisplayStatusLocked: result=WifiDisplayStatus{featureState=2, scanState=0, activeDisplayState=0, activeDisplay=null, displays=[], sessionInfo=WifiDisplaySessionInfo: C/O:Client,GId:,Pp:,SId:0,IP:}
08-08 17:25:17.245 D/PowerManagerService(  745): isWfdEnabled() mWfdStatus=WifiDisplayStatus{featureState=2, scanState=0, activeDisplayState=0, activeDisplay=null, displays=[], sessionInfo=WifiDisplaySessionInfo: C/O:Client,GId:,Pp:,SId:0,IP:}, return false
08-08 17:25:17.245 D/DisplayPowerController(  745): requestPowerState: policy=BRIGHT, useProximitySensor=false, screenBrightness=106, screenAutoBrightnessAdjustment=0.0, useAutoBrightness=false, blockScreenOn=false, lowPowerMode=false, dozeScreenBrightness=-1, dozeScreenState=UNKNOWN, waitForNegativeProximity=false
08-08 17:25:17.245 D/NetdConnector(  745): SND -> {7005 bandwidth setglobalalert 2097152}
08-08 17:25:17.246 D/FrameworkListener(  272): dispatchCommand data = (7005 bandwidth setglobalalert 2097152)
08-08 17:25:17.246 D/SocketClient(  272): SocketClient sendData done: 200 7005 Bandwidth command succeeeded
08-08 17:25:17.246 D/NetdConnector(  745): RMV <- {200 7005 Bandwidth command succeeeded}
08-08 17:25:17.247 V/NetworkPolicy(  745): updateNetworkEnabledLocked()
08-08 17:25:17.248 V/NetworkPolicy(  745):  checking policy:NetworkPolicy[NetworkTemplate: matchRule=WIFI_WILDCARD]: cycleDay=-1, cycleTimezone=UTC, warningBytes=-1, limitBytes=9223372036854775807, lastWarningSnooze=-1, lastLimitSnooze=-1, metered=false, inferred=false
08-08 17:25:17.249 V/NetworkPolicy(  745):  checking policy:NetworkPolicy[NetworkTemplate: matchRule=MOBILE_ALL]: cycleDay=20, cycleTimezone=Asia/Shanghai, warningBytes=10485760, limitBytes=-1, lastWarningSnooze=-1, lastLimitSnooze=-1, metered=true, inferred=true
08-08 17:25:17.249 W/ContextImpl( 1126): Calling a method in the system process without a qualified user: android.app.ContextImpl.sendBroadcast:1442 android.content.ContextWrapper.sendBroadcast:376 com.miui.networkassistant.service.tm.TrafficManageService.broadCastDataUsageUpdated:-1 com.miui.networkassistant.service.tm.TrafficManageService$8.onReceive:-1 android.app.LoadedApk$ReceiverDispatcher$Args.run:914 
08-08 17:25:17.250 V/ActivityManager(  745): Broadcast: Intent { act=com.android.action.NETWORK_POLICY_UPDATE flg=0x10 } ordered=false userid=0 callerApp=ProcessRecord{3ac22483 1126:com.miui.networkassistant.deamon/1000}
08-08 17:25:17.257 D/ActivityThread(  978): BDC-Calling onReceive: intent=Intent { act=com.android.action.NETWORK_POLICY_UPDATE flg=0x10 cmp=com.android.providers.downloads/.receiver.DataUsageRecevier }, receiver=com.android.providers.downloads.receiver.DataUsageRecevier@2906bea0
08-08 17:25:17.258 V/NetworkPolicy(  745):  checking policy:NetworkPolicy[NetworkTemplate: matchRule=MOBILE_ALL, subscriberId=460011...]: cycleDay=1, cycleTimezone=Asia/Shanghai, warningBytes=10485760, limitBytes=-1, lastWarningSnooze=-1, lastLimitSnooze=-1, metered=true, inferred=true
08-08 17:25:17.260 V/NetworkPolicy(  745): setPolicyDataEnableForSubscriber:subId(1),true
08-08 17:25:17.262 V/NetworkPolicy(  745): updateNotificationsLocked()
08-08 17:25:17.264 D/ActivityThread(  978): BDC-RECEIVER handled : 0 / ReceiverData{intent=Intent { act=com.android.action.NETWORK_POLICY_UPDATE flg=0x10 cmp=com.android.providers.downloads/.receiver.DataUsageRecevier } packageName=com.android.providers.downloads resultCode=-1 resultData=null resultExtras=null}
08-08 17:25:18.291 V/ActivityManager(  745): Broadcast sticky: Intent { act=android.net.wifi.RSSI_CHANGED flg=0x4000010 (has extras) } ordered=false userid=-1 callerApp=ProcessRecord{2a5e56e 745:system/1000}
08-08 17:25:18.708 I/thermal_repeater(  302): oh, queryMdThermalInfo (0)Bad file number
08-08 17:25:18.732 I/thermal_repeater(  302): [recvMdThermalInfo] ret=27, strLen=127,  3, 43, -127, -1, 32767, 17
08-08 17:25:19.346 D/SocketClient(  272): SocketClient sendData done: 
08-08 17:25:20.571 V/ActivityManager(  745): Broadcast sticky: Intent { act=android.intent.action.SIG_STR flg=0x20000010 (has extras) } ordered=false userid=-1 callerApp=ProcessRecord{2a5e56e 745:system/1000}
08-08 17:25:21.301 V/ActivityManager(  745): Broadcast sticky: Intent { act=android.net.wifi.RSSI_CHANGED flg=0x4000010 (has extras) } ordered=false userid=-1 callerApp=ProcessRecord{2a5e56e 745:system/1000}
08-08 17:25:21.618 W/ProcessCpuTracker(  745): Skipping unknown process pid 11991
08-08 17:25:21.619 W/ProcessCpuTracker(  745): Skipping unknown process pid 11992
08-08 17:25:21.620 W/ProcessCpuTracker(  745): Skipping unknown process pid 11993
08-08 17:25:21.622 I/ANRManager(  745): updateProcessStats
08-08 17:25:22.224 W/ProcessCpuTracker(  745): Skipping unknown process pid 12001
08-08 17:25:23.738 I/thermal_repeater(  302): oh, queryMdThermalInfo (0)Bad file number
08-08 17:25:23.758 I/thermal_repeater(  302): [recvMdThermalInfo] ret=27, strLen=127,  3, 43, -127, -1, 32767, 17
08-08 17:25:24.324 V/ActivityManager(  745): Broadcast sticky: Intent { act=android.net.wifi.RSSI_CHANGED flg=0x4000010 (has extras) } ordered=false userid=-1 callerApp=ProcessRecord{2a5e56e 745:system/1000}
08-08 17:25:25.674 V/ActivityManager(  745): Broadcast sticky: Intent { act=android.intent.action.SIG_STR flg=0x20000010 (has extras) } ordered=false userid=-1 callerApp=ProcessRecord{2a5e56e 745:system/1000}
08-08 17:25:27.350 V/ActivityManager(  745): Broadcast sticky: Intent { act=android.net.wifi.RSSI_CHANGED flg=0x4000010 (has extras) } ordered=false userid=-1 callerApp=ProcessRecord{2a5e56e 745:system/1000}
08-08 17:25:28.703 V/ActivityManager(  745): Broadcast sticky: Intent { act=android.intent.action.BATTERY_CHANGED flg=0x60000010 (has extras) } ordered=false userid=-1 callerApp=null
08-08 17:25:28.704 D/UsbDeviceManager(  745): onReceive - BATTERY_CHANGED - mPlugType: 2, mSettingUsbCharging: false, mConnected: true, mSettingUsbBicr: false
08-08 17:25:28.704 D/WifiService(  745): onReceive, action:android.intent.action.BATTERY_CHANGED
08-08 17:25:28.704 D/WifiController(  745): DeviceActiveState{ when=0 what=155652 arg1=2 target=com.android.internal.util.StateMachine$SmHandler }
08-08 17:25:28.704 D/WifiController(  745): StaEnabledState{ when=0 what=155652 arg1=2 target=com.android.internal.util.StateMachine$SmHandler }
08-08 17:25:28.704 D/WifiController(  745): DefaultState{ when=0 what=155652 arg1=2 target=com.android.internal.util.StateMachine$SmHandler }
08-08 17:25:28.704 D/WifiController(  745): battery changed pluggedType: 2
08-08 17:25:28.764 I/thermal_repeater(  302): oh, queryMdThermalInfo (0)Bad file number
08-08 17:25:28.783 I/thermal_repeater(  302): [recvMdThermalInfo] ret=27, strLen=127,  3, 44, -127, -1, 32767, 17
08-08 17:25:30.041 W/Watchdog(  745): SWT Watchdog after wait current time:360556473
08-08 17:25:30.041 W/Watchdog(  745): **Get SF Time **1
08-08 17:25:30.041 W/Watchdog(  745): SWT Watchdog before synchronized:360556473
08-08 17:25:30.041 W/Watchdog(  745): SWT Watchdog after synchronized:360556473
08-08 17:25:30.041 W/Watchdog(  745): SWT Watchdog before wait timeout:30000
08-08 17:25:30.041 W/Watchdog(  745): SWT Watchdog before wait current time:360556473
08-08 17:25:30.041 W/Watchdog(  745): SWT Watchdog before wait start:360556473
08-08 17:25:30.041 W/Watchdog(  745): SWT Watchdog before wait CHECK_INTERVAL:30000
08-08 17:25:30.366 V/ActivityManager(  745): Broadcast sticky: Intent { act=android.net.wifi.RSSI_CHANGED flg=0x4000010 (has extras) } ordered=false userid=-1 callerApp=ProcessRecord{2a5e56e 745:system/1000}
08-08 17:25:30.808 V/ActivityManager(  745): Broadcast sticky: Intent { act=android.intent.action.SIG_STR flg=0x20000010 (has extras) } ordered=false userid=-1 callerApp=ProcessRecord{2a5e56e 745:system/1000}
08-08 17:25:31.038 D/FrameworkListener(  272): dispatchCommand data = (getaddrinfo data.mistat.xiaomi.com ^ 1024 0 1 0 0)
08-08 17:25:31.048 D/SocketClient(  272): SocketClient sendData done: 222
08-08 17:25:31.048 D/SocketClient(  272): SocketClient sendData done: 
08-08 17:25:31.048 D/SocketClient(  272): SocketClient sendData done: 
08-08 17:25:31.048 D/SocketClient(  272): SocketClient sendData done: 
08-08 17:25:31.048 D/SocketClient(  272): SocketClient sendData done: 
08-08 17:25:31.048 D/SocketClient(  272): SocketClient sendData done: 
08-08 17:25:31.048 D/SocketClient(  272): SocketClient sendData done: 
08-08 17:25:31.083 D/SocketClient(  272): SocketClient sendData done: 
08-08 17:25:31.280 D/ActivityManager(  745): SVC-mBroadcastQueues: com.android.server.am.BroadcastQueue@2c41a360
08-08 17:25:31.280 D/ActivityManager(  745): SVC-mBroadcastQueues: com.android.server.am.BroadcastQueue@13fa0019
08-08 17:25:31.289 W/ActivityManager(  745):   Force finishing activity com.wali.live/.video.WatchActivity
08-08 17:25:31.290 D/PowerManagerService(  745): MTK-----android
08-08 17:25:31.290 D/PowerManagerService(  745): MTK-----WindowManager
08-08 17:25:31.290 D/PowerManagerService(  745): MTK-----media
08-08 17:25:31.290 D/PowerManagerService(  745): MTK-----AudioMix
08-08 17:25:31.290 D/PowerManagerService(  745): MTK-----android
08-08 17:25:31.290 D/PowerManagerService(  745): MTK-----ActivityManager-Launch
08-08 17:25:31.290 D/PowerManagerService(  745): wakelock list dump: mLocks.size=3:
08-08 17:25:31.290 D/PowerManagerService(  745): No.0: SCREEN_BRIGHT_WAKE_LOCK 'WindowManager'activated(flags=536870922, uid=1000, pid=745) total=142979ms)
08-08 17:25:31.290 D/PowerManagerService(  745): No.1: PARTIAL_WAKE_LOCK 'AudioMix'activated(flags=1, uid=1013, pid=280) total=141839ms)
08-08 17:25:31.290 D/PowerManagerService(  745): No.2: PARTIAL_WAKE_LOCK 'ActivityManager-Launch'activated(flags=1, uid=1000, pid=745) total=0ms)
08-08 17:25:31.291 D/WifiDisplayAdapter(  745): getWifiDisplayStatusLocked: result=WifiDisplayStatus{featureState=2, scanState=0, activeDisplayState=0, activeDisplay=null, displays=[], sessionInfo=WifiDisplaySessionInfo: C/O:Client,GId:,Pp:,SId:0,IP:}
08-08 17:25:31.291 D/PowerManagerService(  745): isWfdEnabled() mWfdStatus=WifiDisplayStatus{featureState=2, scanState=0, activeDisplayState=0, activeDisplay=null, displays=[], sessionInfo=WifiDisplaySessionInfo: C/O:Client,GId:,Pp:,SId:0,IP:}, return false
08-08 17:25:31.291 D/DisplayPowerController(  745): requestPowerState: policy=BRIGHT, useProximitySensor=false, screenBrightness=106, screenAutoBrightnessAdjustment=0.0, useAutoBrightness=false, blockScreenOn=false, lowPowerMode=false, dozeScreenBrightness=-1, dozeScreenState=UNKNOWN, waitForNegativeProximity=false
08-08 17:25:31.291 D/PowerManagerNotifier(  745): onWakeLockAcquired: flags=1, tag="ActivityManager-Launch", packageName=android, ownerUid=1000, ownerPid=745, workSource=null
08-08 17:25:31.302 D/FrameworkListener(  272): dispatchCommand data = (getaddrinfo fcanr.tracking.miui.com ^ 1024 0 1 0 0)
08-08 17:25:31.313 V/ActivityManager(  745): Broadcast: Intent { act=android.intent.action.DROPBOX_ENTRY_ADDED flg=0x10 (has extras) } ordered=false userid=0 callerApp=ProcessRecord{2a5e56e 745:system/1000}
08-08 17:25:31.326 D/SocketClient(  272): SocketClient sendData done: 222
08-08 17:25:31.326 D/SocketClient(  272): SocketClient sendData done: 
08-08 17:25:31.326 D/SocketClient(  272): SocketClient sendData done: 
08-08 17:25:31.326 D/SocketClient(  272): SocketClient sendData done: 
08-08 17:25:31.326 D/SocketClient(  272): SocketClient sendData done: 
08-08 17:25:31.326 D/SocketClient(  272): SocketClient sendData done: 
08-08 17:25:31.326 D/SocketClient(  272): SocketClient sendData done: 
08-08 17:25:31.326 D/SocketClient(  272): SocketClient sendData done: 
08-08 17:25:31.326 D/SocketClient(  272): SocketClient sendData done: 
08-08 17:25:31.326 D/SocketClient(  272): SocketClient sendData done: 
08-08 17:25:31.326 D/SocketClient(  272): SocketClient sendData done: 
08-08 17:25:31.326 D/SocketClient(  272): SocketClient sendData done: 
08-08 17:25:31.328 D/SocketClient(  272): SocketClient sendData done: 
08-08 17:25:31.341 W/ContextImpl(  745): Calling a method in the system process without a qualified user: android.app.ContextImpl.bindService:1871 android.content.ContextWrapper.bindService:538 miui.os.DropBoxManager.cp:361 miui.os.DropBoxManager.a:350 miui.os.DropBoxManager.addText:314 
08-08 17:25:31.454 D/DisplayManagerService(  745): Display listener for pid 3601 died.
08-08 17:25:31.454 I/WindowState(  745): WIN DEATH: Window{30423a48 u0 com.wali.live/com.wali.live.video.WatchActivity}
08-08 17:25:31.454 D/WifiService(  745): Client connection lost with reason: 4
08-08 17:25:31.462 I/ActivityManager(  745): Process com.wali.live (pid 3601) has died
08-08 17:25:31.463 D/ActivityManager(  745): SVC-handleAppDiedLocked: app = ProcessRecord{2fa8fa 3601:com.wali.live/u0a242}, app.pid = 3601
08-08 17:25:31.464 V/ActivityManager(  745): cleanUpApplicationRecordLocked:restart=false
08-08 17:25:31.464 D/ActivityManager(  745): SVC-mBroadcastQueues: com.android.server.am.BroadcastQueue@2c41a360
08-08 17:25:31.464 D/ActivityManager(  745): SVC-mBroadcastQueues: com.android.server.am.BroadcastQueue@13fa0019
08-08 17:25:31.469 V/WindowManager(  745): Changing focus from Window{30423a48 u0 com.wali.live/com.wali.live.video.WatchActivity EXITING} to null Callers=com.android.server.wm.WindowManagerService.removeWindowLocked:2984 com.android.server.wm.WindowState$DeathRecipient.binderDied:1125 android.os.BinderProxy.sendDeathNotice:559 <bottom of call stack> 
08-08 17:25:31.473 I/WindowState(  745): WIN DEATH: Window{1916bda2 u0 SurfaceView}
08-08 17:25:31.475 I/WindowState(  745): WIN DEATH: Window{21b3dfba u0 com.wali.live/com.wali.live.main.LiveMainActivity}
08-08 17:25:31.480 I/WindowState(  745): WIN DEATH: Window{10c751f0 u0 SurfaceView}
08-08 17:25:31.482 I/WindowManager(  745): Losing focus: Window{30423a48 u0 com.wali.live/com.wali.live.video.WatchActivity EXITING}
08-08 17:25:31.506 I/ActivityManager(  745): Start proc com.wali.live for activity com.wali.live/.main.LiveMainActivity: pid=12120 uid=10242 gids={50242, 9997, 3003, 3002, 1028, 1015} abi=armeabi-v7a
08-08 17:25:31.508 D/ActivityThread( 3657): SVC-UNBIND_SERVICE handled : 0 / BindServiceData{token=android.os.BinderProxy@2d2b9895 intent=Intent { pkg=com.wali.live cmp=com.wali.live/com.mi.milink.sdk.service.MiLinkService }}
08-08 17:25:31.543 V/NetworkStats(  745): setKernelCounterSet uid=10242 set=0
08-08 17:25:31.624 V/NetworkStats(  745): setKernelCounterSet uid=10242 set=1
08-08 17:25:31.643 D/ActivityManager(  745): getContentProviderImpl: from caller=android.app.ApplicationThreadProxy@120073b4 (pid=12120, userId=0) to get content provider settings cpr=ContentProviderRecord{b70a7d6 u0 com.android.providers.settings/.SettingsProvider}
08-08 17:25:31.643 D/ActivityManager(  745): getContentProviderImpl: updateLruProcessLocked cpr.proc=ProcessRecord{2a5e56e 745:system/1000}
08-08 17:25:31.644 D/ActivityThread(12120): hoder:android.app.IActivityManager$ContentProviderHolder@19aba6f2,provider,holder.Provider:android.content.ContentProviderProxy@c200143
08-08 17:25:31.644 V/SettingsProvider(  745): call(system:anr_debugging_mechanism) for 0
08-08 17:25:31.688 V/ActivityManager(  745): Broadcast: Intent { act=com.mi.milink.ACTION_MSG flg=0x10 pkg=com.wali.live (has extras) } ordered=false userid=0 callerApp=ProcessRecord{71321fe 3657:com.wali.live:remote/u0a242}
08-08 17:25:31.720 D/PowerManagerNotifier(  745): onUserActivity: event=0, uid=1000
08-08 17:25:31.720 D/WifiDisplayAdapter(  745): getWifiDisplayStatusLocked: result=WifiDisplayStatus{featureState=2, scanState=0, activeDisplayState=0, activeDisplay=null, displays=[], sessionInfo=WifiDisplaySessionInfo: C/O:Client,GId:,Pp:,SId:0,IP:}
