08-08 17:24:14.632 D/DisplayPowerController(  745): requestPowerState: policy=BRIGHT, useProximitySensor=false, screenBrightness=106, screenAutoBrightnessAdjustment=0.0, useAutoBrightness=false, blockScreenOn=false, lowPowerMode=false, dozeScreenBrightness=-1, dozeScreenState=UNKNOWN, waitForNegativeProximity=false
08-08 17:24:14.896 V/ActivityManager(  745): Broadcast sticky: Intent { act=android.net.wifi.RSSI_CHANGED flg=0x4000010 (has extras) } ordered=false userid=-1 callerApp=ProcessRecord{2a5e56e 745:system/1000}
08-08 17:24:15.011 D/AlarmManager(  745): set alarm to RTC 539602441
08-08 17:24:15.012 D/AlarmManager(  745): wakeup alarm = Alarm{131d10bc type 2 when 539581126 android}; package = android
08-08 17:24:15.012 V/ActivityManager(  745): Broadcast: Intent { act=android.content.syncmanager.SYNC_ALARM flg=0x114 (has extras) } ordered=true userid=0 callerApp=null
08-08 17:24:15.012 D/PowerManagerService(  745): MTK-----android
08-08 17:24:15.012 D/PowerManagerService(  745): MTK-----WindowManager
08-08 17:24:15.012 D/PowerManagerService(  745): MTK-----media
08-08 17:24:15.012 D/PowerManagerService(  745): MTK-----AudioMix
08-08 17:24:15.012 D/PowerManagerService(  745): MTK-----android
08-08 17:24:15.012 D/PowerManagerService(  745): MTK-----*alarm*
08-08 17:24:15.012 D/PowerManagerService(  745): wakelock list dump: mLocks.size=3:
08-08 17:24:15.013 D/PowerManagerService(  745): No.0: SCREEN_BRIGHT_WAKE_LOCK 'WindowManager'activated(flags=536870922, uid=1000, pid=745) total=66701ms)
08-08 17:24:15.013 D/PowerManagerService(  745): No.1: PARTIAL_WAKE_LOCK 'AudioMix'activated(flags=1, uid=1013, pid=280) total=65562ms)
08-08 17:24:15.013 D/PowerManagerService(  745): No.2: PARTIAL_WAKE_LOCK '*alarm*'activated(flags=1, uid=1000, pid=745) total=1ms)
08-08 17:24:15.013 D/WifiDisplayAdapter(  745): getWifiDisplayStatusLocked: result=WifiDisplayStatus{featureState=2, scanState=0, activeDisplayState=0, activeDisplay=null, displays=[], sessionInfo=WifiDisplaySessionInfo: C/O:Client,GId:,Pp:,SId:0,IP:}
08-08 17:24:15.013 D/PowerManagerService(  745): isWfdEnabled() mWfdStatus=WifiDisplayStatus{featureState=2, scanState=0, activeDisplayState=0, activeDisplay=null, displays=[], sessionInfo=WifiDisplaySessionInfo: C/O:Client,GId:,Pp:,SId:0,IP:}, return false
08-08 17:24:15.013 D/DisplayPowerController(  745): requestPowerState: policy=BRIGHT, useProximitySensor=false, screenBrightness=106, screenAutoBrightnessAdjustment=0.0, useAutoBrightness=false, blockScreenOn=false, lowPowerMode=false, dozeScreenBrightness=-1, dozeScreenState=UNKNOWN, waitForNegativeProximity=false
08-08 17:24:15.013 D/PowerManagerNotifier(  745): onWakeLockAcquired: flags=1, tag="*alarm*", packageName=android, ownerUid=1000, ownerPid=745, workSource=WorkSource{1000}
08-08 17:24:15.015 D/PowerManagerService(  745): MTK-----android
08-08 17:24:15.015 D/PowerManagerService(  745): MTK-----WindowManager
08-08 17:24:15.015 D/PowerManagerService(  745): MTK-----media
08-08 17:24:15.015 D/PowerManagerService(  745): MTK-----AudioMix
08-08 17:24:15.015 D/PowerManagerService(  745): MTK-----android
08-08 17:24:15.015 D/PowerManagerService(  745): MTK-----*alarm*
08-08 17:24:15.015 D/PowerManagerService(  745): MTK-----android
08-08 17:24:15.015 D/PowerManagerService(  745): MTK-----SyncManagerHandleSyncAlarm
08-08 17:24:15.015 D/PowerManagerService(  745): wakelock list dump: mLocks.size=4:
08-08 17:24:15.015 D/PowerManagerService(  745): No.0: SCREEN_BRIGHT_WAKE_LOCK 'WindowManager'activated(flags=536870922, uid=1000, pid=745) total=66704ms)
08-08 17:24:15.015 D/PowerManagerService(  745): No.1: PARTIAL_WAKE_LOCK 'AudioMix'activated(flags=1, uid=1013, pid=280) total=65564ms)
08-08 17:24:15.015 D/PowerManagerService(  745): No.2: PARTIAL_WAKE_LOCK '*alarm*'activated(flags=1, uid=1000, pid=745) total=3ms)
08-08 17:24:15.015 D/PowerManagerService(  745): No.3: PARTIAL_WAKE_LOCK 'SyncManagerHandleSyncAlarm'activated(flags=1, uid=1000, pid=745) total=0ms)
08-08 17:24:15.016 D/WifiDisplayAdapter(  745): getWifiDisplayStatusLocked: result=WifiDisplayStatus{featureState=2, scanState=0, activeDisplayState=0, activeDisplay=null, displays=[], sessionInfo=WifiDisplaySessionInfo: C/O:Client,GId:,Pp:,SId:0,IP:}
08-08 17:24:15.016 D/PowerManagerService(  745): isWfdEnabled() mWfdStatus=WifiDisplayStatus{featureState=2, scanState=0, activeDisplayState=0, activeDisplay=null, displays=[], sessionInfo=WifiDisplaySessionInfo: C/O:Client,GId:,Pp:,SId:0,IP:}, return false
08-08 17:24:15.016 D/DisplayPowerController(  745): requestPowerState: policy=BRIGHT, useProximitySensor=false, screenBrightness=106, screenAutoBrightnessAdjustment=0.0, useAutoBrightness=false, blockScreenOn=false, lowPowerMode=false, dozeScreenBrightness=-1, dozeScreenState=UNKNOWN, waitForNegativeProximity=false
08-08 17:24:15.016 D/PowerManagerNotifier(  745): onWakeLockAcquired: flags=1, tag="SyncManagerHandleSyncAlarm", packageName=android, ownerUid=1000, ownerPid=745, workSource=null
08-08 17:24:15.018 D/ActivityThread(  745): BDC-Calling finishReceiver: IIntentReceiver=1870dbe8
08-08 17:24:15.019 D/PowerManagerService(  745): MTK-----android
08-08 17:24:15.019 D/PowerManagerService(  745): MTK-----WindowManager
08-08 17:24:15.019 D/PowerManagerService(  745): MTK-----media
08-08 17:24:15.019 D/PowerManagerService(  745): MTK-----AudioMix
08-08 17:24:15.019 D/PowerManagerService(  745): MTK-----android
08-08 17:24:15.019 D/PowerManagerService(  745): MTK-----*alarm*
08-08 17:24:15.019 D/PowerManagerService(  745): MTK-----android
08-08 17:24:15.019 D/PowerManagerService(  745): MTK-----SyncManagerHandleSyncAlarm
08-08 17:24:15.019 D/PowerManagerService(  745): MTK-----android
08-08 17:24:15.019 D/PowerManagerService(  745): MTK-----SyncLoopWakeLock
08-08 17:24:15.019 D/PowerManagerService(  745): wakelock list dump: mLocks.size=5:
08-08 17:24:15.019 D/PowerManagerService(  745): No.0: SCREEN_BRIGHT_WAKE_LOCK 'WindowManager'activated(flags=536870922, uid=1000, pid=745) total=66708ms)
08-08 17:24:15.019 D/PowerManagerService(  745): No.1: PARTIAL_WAKE_LOCK 'AudioMix'activated(flags=1, uid=1013, pid=280) total=65568ms)
08-08 17:24:15.019 D/PowerManagerService(  745): No.2: PARTIAL_WAKE_LOCK '*alarm*'activated(flags=1, uid=1000, pid=745) total=7ms)
08-08 17:24:15.019 D/PowerManagerService(  745): No.3: PARTIAL_WAKE_LOCK 'SyncManagerHandleSyncAlarm'activated(flags=1, uid=1000, pid=745) total=4ms)
08-08 17:24:15.019 D/PowerManagerService(  745): No.4: PARTIAL_WAKE_LOCK 'SyncLoopWakeLock'activated(flags=1, uid=1000, pid=745) total=0ms)
08-08 17:24:15.019 D/WifiDisplayAdapter(  745): getWifiDisplayStatusLocked: result=WifiDisplayStatus{featureState=2, scanState=0, activeDisplayState=0, activeDisplay=null, displays=[], sessionInfo=WifiDisplaySessionInfo: C/O:Client,GId:,Pp:,SId:0,IP:}
08-08 17:24:15.019 D/PowerManagerService(  745): isWfdEnabled() mWfdStatus=WifiDisplayStatus{featureState=2, scanState=0, activeDisplayState=0, activeDisplay=null, displays=[], sessionInfo=WifiDisplaySessionInfo: C/O:Client,GId:,Pp:,SId:0,IP:}, return false
08-08 17:24:15.020 D/DisplayPowerController(  745): requestPowerState: policy=BRIGHT, useProximitySensor=false, screenBrightness=106, screenAutoBrightnessAdjustment=0.0, useAutoBrightness=false, blockScreenOn=false, lowPowerMode=false, dozeScreenBrightness=-1, dozeScreenState=UNKNOWN, waitForNegativeProximity=false
08-08 17:24:15.020 D/PowerManagerNotifier(  745): onWakeLockAcquired: flags=1, tag="SyncLoopWakeLock", packageName=android, ownerUid=1000, ownerPid=745, workSource=null
08-08 17:24:15.023 D/AlarmManager(  745): onSendFinished begin
08-08 17:24:15.023 D/PowerManagerNotifier(  745): onWakeLockReleased: flags=1, tag="*alarm*", packageName=android, ownerUid=1000, ownerPid=745, workSource=WorkSource{1000}
08-08 17:24:15.023 D/PowerManagerService(  745): MTK-----android
08-08 17:24:15.023 D/PowerManagerService(  745): MTK-----WindowManager
08-08 17:24:15.023 D/PowerManagerService(  745): MTK-----media
08-08 17:24:15.023 D/PowerManagerService(  745): MTK-----AudioMix
08-08 17:24:15.023 D/PowerManagerService(  745): MTK-----android
08-08 17:24:15.023 D/PowerManagerService(  745): MTK-----SyncManagerHandleSyncAlarm
08-08 17:24:15.023 D/PowerManagerService(  745): MTK-----android
08-08 17:24:15.023 D/PowerManagerService(  745): MTK-----SyncLoopWakeLock
08-08 17:24:15.023 D/PowerManagerService(  745): wakelock list dump: mLocks.size=4:
08-08 17:24:15.023 D/PowerManagerService(  745): No.0: SCREEN_BRIGHT_WAKE_LOCK 'WindowManager'activated(flags=536870922, uid=1000, pid=745) total=66712ms)
08-08 17:24:15.024 D/PowerManagerService(  745): No.1: PARTIAL_WAKE_LOCK 'AudioMix'activated(flags=1, uid=1013, pid=280) total=65573ms)
08-08 17:24:15.024 D/PowerManagerService(  745): No.2: PARTIAL_WAKE_LOCK 'SyncManagerHandleSyncAlarm'activated(flags=1, uid=1000, pid=745) total=9ms)
08-08 17:24:15.024 D/PowerManagerService(  745): No.3: PARTIAL_WAKE_LOCK 'SyncLoopWakeLock'activated(flags=1, uid=1000, pid=745) total=5ms)
08-08 17:24:15.024 D/WifiDisplayAdapter(  745): getWifiDisplayStatusLocked: result=WifiDisplayStatus{featureState=2, scanState=0, activeDisplayState=0, activeDisplay=null, displays=[], sessionInfo=WifiDisplaySessionInfo: C/O:Client,GId:,Pp:,SId:0,IP:}
08-08 17:24:15.024 D/PowerManagerService(  745): isWfdEnabled() mWfdStatus=WifiDisplayStatus{featureState=2, scanState=0, activeDisplayState=0, activeDisplay=null, displays=[], sessionInfo=WifiDisplaySessionInfo: C/O:Client,GId:,Pp:,SId:0,IP:}, return false
08-08 17:24:15.024 D/DisplayPowerController(  745): requestPowerState: policy=BRIGHT, useProximitySensor=false, screenBrightness=106, screenAutoBrightnessAdjustment=0.0, useAutoBrightness=false, blockScreenOn=false, lowPowerMode=false, dozeScreenBrightness=-1, dozeScreenState=UNKNOWN, waitForNegativeProximity=false
08-08 17:24:15.103 D/PowerManagerNotifier(  745): onWakeLockReleased: flags=1, tag="SyncManagerHandleSyncAlarm", packageName=android, ownerUid=1000, ownerPid=745, workSource=null
08-08 17:24:15.103 D/PowerManagerService(  745): MTK-----android
08-08 17:24:15.103 D/PowerManagerService(  745): MTK-----WindowManager
08-08 17:24:15.103 D/PowerManagerService(  745): MTK-----media
08-08 17:24:15.103 D/PowerManagerService(  745): MTK-----AudioMix
08-08 17:24:15.103 D/PowerManagerService(  745): MTK-----android
08-08 17:24:15.103 D/PowerManagerService(  745): MTK-----SyncLoopWakeLock
08-08 17:24:15.103 D/PowerManagerService(  745): wakelock list dump: mLocks.size=3:
08-08 17:24:15.103 D/PowerManagerService(  745): No.0: SCREEN_BRIGHT_WAKE_LOCK 'WindowManager'activated(flags=536870922, uid=1000, pid=745) total=66792ms)
08-08 17:24:15.103 D/PowerManagerService(  745): No.1: PARTIAL_WAKE_LOCK 'AudioMix'activated(flags=1, uid=1013, pid=280) total=65652ms)
08-08 17:24:15.103 D/PowerManagerService(  745): No.2: PARTIAL_WAKE_LOCK 'SyncLoopWakeLock'activated(flags=1, uid=1000, pid=745) total=84ms)
08-08 17:24:15.104 D/WifiDisplayAdapter(  745): getWifiDisplayStatusLocked: result=WifiDisplayStatus{featureState=2, scanState=0, activeDisplayState=0, activeDisplay=null, displays=[], sessionInfo=WifiDisplaySessionInfo: C/O:Client,GId:,Pp:,SId:0,IP:}
08-08 17:24:15.104 D/PowerManagerService(  745): isWfdEnabled() mWfdStatus=WifiDisplayStatus{featureState=2, scanState=0, activeDisplayState=0, activeDisplay=null, displays=[], sessionInfo=WifiDisplaySessionInfo: C/O:Client,GId:,Pp:,SId:0,IP:}, return false
08-08 17:24:15.104 D/DisplayPowerController(  745): requestPowerState: policy=BRIGHT, useProximitySensor=false, screenBrightness=106, screenAutoBrightnessAdjustment=0.0, useAutoBrightness=false, blockScreenOn=false, lowPowerMode=false, dozeScreenBrightness=-1, dozeScreenState=UNKNOWN, waitForNegativeProximity=false
08-08 17:24:15.104 W/AlarmManager(  745): operation package = android CTS_Alarm = false
08-08 17:24:15.104 V/AlarmManager(  745): isAlarmNeedAlign : screen on, Skip
08-08 17:24:15.104 D/PowerManagerNotifier(  745): onWakeLockReleased: flags=1, tag="SyncLoopWakeLock", packageName=android, ownerUid=1000, ownerPid=745, workSource=null
08-08 17:24:15.105 D/PowerManagerService(  745): MTK-----android
08-08 17:24:15.105 D/PowerManagerService(  745): MTK-----WindowManager
08-08 17:24:15.105 D/PowerManagerService(  745): MTK-----media
08-08 17:24:15.105 D/PowerManagerService(  745): MTK-----AudioMix
08-08 17:24:15.105 D/PowerManagerService(  745): wakelock list dump: mLocks.size=2:
08-08 17:24:15.105 D/PowerManagerService(  745): No.0: SCREEN_BRIGHT_WAKE_LOCK 'WindowManager'activated(flags=536870922, uid=1000, pid=745) total=66794ms)
08-08 17:24:15.105 D/PowerManagerService(  745): No.1: PARTIAL_WAKE_LOCK 'AudioMix'activated(flags=1, uid=1013, pid=280) total=65654ms)
08-08 17:24:15.105 D/WifiDisplayAdapter(  745): getWifiDisplayStatusLocked: result=WifiDisplayStatus{featureState=2, scanState=0, activeDisplayState=0, activeDisplay=null, displays=[], sessionInfo=WifiDisplaySessionInfo: C/O:Client,GId:,Pp:,SId:0,IP:}
08-08 17:24:15.105 D/PowerManagerService(  745): isWfdEnabled() mWfdStatus=WifiDisplayStatus{featureState=2, scanState=0, activeDisplayState=0, activeDisplay=null, displays=[], sessionInfo=WifiDisplaySessionInfo: C/O:Client,GId:,Pp:,SId:0,IP:}, return false
08-08 17:24:15.105 D/DisplayPowerController(  745): requestPowerState: policy=BRIGHT, useProximitySensor=false, screenBrightness=106, screenAutoBrightnessAdjustment=0.0, useAutoBrightness=false, blockScreenOn=false, lowPowerMode=false, dozeScreenBrightness=-1, dozeScreenState=UNKNOWN, waitForNegativeProximity=false
08-08 17:24:15.105 D/PowerManagerService(  745): MTK-----android
08-08 17:24:15.105 D/PowerManagerService(  745): MTK-----WindowManager
08-08 17:24:15.105 D/PowerManagerService(  745): MTK-----media
08-08 17:24:15.105 D/PowerManagerService(  745): MTK-----AudioMix
08-08 17:24:15.105 D/PowerManagerService(  745): MTK-----android
08-08 17:24:15.105 D/PowerManagerService(  745): MTK-----SyncLoopWakeLock
08-08 17:24:15.105 D/PowerManagerService(  745): wakelock list dump: mLocks.size=3:
08-08 17:24:15.105 D/PowerManagerService(  745): No.0: SCREEN_BRIGHT_WAKE_LOCK 'WindowManager'activated(flags=536870922, uid=1000, pid=745) total=66794ms)
08-08 17:24:15.105 D/PowerManagerService(  745): No.1: PARTIAL_WAKE_LOCK 'AudioMix'activated(flags=1, uid=1013, pid=280) total=65654ms)
08-08 17:24:15.105 D/PowerManagerService(  745): No.2: PARTIAL_WAKE_LOCK 'SyncLoopWakeLock'activated(flags=1, uid=1000, pid=745) total=0ms)
08-08 17:24:15.105 D/WifiDisplayAdapter(  745): getWifiDisplayStatusLocked: result=WifiDisplayStatus{featureState=2, scanState=0, activeDisplayState=0, activeDisplay=null, displays=[], sessionInfo=WifiDisplaySessionInfo: C/O:Client,GId:,Pp:,SId:0,IP:}
08-08 17:24:15.105 D/PowerManagerService(  745): isWfdEnabled() mWfdStatus=WifiDisplayStatus{featureState=2, scanState=0, activeDisplayState=0, activeDisplay=null, displays=[], sessionInfo=WifiDisplaySessionInfo: C/O:Client,GId:,Pp:,SId:0,IP:}, return false
08-08 17:24:15.106 D/DisplayPowerController(  745): requestPowerState: policy=BRIGHT, useProximitySensor=false, screenBrightness=106, screenAutoBrightnessAdjustment=0.0, useAutoBrightness=false, blockScreenOn=false, lowPowerMode=false, dozeScreenBrightness=-1, dozeScreenState=UNKNOWN, waitForNegativeProximity=false
08-08 17:24:15.106 D/PowerManagerNotifier(  745): onWakeLockAcquired: flags=1, tag="SyncLoopWakeLock", packageName=android, ownerUid=1000, ownerPid=745, workSource=null
08-08 17:24:15.107 W/AlarmManager(  745): operation package = android CTS_Alarm = false
08-08 17:24:15.107 V/AlarmManager(  745): isAlarmNeedAlign : screen on, Skip
08-08 17:24:15.107 D/AlarmManager(  745): remove(operation) changed bounds; rebatching
08-08 17:24:15.108 D/AlarmManager(  745): rebatchAllAlarmsLocked begin oldBatches count = 26
08-08 17:24:15.108 V/AlarmManager(  745): isAlarmNeedAlign : screen on, Skip
08-08 17:24:15.108 V/AlarmManager(  745): isAlarmNeedAlign : screen on, Skip
08-08 17:24:15.108 V/AlarmManager(  745): isAlarmNeedAlign : screen on, Skip
08-08 17:24:15.108 V/AlarmManager(  745): isAlarmNeedAlign : screen on, Skip
08-08 17:24:15.108 V/AlarmManager(  745): isAlarmNeedAlign : screen on, Skip
08-08 17:24:15.109 V/AlarmManager(  745): isAlarmNeedAlign : screen on, Skip
08-08 17:24:15.109 V/AlarmManager(  745): isAlarmNeedAlign : screen on, Skip
08-08 17:24:15.109 V/AlarmManager(  745): isAlarmNeedAlign : screen on, Skip
08-08 17:24:15.110 V/AlarmManager(  745): isAlarmNeedAlign : screen on, Skip
08-08 17:24:15.111 V/AlarmManager(  745): isAlarmNeedAlign : screen on, Skip
08-08 17:24:15.112 D/AlarmManager(  745): rebatchAllAlarmsLocked end
08-08 17:24:15.112 D/PowerManagerNotifier(  745): onWakeLockReleased: flags=1, tag="SyncLoopWakeLock", packageName=android, ownerUid=1000, ownerPid=745, workSource=null
08-08 17:24:15.112 D/PowerManagerService(  745): MTK-----android
08-08 17:24:15.112 D/PowerManagerService(  745): MTK-----WindowManager
08-08 17:24:15.112 D/PowerManagerService(  745): MTK-----media
08-08 17:24:15.112 D/PowerManagerService(  745): MTK-----AudioMix
08-08 17:24:15.112 D/PowerManagerService(  745): wakelock list dump: mLocks.size=2:
08-08 17:24:15.112 D/PowerManagerService(  745): No.0: SCREEN_BRIGHT_WAKE_LOCK 'WindowManager'activated(flags=536870922, uid=1000, pid=745) total=66801ms)
08-08 17:24:15.112 D/PowerManagerService(  745): No.1: PARTIAL_WAKE_LOCK 'AudioMix'activated(flags=1, uid=1013, pid=280) total=65661ms)
08-08 17:24:15.113 D/WifiDisplayAdapter(  745): getWifiDisplayStatusLocked: result=WifiDisplayStatus{featureState=2, scanState=0, activeDisplayState=0, activeDisplay=null, displays=[], sessionInfo=WifiDisplaySessionInfo: C/O:Client,GId:,Pp:,SId:0,IP:}
08-08 17:24:15.113 D/PowerManagerService(  745): isWfdEnabled() mWfdStatus=WifiDisplayStatus{featureState=2, scanState=0, activeDisplayState=0, activeDisplay=null, displays=[], sessionInfo=WifiDisplaySessionInfo: C/O:Client,GId:,Pp:,SId:0,IP:}, return false
08-08 17:24:15.113 D/DisplayPowerController(  745): requestPowerState: policy=BRIGHT, useProximitySensor=false, screenBrightness=106, screenAutoBrightnessAdjustment=0.0, useAutoBrightness=false, blockScreenOn=false, lowPowerMode=false, dozeScreenBrightness=-1, dozeScreenState=UNKNOWN, waitForNegativeProximity=false
08-08 17:24:15.131 D/ActivityManager(  745): getContentProviderImpl: from caller=android.app.ApplicationThreadProxy@2be19845 (pid=31237, userId=0) to get content provider com.miui.micloud cpr=null
08-08 17:24:15.167 I/ActivityManager(  745): Start proc com.miui.cloudservice for content provider com.miui.cloudservice/.provider.MiCloudProvider: pid=11092 uid=10038 gids={50038, 9997, 3003, 1028, 1015, 2001} abi=arm64-v8a
08-08 17:24:15.361 D/ActivityManager(  745): getContentProviderImpl: from caller=android.app.ApplicationThreadProxy@35d10b9a (pid=11092, userId=0) to get content provider settings cpr=ContentProviderRecord{b70a7d6 u0 com.android.providers.settings/.SettingsProvider}
08-08 17:24:15.380 D/ActivityThread(11092): hoder:android.app.IActivityManager$ContentProviderHolder@1cf4f654,provider,holder.Provider:android.content.ContentProviderProxy@1052a9fd
08-08 17:24:15.381 V/SettingsProvider(  745): call(system:anr_debugging_mechanism) for 0
08-08 17:24:15.555 W/ResourcesManager(11092): Asset path '/system/framework/cloud-common.jar' does not exist or contains no resources.
08-08 17:24:15.557 W/ResourcesManager(11092): Asset path '/system/framework/miuipushsdkshared.jar' does not exist or contains no resources.
08-08 17:24:15.795 D/ActivityThread(11092): installProvider: context.getPackageName()=com.miui.cloudservice
08-08 17:24:15.803 D/ActivityThread(11092): installProvider: context.getPackageName()=com.miui.cloudservice
08-08 17:24:15.832 D/ActivityThread(11092): installProvider: context.getPackageName()=com.miui.cloudservice
08-08 17:24:15.864 D/ActivityManager(  745): publishContentProviders: from caller=android.app.ApplicationThreadProxy@2ea70ccb (pid=11092)
08-08 17:24:15.872 D/ActivityThread(31237): hoder:android.app.IActivityManager$ContentProviderHolder@94fe949,provider,holder.Provider:android.content.ContentProviderProxy@790c24e
08-08 17:24:15.894 D/ActivityThread(31237): SVC-SERVICE_ARGS handled : 0 / ServiceArgsData{token=android.os.BinderProxy@3dc8bbec startId=193 args=Intent { pkg=com.miui.cloudservice cmp=com.miui.cloudservice/.state.MiCloudSyncStateService }}
08-08 17:24:15.909 D/ActivityManager(  745): getContentProviderImpl: from caller=android.app.ApplicationThreadProxy@228873c1 (pid=31237, userId=0) to get content provider com.miui.micloud cpr=ContentProviderRecord{fa44766 u0 com.miui.cloudservice/.provider.MiCloudProvider}
08-08 17:24:15.910 D/ActivityThread(31237): hoder:android.app.IActivityManager$ContentProviderHolder@2f24d105,provider,holder.Provider:android.content.ContentProviderProxy@393ab55a
08-08 17:24:15.935 D/ActivityThread( 1103): SVC-SERVICE_ARGS handled : 0 / ServiceArgsData{token=android.os.BinderProxy@265a95b2 startId=528 args=Intent { act=android.intent.action.XIAOMI_ACTIVATE_PHONE pkg=com.xiaomi.xmsf }}
08-08 17:24:16.055 W/ActivityManager(  745): getRunningAppProcesses: caller 10038 does not hold REAL_GET_TASKS; limiting output
08-08 17:24:16.060 W/ActivityManager(  745): getRunningAppProcesses: caller 10038 does not hold REAL_GET_TASKS; limiting output
08-08 17:24:16.088 D/ActivityThread(11092): BIND_APPLICATION handled : 0 / AppBindData{appInfo=ApplicationInfo{2f95224a com.miui.cloudservice}}
08-08 17:24:16.092 D/ActivityThread( 1234): SVC-SERVICE_ARGS handled : 0 / ServiceArgsData{token=android.os.BinderProxy@3443cfa5 startId=1774 args=Intent { act=android.intent.action.MAIN cmp=com.miui.core/com.miui.internal.server.CoreService }}
08-08 17:24:16.096 D/ActivityThread(11092): SVC-Creating service: CreateServiceData{token=android.os.BinderProxy@22e55bb className=com.miui.cloudservice.sync.AlertSyncService packageName=com.miui.cloudservice intent=null}
08-08 17:24:16.097 D/ActivityThread(11092): SVC-CREATE_SERVICE handled : 0 / CreateServiceData{token=android.os.BinderProxy@22e55bb className=com.miui.cloudservice.sync.AlertSyncService packageName=com.miui.cloudservice intent=null}
08-08 17:24:16.097 D/ActivityThread(11092): SVC-SERVICE_ARGS handled : 0 / ServiceArgsData{token=android.os.BinderProxy@22e55bb startId=1 args=Intent { cmp=com.miui.cloudservice/.sync.AlertSyncService }}
08-08 17:24:16.111 D/ActivityThread(11092): SVC-Creating service: CreateServiceData{token=android.os.BinderProxy@ec5be31 className=com.miui.cloudservice.push.MicloudPushService packageName=com.miui.cloudservice intent=null}
08-08 17:24:16.112 D/ActivityThread( 1103): SVC-SERVICE_ARGS handled : 0 / ServiceArgsData{token=android.os.BinderProxy@265a95b2 startId=529 args=Intent { act=android.intent.action.XIAOMI_ACTIVATE_PHONE pkg=com.xiaomi.xmsf }}
08-08 17:24:16.114 D/ActivityThread(11092): SVC-CREATE_SERVICE handled : 0 / CreateServiceData{token=android.os.BinderProxy@ec5be31 className=com.miui.cloudservice.push.MicloudPushService packageName=com.miui.cloudservice intent=null}
08-08 17:24:16.115 D/ActivityThread(11092): SVC-SERVICE_ARGS handled : 0 / ServiceArgsData{token=android.os.BinderProxy@ec5be31 startId=1 args=Intent { act=com.miui.cloudservice.open_channel_5_oncreate_app pkg=com.miui.cloudservice cmp=com.miui.cloudservice/.push.MicloudPushService }}
08-08 17:24:16.118 D/ActivityThread(11092): SVC-Creating service: CreateServiceData{token=android.os.BinderProxy@2e6c9c84 className=com.miui.cloudservice.finddevice.FindDeviceGuideService packageName=com.miui.cloudservice intent=null}
08-08 17:24:16.125 D/ActivityThread(11092): SVC-CREATE_SERVICE handled : 0 / CreateServiceData{token=android.os.BinderProxy@2e6c9c84 className=com.miui.cloudservice.finddevice.FindDeviceGuideService packageName=com.miui.cloudservice intent=null}
08-08 17:24:16.125 D/ActivityThread(11092): SVC-SERVICE_ARGS handled : 0 / ServiceArgsData{token=android.os.BinderProxy@2e6c9c84 startId=1 args=Intent { act=com.miui.cloudservice.action.finddevice.CHECK_TIME_SHOW_NOTIFICATION pkg=com.miui.cloudservice cmp=com.miui.cloudservice/.finddevice.FindDeviceGuideService }}
08-08 17:24:16.173 D/ActivityThread( 1586): SVC-Creating service: CreateServiceData{token=android.os.BinderProxy@269f2f15 className=com.xiaomi.finddevice.v2.FindDeviceStatusManagerService packageName=com.xiaomi.finddevice intent=null}
08-08 17:24:16.173 W/ActivityManager(  745): getRunningAppProcesses: caller 10038 does not hold REAL_GET_TASKS; limiting output
08-08 17:24:16.176 D/ActivityThread( 1586): SVC-CREATE_SERVICE handled : 0 / CreateServiceData{token=android.os.BinderProxy@269f2f15 className=com.xiaomi.finddevice.v2.FindDeviceStatusManagerService packageName=com.xiaomi.finddevice intent=null}
08-08 17:24:16.181 D/ActivityThread( 1586): SVC-BIND_SERVICE handled : 0 / BindServiceData{token=android.os.BinderProxy@269f2f15 intent=Intent { cmp=com.xiaomi.finddevice/.v2.FindDeviceStatusManagerService }}
08-08 17:24:16.221 W/AlarmManager(  745): operation package = com.miui.cloudservice CTS_Alarm = false
08-08 17:24:16.222 D/AlarmManager(  745): remove(operation) changed bounds; rebatching
08-08 17:24:16.222 D/AlarmManager(  745): rebatchAllAlarmsLocked begin oldBatches count = 26
08-08 17:24:16.222 V/AlarmManager(  745): isAlarmNeedAlign : screen on, Skip
08-08 17:24:16.223 V/AlarmManager(  745): isAlarmNeedAlign : screen on, Skip
08-08 17:24:16.223 V/AlarmManager(  745): isAlarmNeedAlign : screen on, Skip
08-08 17:24:16.223 V/AlarmManager(  745): isAlarmNeedAlign : screen on, Skip
08-08 17:24:16.223 V/AlarmManager(  745): isAlarmNeedAlign : screen on, Skip
08-08 17:24:16.223 V/AlarmManager(  745): isAlarmNeedAlign : screen on, Skip
08-08 17:24:16.223 V/AlarmManager(  745): isAlarmNeedAlign : screen on, Skip
08-08 17:24:16.223 V/AlarmManager(  745): isAlarmNeedAlign : screen on, Skip
08-08 17:24:16.224 V/AlarmManager(  745): isAlarmNeedAlign : screen on, Skip
08-08 17:24:16.225 V/AlarmManager(  745): isAlarmNeedAlign : screen on, Skip
08-08 17:24:16.227 D/AlarmManager(  745): rebatchAllAlarmsLocked end
08-08 17:24:16.228 D/ActivityThread(11092): SVC-Destroying service: com.miui.cloudservice.sync.AlertSyncService@157baad8
08-08 17:24:16.228 D/ActivityThread(11092): SVC-STOP_SERVICE handled : 0 / android.os.BinderProxy@22e55bb
08-08 17:24:16.237 D/ActivityThread(11092): SVC-Destroying service: com.miui.cloudservice.finddevice.FindDeviceGuideService@2e070c6d
08-08 17:24:16.238 D/ActivityThread(11092): SVC-STOP_SERVICE handled : 0 / android.os.BinderProxy@2e6c9c84
08-08 17:24:16.253 V/SettingsProvider(  745): call(secure:android_id) for 0
08-08 17:24:16.283 D/ActivityThread(11092): SVC-Creating service: CreateServiceData{token=android.os.BinderProxy@2f5ecd26 className=com.xiaomi.mipush.sdk.PushMessageHandler packageName=com.miui.cloudservice intent=null}
08-08 17:24:16.285 D/ActivityThread(11092): SVC-CREATE_SERVICE handled : 0 / CreateServiceData{token=android.os.BinderProxy@2f5ecd26 className=com.xiaomi.mipush.sdk.PushMessageHandler packageName=com.miui.cloudservice intent=null}
08-08 17:24:16.285 D/ActivityThread(11092): SVC-SERVICE_ARGS handled : 0 / ServiceArgsData{token=android.os.BinderProxy@2f5ecd26 startId=1 args=Intent { act=com.xiaomi.mipush.RECEIVE_MESSAGE cmp=com.miui.cloudservice/com.xiaomi.mipush.sdk.PushMessageHandler (has extras) }}
08-08 17:24:16.286 D/ActivityThread(11092): SVC-SERVICE_ARGS handled : 0 / ServiceArgsData{token=android.os.BinderProxy@2f5ecd26 startId=2 args=Intent { act=com.xiaomi.mipush.RECEIVE_MESSAGE cmp=com.miui.cloudservice/com.xiaomi.mipush.sdk.PushMessageHandler (has extras) }}
08-08 17:24:16.311 D/ActivityThread(11092): SVC-Creating service: CreateServiceData{token=android.os.BinderProxy@10d85afe className=com.xiaomi.mipush.sdk.MessageHandleService packageName=com.miui.cloudservice intent=null}
08-08 17:24:16.313 D/ActivityThread( 1103): SVC-SERVICE_ARGS handled : 0 / ServiceArgsData{token=android.os.BinderProxy@d47454d startId=6170 args=Intent { pkg=com.xiaomi.xmsf cmp=com.xiaomi.xmsf/com.xiaomi.push.service.XMPushService (has extras) }}
08-08 17:24:16.318 D/ActivityThread(11092): SVC-CREATE_SERVICE handled : 0 / CreateServiceData{token=android.os.BinderProxy@10d85afe className=com.xiaomi.mipush.sdk.MessageHandleService packageName=com.miui.cloudservice intent=null}
08-08 17:24:16.318 D/ActivityThread(11092): SVC-SERVICE_ARGS handled : 0 / ServiceArgsData{token=android.os.BinderProxy@10d85afe startId=1 args=Intent { cmp=com.miui.cloudservice/com.xiaomi.mipush.sdk.MessageHandleService }}
08-08 17:24:16.329 D/ActivityThread(11092): SVC-SERVICE_ARGS handled : 0 / ServiceArgsData{token=android.os.BinderProxy@10d85afe startId=2 args=Intent { cmp=com.miui.cloudservice/com.xiaomi.mipush.sdk.MessageHandleService }}
08-08 17:24:16.340 D/ActivityThread(11092): SVC-Destroying service: com.xiaomi.mipush.sdk.PushMessageHandler@27da2903
08-08 17:24:16.341 D/ActivityThread(11092): SVC-STOP_SERVICE handled : 0 / android.os.BinderProxy@2f5ecd26
08-08 17:24:16.382 D/ActivityThread(11092): SVC-Destroying service: com.xiaomi.mipush.sdk.MessageHandleService@364c525f
08-08 17:24:16.382 D/ActivityThread(11092): SVC-STOP_SERVICE handled : 0 / android.os.BinderProxy@10d85afe
08-08 17:24:16.387 D/ActivityThread(11092): SVC-Destroying service: com.miui.cloudservice.push.MicloudPushService@14629297
08-08 17:24:16.388 D/ActivityThread(11092): SVC-STOP_SERVICE handled : 0 / android.os.BinderProxy@ec5be31
08-08 17:24:16.406 D/ActivityThread( 1103): SVC-SERVICE_ARGS handled : 0 / ServiceArgsData{token=android.os.BinderProxy@d47454d startId=6171 args=Intent { act=com.xiaomi.mipush.SEND_MESSAGE pkg=com.xiaomi.xmsf cmp=com.xiaomi.xmsf/com.xiaomi.push.service.XMPushService (has extras) }}
08-08 17:24:16.411 D/ActivityThread( 1103): SVC-SERVICE_ARGS handled : 0 / ServiceArgsData{token=android.os.BinderProxy@d47454d startId=6172 args=Intent { act=com.xiaomi.mipush.SEND_MESSAGE pkg=com.xiaomi.xmsf cmp=com.xiaomi.xmsf/com.xiaomi.push.service.XMPushService (has extras) }}
08-08 17:24:16.434 V/ActivityManager(  745): Broadcast: Intent { act=com.xiaomi.mipush.RECEIVE_MESSAGE flg=0x10 pkg=com.miui.cloudservice (has extras) } ordered=false userid=0 callerApp=ProcessRecord{1de52ea2 1103:com.xiaomi.xmsf/u0a89}
08-08 17:24:16.436 D/ActivityThread(11092): BDC-Calling onReceive: intent=Intent { act=com.xiaomi.mipush.RECEIVE_MESSAGE flg=0x10 pkg=com.miui.cloudservice cmp=com.miui.cloudservice/.push.MiPushMessageReceiver (has extras) }, receiver=com.miui.cloudservice.push.MiPushMessageReceiver@517e8ba
08-08 17:24:16.445 D/ActivityThread(11092): BDC-RECEIVER handled : 0 / ReceiverData{intent=Intent { act=com.xiaomi.mipush.RECEIVE_MESSAGE flg=0x10 pkg=com.miui.cloudservice cmp=com.miui.cloudservice/.push.MiPushMessageReceiver (has extras) } packageName=com.miui.cloudservice resultCode=-1 resultData=null resultExtras=null}
08-08 17:24:16.445 D/ActivityThread(11092): SVC-Creating service: CreateServiceData{token=android.os.BinderProxy@2df2f36b className=com.xiaomi.mipush.sdk.MessageHandleService packageName=com.miui.cloudservice intent=null}
08-08 17:24:16.448 D/ActivityThread(11092): SVC-CREATE_SERVICE handled : 0 / CreateServiceData{token=android.os.BinderProxy@2df2f36b className=com.xiaomi.mipush.sdk.MessageHandleService packageName=com.miui.cloudservice intent=null}
08-08 17:24:16.448 D/ActivityThread(11092): SVC-SERVICE_ARGS handled : 0 / ServiceArgsData{token=android.os.BinderProxy@2df2f36b startId=1 args=Intent { cmp=com.miui.cloudservice/com.xiaomi.mipush.sdk.MessageHandleService }}
08-08 17:24:16.554 D/ActivityThread(11092): SVC-Destroying service: com.xiaomi.mipush.sdk.MessageHandleService@65e6ec8
08-08 17:24:16.554 D/ActivityThread(11092): SVC-STOP_SERVICE handled : 0 / android.os.BinderProxy@2df2f36b
08-08 17:24:16.570 I/ANRManager(  745): updateProcessStats
08-08 17:24:17.913 V/ActivityManager(  745): Broadcast sticky: Intent { act=android.net.wifi.RSSI_CHANGED flg=0x4000010 (has extras) } ordered=false userid=-1 callerApp=ProcessRecord{2a5e56e 745:system/1000}
08-08 17:24:18.386 I/thermal_repeater(  302): oh, queryMdThermalInfo (0)Bad file number
08-08 17:24:18.399 I/thermal_repeater(  302): [recvMdThermalInfo] ret=27, strLen=127,  3, 44, -127, -1, 32767, 17
08-08 17:24:18.725 V/ActivityManager(  745): Broadcast sticky: Intent { act=android.intent.action.BATTERY_CHANGED flg=0x60000010 (has extras) } ordered=false userid=-1 callerApp=null
08-08 17:24:18.729 D/UsbDeviceManager(  745): onReceive - BATTERY_CHANGED - mPlugType: 2, mSettingUsbCharging: false, mConnected: true, mSettingUsbBicr: false
08-08 17:24:18.730 D/WifiService(  745): onReceive, action:android.intent.action.BATTERY_CHANGED
08-08 17:24:18.730 D/WifiController(  745): DeviceActiveState{ when=0 what=155652 arg1=2 target=com.android.internal.util.StateMachine$SmHandler }
08-08 17:24:18.730 D/WifiController(  745): StaEnabledState{ when=0 what=155652 arg1=2 target=com.android.internal.util.StateMachine$SmHandler }
08-08 17:24:18.730 D/WifiController(  745): DefaultState{ when=0 what=155652 arg1=2 target=com.android.internal.util.StateMachine$SmHandler }
08-08 17:24:18.730 D/WifiController(  745): battery changed pluggedType: 2
08-08 17:24:20.924 V/ActivityManager(  745): Broadcast sticky: Intent { act=android.net.wifi.RSSI_CHANGED flg=0x4000010 (has extras) } ordered=false userid=-1 callerApp=ProcessRecord{2a5e56e 745:system/1000}
08-08 17:24:23.410 I/thermal_repeater(  302): oh, queryMdThermalInfo (0)Bad file number
08-08 17:24:23.425 I/thermal_repeater(  302): [recvMdThermalInfo] ret=27, strLen=127,  3, 44, -127, -1, 32767, 17
08-08 17:24:23.854 D/SocketClient(  272): SocketClient sendData done: 
08-08 17:24:23.878 D/FrameworkListener(  272): dispatchCommand data = (getaddrinfo data.game.xiaomi.com ^ 1024 0 1 0 0)
08-08 17:24:23.882 D/SocketClient(  272): SocketClient sendData done: 222
08-08 17:24:23.882 D/SocketClient(  272): SocketClient sendData done: 
08-08 17:24:23.882 D/SocketClient(  272): SocketClient sendData done: 
08-08 17:24:23.882 D/SocketClient(  272): SocketClient sendData done: 
08-08 17:24:23.882 D/SocketClient(  272): SocketClient sendData done: 
08-08 17:24:23.882 D/SocketClient(  272): SocketClient sendData done: 
08-08 17:24:23.882 D/SocketClient(  272): SocketClient sendData done: 
08-08 17:24:23.882 D/SocketClient(  272): SocketClient sendData done: 
08-08 17:24:23.882 D/SocketClient(  272): SocketClient sendData done: 
08-08 17:24:23.882 D/SocketClient(  272): SocketClient sendData done: 
08-08 17:24:23.882 D/SocketClient(  272): SocketClient sendData done: 
08-08 17:24:23.883 D/SocketClient(  272): SocketClient sendData done: 
08-08 17:24:23.885 D/SocketClient(  272): SocketClient sendData done: 
08-08 17:24:23.956 V/ActivityManager(  745): Broadcast sticky: Intent { act=android.net.wifi.RSSI_CHANGED flg=0x4000010 (has extras) } ordered=false userid=-1 callerApp=ProcessRecord{2a5e56e 745:system/1000}
08-08 17:24:24.238 V/ActivityManager(  745): Broadcast sticky: Intent { act=android.intent.action.SIG_STR flg=0x20000010 (has extras) } ordered=false userid=-1 callerApp=ProcessRecord{2a5e56e 745:system/1000}
08-08 17:24:25.377 I/ANRManager(  745): updateProcessStats
08-08 17:24:25.431 I/ANRManager(  745): CPU update time < 2.5sec
08-08 17:24:26.975 V/ActivityManager(  745): Broadcast sticky: Intent { act=android.net.wifi.RSSI_CHANGED flg=0x4000010 (has extras) } ordered=false userid=-1 callerApp=ProcessRecord{2a5e56e 745:system/1000}
08-08 17:24:27.951 I/ANRManager(  745): updateProcessStats
08-08 17:24:28.431 I/thermal_repeater(  302): oh, queryMdThermalInfo (0)Bad file number
08-08 17:24:28.474 I/thermal_repeater(  302): [recvMdThermalInfo] ret=27, strLen=127,  3, 44, -127, -1, 32767, 17
08-08 17:24:28.715 V/ActivityManager(  745): Broadcast sticky: Intent { act=android.intent.action.BATTERY_CHANGED flg=0x60000010 (has extras) } ordered=false userid=-1 callerApp=null
08-08 17:24:28.717 D/UsbDeviceManager(  745): onReceive - BATTERY_CHANGED - mPlugType: 2, mSettingUsbCharging: false, mConnected: true, mSettingUsbBicr: false
08-08 17:24:28.717 D/WifiService(  745): onReceive, action:android.intent.action.BATTERY_CHANGED
08-08 17:24:28.718 D/WifiController(  745): DeviceActiveState{ when=-1ms what=155652 arg1=2 target=com.android.internal.util.StateMachine$SmHandler }
08-08 17:24:28.718 D/WifiController(  745): StaEnabledState{ when=-1ms what=155652 arg1=2 target=com.android.internal.util.StateMachine$SmHandler }
08-08 17:24:28.718 D/WifiController(  745): DefaultState{ when=-1ms what=155652 arg1=2 target=com.android.internal.util.StateMachine$SmHandler }
08-08 17:24:28.718 D/WifiController(  745): battery changed pluggedType: 2
08-08 17:24:28.733 V/ActivityManager(  745): Broadcast sticky: Intent { act=android.intent.action.BATTERY_CHANGED flg=0x60000010 (has extras) } ordered=false userid=-1 callerApp=null
08-08 17:24:28.737 D/UsbDeviceManager(  745): onReceive - BATTERY_CHANGED - mPlugType: 2, mSettingUsbCharging: false, mConnected: true, mSettingUsbBicr: false
08-08 17:24:28.737 D/WifiService(  745): onReceive, action:android.intent.action.BATTERY_CHANGED
08-08 17:24:28.737 D/WifiController(  745): DeviceActiveState{ when=0 what=155652 arg1=2 target=com.android.internal.util.StateMachine$SmHandler }
08-08 17:24:28.737 D/WifiController(  745): StaEnabledState{ when=0 what=155652 arg1=2 target=com.android.internal.util.StateMachine$SmHandler }
08-08 17:24:28.737 D/WifiController(  745): DefaultState{ when=0 what=155652 arg1=2 target=com.android.internal.util.StateMachine$SmHandler }
08-08 17:24:28.737 D/WifiController(  745): battery changed pluggedType: 2
08-08 17:24:29.211 I/ANRManager(  745): CPU update time < 2.5sec
08-08 17:24:29.219 I/ANRManager(  745): CPU update time < 2.5sec
08-08 17:24:29.268 I/ANRManager(  745): CPU update time < 2.5sec
08-08 17:24:29.356 V/ActivityManager(  745): Broadcast sticky: Intent { act=android.intent.action.SIG_STR flg=0x20000010 (has extras) } ordered=false userid=-1 callerApp=ProcessRecord{2a5e56e 745:system/1000}
08-08 17:24:29.422 I/ANRManager(  745): CPU update time < 2.5sec
08-08 17:24:29.444 I/ANRManager(  745): CPU update time < 2.5sec
08-08 17:24:29.492 I/ANRManager(  745): CPU update time < 2.5sec
08-08 17:24:29.526 D/SocketClient(  272): SocketClient sendData done: 601 limit alert globalAlert wlan0
08-08 17:24:29.527 D/NetworkManagementService(  745): onEvent:601 limit alert globalAlert wlan0:5
08-08 17:24:29.528 D/PowerManagerService(  745): MTK-----android
08-08 17:24:29.529 D/PowerManagerService(  745): MTK-----WindowManager
08-08 17:24:29.529 D/PowerManagerService(  745): MTK-----media
08-08 17:24:29.529 D/PowerManagerService(  745): MTK-----AudioMix
08-08 17:24:29.529 D/PowerManagerService(  745): MTK-----android
08-08 17:24:29.529 D/PowerManagerService(  745): MTK-----NetworkStats
08-08 17:24:29.529 D/PowerManagerService(  745): wakelock list dump: mLocks.size=3:
08-08 17:24:29.529 D/PowerManagerService(  745): No.0: SCREEN_BRIGHT_WAKE_LOCK 'WindowManager'activated(flags=536870922, uid=1000, pid=745) total=81218ms)
08-08 17:24:29.529 D/PowerManagerService(  745): No.1: PARTIAL_WAKE_LOCK 'AudioMix'activated(flags=1, uid=1013, pid=280) total=80078ms)
08-08 17:24:29.529 D/PowerManagerService(  745): No.2: PARTIAL_WAKE_LOCK 'NetworkStats'activated(flags=1, uid=1000, pid=745) total=2ms)
08-08 17:24:29.529 D/WifiDisplayAdapter(  745): getWifiDisplayStatusLocked: result=WifiDisplayStatus{featureState=2, scanState=0, activeDisplayState=0, activeDisplay=null, displays=[], sessionInfo=WifiDisplaySessionInfo: C/O:Client,GId:,Pp:,SId:0,IP:}
08-08 17:24:29.529 D/PowerManagerService(  745): isWfdEnabled() mWfdStatus=WifiDisplayStatus{featureState=2, scanState=0, activeDisplayState=0, activeDisplay=null, displays=[], sessionInfo=WifiDisplaySessionInfo: C/O:Client,GId:,Pp:,SId:0,IP:}, return false
08-08 17:24:29.529 D/DisplayPowerController(  745): requestPowerState: policy=BRIGHT, useProximitySensor=false, screenBrightness=106, screenAutoBrightnessAdjustment=0.0, useAutoBrightness=false, blockScreenOn=false, lowPowerMode=false, dozeScreenBrightness=-1, dozeScreenState=UNKNOWN, waitForNegativeProximity=false
08-08 17:24:29.529 D/PowerManagerNotifier(  745): onWakeLockAcquired: flags=1, tag="NetworkStats", packageName=android, ownerUid=1000, ownerPid=745, workSource=null
08-08 17:24:29.530 V/NetworkStats(  745): performPollLocked(flags=0x1)
08-08 17:24:29.533 D/NetdConnector(  745): SND -> {7000 bandwidth gettetherstats}
08-08 17:24:29.533 D/FrameworkListener(  272): dispatchCommand data = (7000 bandwidth gettetherstats)
08-08 17:24:29.533 D/SocketClient(  272): SocketClient sendData done: 200 7000 Tethering stats list completed
08-08 17:24:29.533 D/NetdConnector(  745): RMV <- {200 7000 Tethering stats list completed}
08-08 17:24:29.535 W/NetworkStatsRecorder(  745): unknown interfaces [usbnet0, lo, p2p0], ignoring those stats
08-08 17:24:29.535 W/NetworkStatsRecorder(  745): unknown interfaces [usbnet0, lo, p2p0], ignoring those stats
08-08 17:24:29.536 W/NetworkStatsRecorder(  745): unknown interfaces [lo, p2p0], ignoring those stats
08-08 17:24:29.536 W/NetworkStatsRecorder(  745): unknown interfaces [lo, p2p0], ignoring those stats
08-08 17:24:29.536 D/NetworkStatsRecorder(  745): forcePersistLocked() writing for dev
08-08 17:24:29.564 I/ANRManager(  745): CPU update time < 2.5sec
08-08 17:24:29.572 I/ANRManager(  745): CPU update time < 2.5sec
08-08 17:24:29.584 D/NetworkStatsRecorder(  745): forcePersistLocked() writing for xt
08-08 17:24:29.601 V/NetworkStats(  745): performPollLocked() took 72ms
08-08 17:24:29.611 V/ActivityManager(  745): Broadcast: Intent { act=com.android.server.action.NETWORK_STATS_UPDATED flg=0x40000010 } ordered=false userid=-1 callerApp=ProcessRecord{2a5e56e 745:system/1000}
08-08 17:24:29.611 I/ANRManager(  745): CPU update time < 2.5sec
08-08 17:24:29.613 W/ContextImpl( 1126): Calling a method in the system process without a qualified user: android.app.ContextImpl.sendBroadcast:1442 android.content.ContextWrapper.sendBroadcast:376 com.miui.networkassistant.service.tm.TrafficManageService.broadCastDataUsageUpdated:-1 com.miui.networkassistant.service.tm.TrafficManageService$8.onReceive:-1 android.app.LoadedApk$ReceiverDispatcher$Args.run:914 
08-08 17:24:29.614 V/ActivityManager(  745): Broadcast: Intent { act=com.android.action.NETWORK_POLICY_UPDATE flg=0x10 } ordered=false userid=0 callerApp=ProcessRecord{3ac22483 1126:com.miui.networkassistant.deamon/1000}
08-08 17:24:29.619 D/ActivityThread(  978): BDC-Calling onReceive: intent=Intent { act=com.android.action.NETWORK_POLICY_UPDATE flg=0x10 cmp=com.android.providers.downloads/.receiver.DataUsageRecevier }, receiver=com.android.providers.downloads.receiver.DataUsageRecevier@2b5c4ed2
08-08 17:24:29.623 V/NetworkPolicy(  745): updateNetworkEnabledLocked()
08-08 17:24:29.626 D/ActivityThread(  978): BDC-RECEIVER handled : 0 / ReceiverData{intent=Intent { act=com.android.action.NETWORK_POLICY_UPDATE flg=0x10 cmp=com.android.providers.downloads/.receiver.DataUsageRecevier } packageName=com.android.providers.downloads resultCode=-1 resultData=null resultExtras=null}
08-08 17:24:29.626 V/NetworkPolicy(  745):  checking policy:NetworkPolicy[NetworkTemplate: matchRule=WIFI_WILDCARD]: cycleDay=-1, cycleTimezone=UTC, warningBytes=-1, limitBytes=9223372036854775807, lastWarningSnooze=-1, lastLimitSnooze=-1, metered=false, inferred=false
08-08 17:24:29.626 V/NetworkPolicy(  745):  checking policy:NetworkPolicy[NetworkTemplate: matchRule=MOBILE_ALL]: cycleDay=20, cycleTimezone=Asia/Shanghai, warningBytes=10485760, limitBytes=-1, lastWarningSnooze=-1, lastLimitSnooze=-1, metered=true, inferred=true
08-08 17:24:29.628 I/ANRManager(  745): CPU update time < 2.5sec
08-08 17:24:29.628 D/PowerManagerNotifier(  745): onWakeLockReleased: flags=1, tag="NetworkStats", packageName=android, ownerUid=1000, ownerPid=745, workSource=null
08-08 17:24:29.629 D/PowerManagerService(  745): MTK-----android
08-08 17:24:29.629 D/PowerManagerService(  745): MTK-----WindowManager
08-08 17:24:29.629 D/PowerManagerService(  745): MTK-----media
08-08 17:24:29.629 D/PowerManagerService(  745): MTK-----AudioMix
08-08 17:24:29.629 D/PowerManagerService(  745): wakelock list dump: mLocks.size=2:
08-08 17:24:29.630 D/PowerManagerService(  745): No.0: SCREEN_BRIGHT_WAKE_LOCK 'WindowManager'activated(flags=536870922, uid=1000, pid=745) total=81319ms)
08-08 17:24:29.630 D/PowerManagerService(  745): No.1: PARTIAL_WAKE_LOCK 'AudioMix'activated(flags=1, uid=1013, pid=280) total=80179ms)
08-08 17:24:29.630 D/WifiDisplayAdapter(  745): getWifiDisplayStatusLocked: result=WifiDisplayStatus{featureState=2, scanState=0, activeDisplayState=0, activeDisplay=null, displays=[], sessionInfo=WifiDisplaySessionInfo: C/O:Client,GId:,Pp:,SId:0,IP:}
08-08 17:24:29.630 D/PowerManagerService(  745): isWfdEnabled() mWfdStatus=WifiDisplayStatus{featureState=2, scanState=0, activeDisplayState=0, activeDisplay=null, displays=[], sessionInfo=WifiDisplaySessionInfo: C/O:Client,GId:,Pp:,SId:0,IP:}, return false
08-08 17:24:29.630 D/DisplayPowerController(  745): requestPowerState: policy=BRIGHT, useProximitySensor=false, screenBrightness=106, screenAutoBrightnessAdjustment=0.0, useAutoBrightness=false, blockScreenOn=false, lowPowerMode=false, dozeScreenBrightness=-1, dozeScreenState=UNKNOWN, waitForNegativeProximity=false
08-08 17:24:29.631 D/NetdConnector(  745): SND -> {7001 bandwidth setglobalalert 2097152}
08-08 17:24:29.631 D/FrameworkListener(  272): dispatchCommand data = (7001 bandwidth setglobalalert 2097152)
08-08 17:24:29.631 D/SocketClient(  272): SocketClient sendData done: 200 7001 Bandwidth command succeeeded
08-08 17:24:29.632 D/NetdConnector(  745): RMV <- {200 7001 Bandwidth command succeeeded}
08-08 17:24:29.633 V/NetworkPolicy(  745):  checking policy:NetworkPolicy[NetworkTemplate: matchRule=MOBILE_ALL, subscriberId=460011...]: cycleDay=1, cycleTimezone=Asia/Shanghai, warningBytes=10485760, limitBytes=-1, lastWarningSnooze=-1, lastLimitSnooze=-1, metered=true, inferred=true
08-08 17:24:29.635 V/NetworkPolicy(  745): setPolicyDataEnableForSubscriber:subId(1),true
08-08 17:24:29.636 V/NetworkPolicy(  745): updateNotificationsLocked()
08-08 17:24:29.640 I/ANRManager(  745): CPU update time < 2.5sec
08-08 17:24:29.680 I/ANRManager(  745): CPU update time < 2.5sec
08-08 17:24:29.709 I/ANRManager(  745): CPU update time < 2.5sec
08-08 17:24:29.714 I/ANRManager(  745): CPU update time < 2.5sec
08-08 17:24:29.720 I/ANRManager(  745): CPU update time < 2.5sec
08-08 17:24:29.770 I/ANRManager(  745): CPU update time < 2.5sec
08-08 17:24:29.889 I/ANRManager(  745): CPU update time < 2.5sec
08-08 17:24:29.987 V/ActivityManager(  745): Broadcast sticky: Intent { act=android.net.wifi.RSSI_CHANGED flg=0x4000010 (has extras) } ordered=false userid=-1 callerApp=ProcessRecord{2a5e56e 745:system/1000}
08-08 17:24:30.039 W/Watchdog(  745): SWT Watchdog after wait current time:360496471
08-08 17:24:30.039 W/Watchdog(  745): **Get SF Time **1
08-08 17:24:30.039 W/Watchdog(  745): SWT Watchdog before synchronized:360496471
08-08 17:24:30.039 W/Watchdog(  745): SWT Watchdog after synchronized:360496471
08-08 17:24:30.039 W/Watchdog(  745): SWT Watchdog before wait timeout:30000
08-08 17:24:30.039 W/Watchdog(  745): SWT Watchdog before wait current time:360496471
08-08 17:24:30.039 W/Watchdog(  745): SWT Watchdog before wait start:360496471
08-08 17:24:30.039 W/Watchdog(  745): SWT Watchdog before wait CHECK_INTERVAL:30000
08-08 17:24:32.998 V/ActivityManager(  745): Broadcast sticky: Intent { act=android.net.wifi.RSSI_CHANGED flg=0x4000010 (has extras) } ordered=false userid=-1 callerApp=ProcessRecord{2a5e56e 745:system/1000}
08-08 17:24:33.480 I/thermal_repeater(  302): oh, queryMdThermalInfo (0)Bad file number
08-08 17:24:33.496 I/thermal_repeater(  302): [recvMdThermalInfo] ret=27, strLen=127,  3, 44, -127, -1, 32767, 17
08-08 17:24:34.498 V/ActivityManager(  745): Broadcast sticky: Intent { act=android.intent.action.SIG_STR flg=0x20000010 (has extras) } ordered=false userid=-1 callerApp=ProcessRecord{2a5e56e 745:system/1000}
08-08 17:24:34.792 W/ActivityManager(  745): getRunningAppProcesses: caller 10175 does not hold REAL_GET_TASKS; limiting output
08-08 17:24:36.007 V/ActivityManager(  745): Broadcast sticky: Intent { act=android.net.wifi.RSSI_CHANGED flg=0x4000010 (has extras) } ordered=false userid=-1 callerApp=ProcessRecord{2a5e56e 745:system/1000}
08-08 17:24:36.326 D/AlarmManager(  745): set alarm to RTC 539700001
08-08 17:24:36.327 D/AlarmManager(  745): set alarm to RTC 539626115
08-08 17:24:36.327 D/AlarmManager(  745): wakeup alarm = Alarm{3da85fd8 type 0 when 1470648276327 com.xiaomi.shop}; package = com.xiaomi.shop
08-08 17:24:36.327 I/ActivityManager(  745): [Background Service Priority Adjustment] Set callerFg as false for service.getFlags():260
08-08 17:24:36.329 D/PowerManagerService(  745): MTK-----android
08-08 17:24:36.329 D/PowerManagerService(  745): MTK-----WindowManager
08-08 17:24:36.329 D/PowerManagerService(  745): MTK-----media
08-08 17:24:36.329 D/PowerManagerService(  745): MTK-----AudioMix
08-08 17:24:36.329 D/PowerManagerService(  745): MTK-----android
08-08 17:24:36.329 D/PowerManagerService(  745): MTK-----*alarm*
08-08 17:24:36.330 D/PowerManagerService(  745): wakelock list dump: mLocks.size=3:
08-08 17:24:36.330 D/PowerManagerService(  745): No.0: SCREEN_BRIGHT_WAKE_LOCK 'WindowManager'activated(flags=536870922, uid=1000, pid=745) total=88019ms)
08-08 17:24:36.330 D/PowerManagerService(  745): No.1: PARTIAL_WAKE_LOCK 'AudioMix'activated(flags=1, uid=1013, pid=280) total=86879ms)
08-08 17:24:36.330 D/PowerManagerService(  745): No.2: PARTIAL_WAKE_LOCK '*alarm*'activated(flags=1, uid=1000, pid=745) total=1ms)
